<html>
<body>
<pre>
<h1>µVision Build Log</h1>
<h2>Project:</h2>
I:\IMU\wirelessAHRS\wireless_BOX\AHRS\I9DOF_STM32F4.uvproj
Project File Date:  04/17/2015

<h2>Output:</h2>
Load "I:\\IMU\\wirelessAHRS\\wireless_BOX\\AHRS\\Objects\\I9DOF_STM32F4.AXF" 
* JLink Info: Device "STM32F405RG" selected (1024 KB flash, 128 KB RAM).
Set JLink Project File to "I:\IMU\wirelessAHRS\wireless_BOX\AHRS\JLinkSettings.ini"
 
JLink info:
------------
DLL: V4.36l, compiled Dec  2 2011 18:52:36
Firmware: J-Link ARM-OB STM32 compiled Aug 22 2012 19:52:04
Hardware: V7.00
S/N : 20090928 
Feature(s) : RDI,FlashDL,FlashBP,JFlash,GDBFull 
 
* JLink Info: Found SWD-DP with ID 0x2BA01477
* JLink Info: TPIU fitted.
* JLink Info: ETM fitted.
* JLink Info:   FPUnit: 6 code (BP) slots and 2 literal slots
* JLink Info: Found Cortex-M4 r0p1, Little endian.
ROMTableAddr = 0xE00FF003
* JLink Info: Found SWD-DP with ID 0x2BA01477
* JLink Info: TPIU fitted.
* JLink Info: ETM fitted.
* JLink Info:   FPUnit: 6 code (BP) slots and 2 literal slots
* JLink Info: Found Cortex-M4 r0p1, Little endian.
 
Target info:
------------
Device: STM32F405RG
VTarget = 3.300V
State of Pins: 
TCK: 0, TDI: 1, TDO: 1, TMS: 0, TRES: 1, TRST: 1
Hardware-Breakpoints: 6
Software-Breakpoints: 8192
Watchpoints:          4
JTAG speed: 2000 kHz
 
Include "I:\\IMU\\wirelessAHRS\\wireless_BOX\\AHRS\\JLinkSettings.ini" 
[BREAKPOINTS]
^
*** error 10: Syntax error
Erase Done.
Programming Done.
Verify OK.
* JLink Info: Found SWD-DP with ID 0x2BA01477
* JLink Info: TPIU fitted.
* JLink Info: ETM fitted.
* JLink Info:   FPUnit: 6 code (BP) slots and 2 literal slots
* JLink Info: Found Cortex-M4 r0p1, Little endian.
Application running ...
Build target 'STM32F401_AHRS'
compiling main.c...
User\main.c(51): warning:  #223-D: function "usbd_CloseMassStorage" declared implicitly
User\main.c(55): warning:  #223-D: function "usbd_OpenMassStorage" declared implicitly
User\main.c(89): warning:  #111-D: statement is unreachable
linking...
Program Size: Code=23898 RO-data=486 RW-data=668 ZI-data=10020  
FromELF: creating hex file...
".\Objects\I9DOF_STM32F4.axf" - 0 Error(s), 3 Warning(s).
Build target 'STM32F401_AHRS'
compiling main.c...
User\main.c(53): warning:  #223-D: function "usbd_CloseMassStorage" declared implicitly
User\main.c(57): warning:  #223-D: function "usbd_OpenMassStorage" declared implicitly
User\main.c(91): warning:  #111-D: statement is unreachable
linking...
Program Size: Code=23898 RO-data=486 RW-data=668 ZI-data=10020  
FromELF: creating hex file...
".\Objects\I9DOF_STM32F4.axf" - 0 Error(s), 3 Warning(s).
Build target 'STM32F401_AHRS'
compiling SD_init.c...
linking...
Program Size: Code=23898 RO-data=486 RW-data=668 ZI-data=10020  
FromELF: creating hex file...
".\Objects\I9DOF_STM32F4.axf" - 0 Error(s), 0 Warning(s).
Load "I:\\IMU\\wirelessAHRS\\wireless_BOX\\AHRS\\Objects\\I9DOF_STM32F4.AXF" 
* JLink Info: Device "STM32F405RG" selected (1024 KB flash, 128 KB RAM).
Set JLink Project File to "I:\IMU\wirelessAHRS\wireless_BOX\AHRS\JLinkSettings.ini"
 
JLink info:
------------
DLL: V4.36l, compiled Dec  2 2011 18:52:36
Firmware: J-Link ARM-OB STM32 compiled Aug 22 2012 19:52:04
Hardware: V7.00
S/N : 20090928 
Feature(s) : RDI,FlashDL,FlashBP,JFlash,GDBFull 
 
* JLink Info: Found SWD-DP with ID 0x2BA01477
* JLink Info: TPIU fitted.
* JLink Info: ETM fitted.
* JLink Info:   FPUnit: 6 code (BP) slots and 2 literal slots
* JLink Info: Found Cortex-M4 r0p1, Little endian.
ROMTableAddr = 0xE00FF003
* JLink Info: Found SWD-DP with ID 0x2BA01477
* JLink Info: TPIU fitted.
* JLink Info: ETM fitted.
* JLink Info:   FPUnit: 6 code (BP) slots and 2 literal slots
* JLink Info: Found Cortex-M4 r0p1, Little endian.
 
Target info:
------------
Device: STM32F405RG
VTarget = 3.300V
State of Pins: 
TCK: 0, TDI: 1, TDO: 1, TMS: 0, TRES: 1, TRST: 1
Hardware-Breakpoints: 6
Software-Breakpoints: 8192
Watchpoints:          4
JTAG speed: 2000 kHz
 
Include "I:\\IMU\\wirelessAHRS\\wireless_BOX\\AHRS\\JLinkSettings.ini" 
[BREAKPOINTS]
^
*** error 10: Syntax error
Erase Done.
Programming Done.
Verify OK.
* JLink Info: Found SWD-DP with ID 0x2BA01477
* JLink Info: TPIU fitted.
* JLink Info: ETM fitted.
* JLink Info:   FPUnit: 6 code (BP) slots and 2 literal slots
* JLink Info: Found Cortex-M4 r0p1, Little endian.
Application running ...
Build target 'STM32F401_AHRS'
compiling main.c...
User\main.c(53): warning:  #223-D: function "usbd_CloseMassStorage" declared implicitly
User\main.c(57): warning:  #223-D: function "usbd_OpenMassStorage" declared implicitly
User\main.c(92): warning:  #111-D: statement is unreachable
linking...
Program Size: Code=33014 RO-data=634 RW-data=668 ZI-data=10020  
FromELF: creating hex file...
".\Objects\I9DOF_STM32F4.axf" - 0 Error(s), 3 Warning(s).
Load "I:\\IMU\\wirelessAHRS\\wireless_BOX\\AHRS\\Objects\\I9DOF_STM32F4.AXF" 
* JLink Info: Device "STM32F405RG" selected (1024 KB flash, 128 KB RAM).
Set JLink Project File to "I:\IMU\wirelessAHRS\wireless_BOX\AHRS\JLinkSettings.ini"
 
JLink info:
------------
DLL: V4.36l, compiled Dec  2 2011 18:52:36
Firmware: J-Link ARM-OB STM32 compiled Aug 22 2012 19:52:04
Hardware: V7.00
S/N : 20090928 
Feature(s) : RDI,FlashDL,FlashBP,JFlash,GDBFull 
 
* JLink Info: Found SWD-DP with ID 0x2BA01477
* JLink Info: TPIU fitted.
* JLink Info: ETM fitted.
* JLink Info:   FPUnit: 6 code (BP) slots and 2 literal slots
* JLink Info: Found Cortex-M4 r0p1, Little endian.
ROMTableAddr = 0xE00FF003
* JLink Info: Found SWD-DP with ID 0x2BA01477
* JLink Info: TPIU fitted.
* JLink Info: ETM fitted.
* JLink Info:   FPUnit: 6 code (BP) slots and 2 literal slots
* JLink Info: Found Cortex-M4 r0p1, Little endian.
 
Target info:
------------
Device: STM32F405RG
VTarget = 3.300V
State of Pins: 
TCK: 0, TDI: 1, TDO: 1, TMS: 0, TRES: 1, TRST: 1
Hardware-Breakpoints: 6
Software-Breakpoints: 8192
Watchpoints:          4
JTAG speed: 2000 kHz
 
Include "I:\\IMU\\wirelessAHRS\\wireless_BOX\\AHRS\\JLinkSettings.ini" 
[BREAKPOINTS]
^
*** error 10: Syntax error
Erase Done.
Programming Done.
Verify OK.
* JLink Info: Found SWD-DP with ID 0x2BA01477
* JLink Info: TPIU fitted.
* JLink Info: ETM fitted.
* JLink Info:   FPUnit: 6 code (BP) slots and 2 literal slots
* JLink Info: Found Cortex-M4 r0p1, Little endian.
Application running ...
Build target 'STM32F401_AHRS'
linking...
.\Objects\I9DOF_STM32F4.axf: Error: L6218E: Undefined symbol Accel_Xint (referred from imu.o).
.\Objects\I9DOF_STM32F4.axf: Error: L6218E: Undefined symbol Accel_Yint (referred from imu.o).
.\Objects\I9DOF_STM32F4.axf: Error: L6218E: Undefined symbol Accel_Zint (referred from imu.o).
.\Objects\I9DOF_STM32F4.axf: Error: L6218E: Undefined symbol Dof6_Update (referred from imu.o).
.\Objects\I9DOF_STM32F4.axf: Error: L6218E: Undefined symbol Gyro_X (referred from imu.o).
.\Objects\I9DOF_STM32F4.axf: Error: L6218E: Undefined symbol Gyro_Y (referred from imu.o).
.\Objects\I9DOF_STM32F4.axf: Error: L6218E: Undefined symbol Gyro_Z (referred from imu.o).
.\Objects\I9DOF_STM32F4.axf: Error: L6218E: Undefined symbol HMC5983L_SetUp (referred from imu.o).
.\Objects\I9DOF_STM32F4.axf: Error: L6218E: Undefined symbol HMC5983_mgetValues (referred from imu.o).
.\Objects\I9DOF_STM32F4.axf: Error: L6218E: Undefined symbol HMC5983_calib (referred from main.o).
.\Objects\I9DOF_STM32F4.axf: Error: L6218E: Undefined symbol HMC5983_maxx (referred from main.o).
.\Objects\I9DOF_STM32F4.axf: Error: L6218E: Undefined symbol HMC5983_maxy (referred from main.o).
.\Objects\I9DOF_STM32F4.axf: Error: L6218E: Undefined symbol HMC5983_maxz (referred from main.o).
.\Objects\I9DOF_STM32F4.axf: Error: L6218E: Undefined symbol HMC5983_minx (referred from main.o).
.\Objects\I9DOF_STM32F4.axf: Error: L6218E: Undefined symbol HMC5983_miny (referred from main.o).
.\Objects\I9DOF_STM32F4.axf: Error: L6218E: Undefined symbol HMC5983_minz (referred from main.o).
.\Objects\I9DOF_STM32F4.axf: Error: L6218E: Undefined symbol lastAx (referred from main.o).
.\Objects\I9DOF_STM32F4.axf: Error: L6218E: Undefined symbol lastAy (referred from main.o).
.\Objects\I9DOF_STM32F4.axf: Error: L6218E: Undefined symbol lastAz (referred from main.o).
.\Objects\I9DOF_STM32F4.axf: Error: L6218E: Undefined symbol lastGx (referred from main.o).
.\Objects\I9DOF_STM32F4.axf: Error: L6218E: Undefined symbol lastGy (referred from main.o).
.\Objects\I9DOF_STM32F4.axf: Error: L6218E: Undefined symbol lastGz (referred from main.o).
.\Objects\I9DOF_STM32F4.axf: Error: L6218E: Undefined symbol lastMx (referred from main.o).
.\Objects\I9DOF_STM32F4.axf: Error: L6218E: Undefined symbol lastMy (referred from main.o).
.\Objects\I9DOF_STM32F4.axf: Error: L6218E: Undefined symbol lastMz (referred from main.o).
Target not created
Clean started: Project: 'I9DOF_STM32F4'
   deleting intermediate output files for target 'STM32F401_AHRS'
