<html>
<body>
<pre>
<h1>µVision Build Log</h1>
<h2>Tool Versions:</h2>
IDE-Version: ¦ÌVision V5.14.0.0
Copyright (C) 2015 ARM Ltd and ARM Germany GmbH. All rights reserved.
License Information: 1 1 1 Flex license: MDK-ARM Professional (Eval) (mdk_pro_eval) Operation stops: 24 Jul 2017
 
Tool Versions:
Toolchain:       MDK-ARM Professional (Eval)  Version: 5.14.0.0
Toolchain Path:  D:\Keil_v5\ARM\ARMCC\Bin
C Compiler:      Armcc.exe V5.05 update 1 (build 106)
Assembler:       Armasm.exe V5.05 update 1 (build 106)
Linker/Locator:  ArmLink.exe V5.05 update 1 (build 106)
Library Manager: ArmAr.exe V5.05 update 1 (build 106)
Hex Converter:   FromElf.exe V5.05 update 1 (build 106)
CPU DLL:         SARMCM3.DLL V5.14.0.0
Dialog DLL:      DCM.DLL V1.13.1.0
Target DLL:      UL2CM3.DLL V1.155.0.0
Dialog DLL:      TCM.DLL V1.14.4.0
 
<h2>Project:</h2>
F:\Momenta_Intern\Codes\AHRS_box_SRC\I9DOF_STM32F4.uvprojx
Project File Date:  07/19/2017

<h2>Output:</h2>
Build target 'STM32F405_AHRS'
compiling BMI160.c...
compiling main.c...
linking...
Program Size: Code=61598 RO-data=866 RW-data=1476 ZI-data=17764  
FromELF: creating hex file...
".\Objects\STM32F4_AHRS_BOX.axf" - 0 Error(s), 0 Warning(s).

<h2>Collection of Component include folders:</h2>
  F:\Momenta_Intern\Codes\AHRS_box_SRC\RTE
  D:\Keil_v5\ARM\PACK\Keil\STM32F4xx_DFP\2.11.0

<h2>Collection of Component Files used:</h2>
</pre>
</body>
</html>
