<html>
<body>
<pre>
<h1>µVision Build Log</h1>
<h2>Tool Versions:</h2>
IDE-Version: ¦ÌVision V5.14.0.0
Copyright (C) 2015 ARM Ltd and ARM Germany GmbH. All rights reserved.
License Information: 1 1, 1, LIC=MJWGK-ZQMP8-980FQ-NF90T-AVNY4-A31S8
 
Tool Versions:
Toolchain:       MDK-ARM Basic (256K)  Version: 5.14.0.0
Toolchain Path:  D:\Keil_v5\ARM\ARMCC\Bin
C Compiler:      Armcc.exe V5.05 update 1 (build 106)
Assembler:       Armasm.exe V5.05 update 1 (build 106)
Linker/Locator:  ArmLink.exe V5.05 update 1 (build 106)
Library Manager: ArmAr.exe V5.05 update 1 (build 106)
Hex Converter:   FromElf.exe V5.05 update 1 (build 106)
CPU DLL:         SARMCM3.DLL V5.14.0.0
Dialog DLL:      DCM.DLL V1.13.1.0
Target DLL:      UL2CM3.DLL V1.155.0.0
Dialog DLL:      TCM.DLL V1.14.4.0
 
<h2>Project:</h2>
F:\Github\BMI160_AHRS\AHRS_box_SRC\I9DOF_STM32F4.uvprojx
Project File Date:  07/19/2017

<h2>Output:</h2>
Rebuild target 'STM32F405_AHRS'
compiling stm32f4xx_syscfg.c...
compiling stm32f4xx_tim.c...
compiling stm32f4xx_usart.c...
compiling misc.c...
compiling stm32f4xx_dma.c...
compiling stm32f4xx_gpio.c...
compiling stm32f4xx_rcc.c...
compiling stm32f4xx_spi.c...
assembling startup_stm32f401xx.s...
compiling stm32f4xx_flash.c...
compiling stm32f4xx_adc.c...
compiling stm32f4xx_sdio.c...
compiling LED.c...
compiling delay.c...
compiling IOI2C.c...
compiling MS5611.c...
compiling SPI2.c...
compiling eeprom.c...
compiling IMU.c...
compiling STM32ADC.c...
compiling SPI1.c...
compiling Time3_Driver.c...
compiling BMI160.c...
compiling QMC5883.c...
HW_Driver\QMC5883\QMC5883.c(116): warning:  #177-D: variable "i" was declared but never referenced
    unsigned char vbuff[6] , i=100;
HW_Driver\QMC5883\QMC5883.c(190): warning:  #177-D: variable "id" was declared but never referenced
          char id[3];
HW_Driver\QMC5883\QMC5883.c: 2 warnings, 0 errors
compiling main.c...
compiling stm32f4xx_it.c...
compiling system_stm32f4xx.c...
compiling FAT_driver.c...
FatFs\FAT_driver.c(320): warning:  #550-D: variable "temp1" was set but never used
        uint32_t temp1,temp2;
FatFs\FAT_driver.c(320): warning:  #177-D: variable "temp2" was declared but never referenced
        uint32_t temp1,temp2;
FatFs\FAT_driver.c: 2 warnings, 0 errors
compiling diskio.c...
compiling ff.c...
compiling sdio_sdcard.c...
compiling usb_dcd_int.c...
compiling usb_core.c...
compiling usb_dcd.c...
compiling usbd_core.c...
compiling usbd_ioreq.c...
compiling usbd_req.c...
compiling usbd_msc_bot.c...
compiling usbd_msc_core.c...
compiling usbd_msc_data.c...
compiling usbd_msc_scsi.c...
compiling usb_bsp.c...
compiling usb_it.c...
compiling usbd_desc.c...
compiling usbd_storage_msd.c...
compiling usbd_usr.c...
compiling UART2.c...
compiling OSQMem.c...
compiling USART2DMATX.c...
compiling UART1.c...
compiling USART1DMATX.c...
linking...
Program Size: Code=61762 RO-data=862 RW-data=1496 ZI-data=22368  
FromELF: creating hex file...
".\Objects\STM32F4_AHRS_BOX.axf" - 0 Error(s), 4 Warning(s).

<h2>Collection of Component include folders:</h2>
  F:\Github\BMI160_AHRS\AHRS_box_SRC\RTE
  D:\Keil_v5\ARM\PACK\Keil\STM32F4xx_DFP\2.11.0

<h2>Collection of Component Files used:</h2>
</pre>
</body>
</html>
