<html>
<body>
<pre>
<h1>µVision Build Log</h1>
<h2>Project:</h2>
I:\IMU\ADI_AHRS\I9DOF_F401\I9DOF_STM32F4.uvproj
Project File Date:  10/19/2014

<h2>Output:</h2>
Build target 'STM32F401_AHRS'
compiling stm32f4xx_syscfg.c...
.\Lib\Include\stm32f4xx.h(100): error:  #35: #error directive: "Please select first the target STM32F4xx device used in your application (in stm32f4xx.h file)"
compiling stm32f4xx_tim.c...
.\Lib\Include\stm32f4xx.h(100): error:  #35: #error directive: "Please select first the target STM32F4xx device used in your application (in stm32f4xx.h file)"
compiling stm32f4xx_usart.c...
.\Lib\Include\stm32f4xx.h(100): error:  #35: #error directive: "Please select first the target STM32F4xx device used in your application (in stm32f4xx.h file)"
compiling misc.c...
.\Lib\Include\stm32f4xx.h(100): error:  #35: #error directive: "Please select first the target STM32F4xx device used in your application (in stm32f4xx.h file)"
compiling stm32f4xx_dma.c...
.\Lib\Include\stm32f4xx.h(100): error:  #35: #error directive: "Please select first the target STM32F4xx device used in your application (in stm32f4xx.h file)"
compiling stm32f4xx_gpio.c...
.\Lib\Include\stm32f4xx.h(100): error:  #35: #error directive: "Please select first the target STM32F4xx device used in your application (in stm32f4xx.h file)"
compiling stm32f4xx_rcc.c...
.\Lib\Include\stm32f4xx.h(100): error:  #35: #error directive: "Please select first the target STM32F4xx device used in your application (in stm32f4xx.h file)"
compiling stm32f4xx_spi.c...
.\Lib\Include\stm32f4xx.h(100): error:  #35: #error directive: "Please select first the target STM32F4xx device used in your application (in stm32f4xx.h file)"
assembling startup_stm32f401xx.s...
compiling LED.c...
.\Lib\Include\stm32f4xx.h(100): error:  #35: #error directive: "Please select first the target STM32F4xx device used in your application (in stm32f4xx.h file)"
compiling delay.c...
.\Lib\Include\stm32f4xx.h(100): error:  #35: #error directive: "Please select first the target STM32F4xx device used in your application (in stm32f4xx.h file)"
compiling IOI2C.c...
.\Lib\Include\stm32f4xx.h(100): error:  #35: #error directive: "Please select first the target STM32F4xx device used in your application (in stm32f4xx.h file)"
compiling UART2.c...
.\Lib\Include\stm32f4xx.h(100): error:  #35: #error directive: "Please select first the target STM32F4xx device used in your application (in stm32f4xx.h file)"
compiling OSQMem.c...
.\Lib\Include\stm32f4xx.h(100): error:  #35: #error directive: "Please select first the target STM32F4xx device used in your application (in stm32f4xx.h file)"
compiling USART2DMATX.c...
.\Lib\Include\stm32f4xx.h(100): error:  #35: #error directive: "Please select first the target STM32F4xx device used in your application (in stm32f4xx.h file)"
compiling main.c...
.\Lib\Include\stm32f4xx.h(100): error:  #35: #error directive: "Please select first the target STM32F4xx device used in your application (in stm32f4xx.h file)"
compiling stm32f4xx_it.c...
.\Lib\Include\stm32f4xx.h(100): error:  #35: #error directive: "Please select first the target STM32F4xx device used in your application (in stm32f4xx.h file)"
compiling system_stm32f4xx.c...
.\Lib\Include\stm32f4xx.h(100): error:  #35: #error directive: "Please select first the target STM32F4xx device used in your application (in stm32f4xx.h file)"
Target not created
Build target 'STM32F401_AHRS'
compiling stm32f4xx_syscfg.c...
compiling stm32f4xx_tim.c...
compiling stm32f4xx_usart.c...
compiling misc.c...
compiling stm32f4xx_dma.c...
compiling stm32f4xx_gpio.c...
compiling stm32f4xx_rcc.c...
compiling stm32f4xx_spi.c...
compiling LED.c...
compiling delay.c...
compiling IOI2C.c...
compiling UART2.c...
compiling OSQMem.c...
compiling USART2DMATX.c...
compiling main.c...
User\main.c(13): warning:  #223-D: function "Initial_UART2" declared implicitly
User\main.c(14): warning:  #223-D: function "UART2_Put_String" declared implicitly
compiling stm32f4xx_it.c...
compiling system_stm32f4xx.c...
linking...
Program Size: Code=4684 RO-data=424 RW-data=52 ZI-data=3572  
FromELF: creating hex file...
".\Objects\I9DOF_STM32F4.axf" - 0 Error(s), 2 Warning(s).
Load "I:\\IMU\\ADI_AHRS\\I9DOF_F401\\Objects\\I9DOF_STM32F4.AXF" 
* JLink Info: Device "STM32F405RG" selected (1024 KB flash, 128 KB RAM).
Set JLink Project File to "I:\IMU\ADI_AHRS\I9DOF_F401\JLinkSettings.ini"
 
JLink info:
------------
DLL: V4.36l, compiled Dec  2 2011 18:52:36
Firmware: J-Link ARM-OB STM32 compiled Aug 22 2012 19:52:04
Hardware: V7.00
S/N : 20090928 
Feature(s) : RDI,FlashDL,FlashBP,JFlash,GDBFull 
 
* JLink Info: Could not measure total IR len. TDO is constant high.
Load "I:\\IMU\\ADI_AHRS\\I9DOF_F401\\Objects\\I9DOF_STM32F4.AXF" 
* JLink Info: Device "STM32F405RG" selected (1024 KB flash, 128 KB RAM).
Set JLink Project File to "I:\IMU\ADI_AHRS\I9DOF_F401\JLinkSettings.ini"
 
JLink info:
------------
DLL: V4.36l, compiled Dec  2 2011 18:52:36
Firmware: J-Link ARM-OB STM32 compiled Aug 22 2012 19:52:04
Hardware: V7.00
S/N : 20090928 
Feature(s) : RDI,FlashDL,FlashBP,JFlash,GDBFull 
 
* JLink Info: Could not measure total IR len. TDO is constant high.
Load "I:\\IMU\\ADI_AHRS\\I9DOF_F401\\Objects\\I9DOF_STM32F4.AXF" 
* JLink Info: Device "STM32F405RG" selected (1024 KB flash, 128 KB RAM).
Set JLink Project File to "I:\IMU\ADI_AHRS\I9DOF_F401\JLinkSettings.ini"
 
JLink info:
------------
DLL: V4.36l, compiled Dec  2 2011 18:52:36
Firmware: J-Link ARM-OB STM32 compiled Aug 22 2012 19:52:04
Hardware: V7.00
S/N : 20090928 
Feature(s) : RDI,FlashDL,FlashBP,JFlash,GDBFull 
 
* JLink Info: Could not measure total IR len. TDO is constant high.
Load "I:\\IMU\\ADI_AHRS\\I9DOF_F401\\Objects\\I9DOF_STM32F4.AXF" 
* JLink Info: Device "STM32F405RG" selected (1024 KB flash, 128 KB RAM).
Set JLink Project File to "I:\IMU\ADI_AHRS\I9DOF_F401\JLinkSettings.ini"
 
JLink info:
------------
DLL: V4.36l, compiled Dec  2 2011 18:52:36
Firmware: J-Link ARM-OB STM32 compiled Aug 22 2012 19:52:04
Hardware: V7.00
S/N : 20090928 
Feature(s) : RDI,FlashDL,FlashBP,JFlash,GDBFull 
 
* JLink Info: Found SWD-DP with ID 0x2BA01477
* JLink Info: TPIU fitted.
* JLink Info: ETM fitted.
* JLink Info:   FPUnit: 6 code (BP) slots and 2 literal slots
* JLink Info: Found Cortex-M4 r0p1, Little endian.
ROMTableAddr = 0xE00FF003
* JLink Info: Found SWD-DP with ID 0x2BA01477
* JLink Info: TPIU fitted.
* JLink Info: ETM fitted.
* JLink Info:   FPUnit: 6 code (BP) slots and 2 literal slots
* JLink Info: Found Cortex-M4 r0p1, Little endian.
 
Target info:
------------
Device: STM32F405RG
VTarget = 3.300V
State of Pins: 
TCK: 0, TDI: 1, TDO: 1, TMS: 0, TRES: 1, TRST: 1
Hardware-Breakpoints: 6
Software-Breakpoints: 8192
Watchpoints:          4
JTAG speed: 2000 kHz
 
Include "I:\\IMU\\ADI_AHRS\\I9DOF_F401\\JLinkSettings.ini" 
[BREAKPOINTS]
^
*** error 10: Syntax error
Erase Done.
Programming Done.
Verify OK.
* JLink Info: Found SWD-DP with ID 0x2BA01477
* JLink Info: TPIU fitted.
* JLink Info: ETM fitted.
* JLink Info:   FPUnit: 6 code (BP) slots and 2 literal slots
* JLink Info: Found Cortex-M4 r0p1, Little endian.
Application running ...
