Component: ARM Compiler 5.05 update 1 (build 106) Tool: armlink [4d0efa]

==============================================================================

Section Cross References

    stm32f4xx_syscfg.o(i.SYSCFG_DeInit) refers to stm32f4xx_rcc.o(i.RCC_APB2PeriphResetCmd) for RCC_APB2PeriphResetCmd
    stm32f4xx_tim.o(i.TIM_DeInit) refers to stm32f4xx_rcc.o(i.RCC_APB2PeriphResetCmd) for RCC_APB2PeriphResetCmd
    stm32f4xx_tim.o(i.TIM_DeInit) refers to stm32f4xx_rcc.o(i.RCC_APB1PeriphResetCmd) for RCC_APB1PeriphResetCmd
    stm32f4xx_tim.o(i.TIM_ETRClockMode1Config) refers to stm32f4xx_tim.o(i.TIM_ETRConfig) for TIM_ETRConfig
    stm32f4xx_tim.o(i.TIM_ETRClockMode2Config) refers to stm32f4xx_tim.o(i.TIM_ETRConfig) for TIM_ETRConfig
    stm32f4xx_tim.o(i.TIM_ICInit) refers to stm32f4xx_tim.o(i.TI1_Config) for TI1_Config
    stm32f4xx_tim.o(i.TIM_ICInit) refers to stm32f4xx_tim.o(i.TIM_SetIC1Prescaler) for TIM_SetIC1Prescaler
    stm32f4xx_tim.o(i.TIM_ICInit) refers to stm32f4xx_tim.o(i.TI2_Config) for TI2_Config
    stm32f4xx_tim.o(i.TIM_ICInit) refers to stm32f4xx_tim.o(i.TIM_SetIC2Prescaler) for TIM_SetIC2Prescaler
    stm32f4xx_tim.o(i.TIM_ICInit) refers to stm32f4xx_tim.o(i.TI3_Config) for TI3_Config
    stm32f4xx_tim.o(i.TIM_ICInit) refers to stm32f4xx_tim.o(i.TIM_SetIC3Prescaler) for TIM_SetIC3Prescaler
    stm32f4xx_tim.o(i.TIM_ICInit) refers to stm32f4xx_tim.o(i.TI4_Config) for TI4_Config
    stm32f4xx_tim.o(i.TIM_ICInit) refers to stm32f4xx_tim.o(i.TIM_SetIC4Prescaler) for TIM_SetIC4Prescaler
    stm32f4xx_tim.o(i.TIM_ITRxExternalClockConfig) refers to stm32f4xx_tim.o(i.TIM_SelectInputTrigger) for TIM_SelectInputTrigger
    stm32f4xx_tim.o(i.TIM_PWMIConfig) refers to stm32f4xx_tim.o(i.TI1_Config) for TI1_Config
    stm32f4xx_tim.o(i.TIM_PWMIConfig) refers to stm32f4xx_tim.o(i.TIM_SetIC1Prescaler) for TIM_SetIC1Prescaler
    stm32f4xx_tim.o(i.TIM_PWMIConfig) refers to stm32f4xx_tim.o(i.TI2_Config) for TI2_Config
    stm32f4xx_tim.o(i.TIM_PWMIConfig) refers to stm32f4xx_tim.o(i.TIM_SetIC2Prescaler) for TIM_SetIC2Prescaler
    stm32f4xx_tim.o(i.TIM_TIxExternalClockConfig) refers to stm32f4xx_tim.o(i.TI2_Config) for TI2_Config
    stm32f4xx_tim.o(i.TIM_TIxExternalClockConfig) refers to stm32f4xx_tim.o(i.TI1_Config) for TI1_Config
    stm32f4xx_tim.o(i.TIM_TIxExternalClockConfig) refers to stm32f4xx_tim.o(i.TIM_SelectInputTrigger) for TIM_SelectInputTrigger
    stm32f4xx_usart.o(i.USART_DeInit) refers to stm32f4xx_rcc.o(i.RCC_APB2PeriphResetCmd) for RCC_APB2PeriphResetCmd
    stm32f4xx_usart.o(i.USART_DeInit) refers to stm32f4xx_rcc.o(i.RCC_APB1PeriphResetCmd) for RCC_APB1PeriphResetCmd
    stm32f4xx_usart.o(i.USART_Init) refers to stm32f4xx_rcc.o(i.RCC_GetClocksFreq) for RCC_GetClocksFreq
    stm32f4xx_gpio.o(i.GPIO_DeInit) refers to stm32f4xx_rcc.o(i.RCC_AHB1PeriphResetCmd) for RCC_AHB1PeriphResetCmd
    stm32f4xx_rcc.o(i.RCC_GetClocksFreq) refers to stm32f4xx_rcc.o(.data) for APBAHBPrescTable
    stm32f4xx_rcc.o(i.RCC_WaitForHSEStartUp) refers to stm32f4xx_rcc.o(i.RCC_GetFlagStatus) for RCC_GetFlagStatus
    stm32f4xx_spi.o(i.SPI_I2S_DeInit) refers to stm32f4xx_rcc.o(i.RCC_APB2PeriphResetCmd) for RCC_APB2PeriphResetCmd
    stm32f4xx_spi.o(i.SPI_I2S_DeInit) refers to stm32f4xx_rcc.o(i.RCC_APB1PeriphResetCmd) for RCC_APB1PeriphResetCmd
    startup_stm32f401xx.o(STACK) refers (Special) to heapauxi.o(.text) for __use_two_region_memory
    startup_stm32f401xx.o(HEAP) refers (Special) to heapauxi.o(.text) for __use_two_region_memory
    startup_stm32f401xx.o(RESET) refers (Special) to heapauxi.o(.text) for __use_two_region_memory
    startup_stm32f401xx.o(RESET) refers to startup_stm32f401xx.o(STACK) for __initial_sp
    startup_stm32f401xx.o(RESET) refers to startup_stm32f401xx.o(.text) for Reset_Handler
    startup_stm32f401xx.o(RESET) refers to stm32f4xx_it.o(i.NMI_Handler) for NMI_Handler
    startup_stm32f401xx.o(RESET) refers to stm32f4xx_it.o(i.HardFault_Handler) for HardFault_Handler
    startup_stm32f401xx.o(RESET) refers to stm32f4xx_it.o(i.MemManage_Handler) for MemManage_Handler
    startup_stm32f401xx.o(RESET) refers to stm32f4xx_it.o(i.BusFault_Handler) for BusFault_Handler
    startup_stm32f401xx.o(RESET) refers to stm32f4xx_it.o(i.UsageFault_Handler) for UsageFault_Handler
    startup_stm32f401xx.o(RESET) refers to stm32f4xx_it.o(i.SVC_Handler) for SVC_Handler
    startup_stm32f401xx.o(RESET) refers to stm32f4xx_it.o(i.DebugMon_Handler) for DebugMon_Handler
    startup_stm32f401xx.o(RESET) refers to stm32f4xx_it.o(i.PendSV_Handler) for PendSV_Handler
    startup_stm32f401xx.o(RESET) refers to stm32f4xx_it.o(i.SysTick_Handler) for SysTick_Handler
    startup_stm32f401xx.o(RESET) refers to uart2.o(i.DMA1_Stream6_IRQHandler) for DMA1_Stream6_IRQHandler
    startup_stm32f401xx.o(RESET) refers to main.o(i.TIM3_IRQHandler) for TIM3_IRQHandler
    startup_stm32f401xx.o(RESET) refers to fat_driver.o(i.TIM4_IRQHandler) for TIM4_IRQHandler
[...]
    USBD_USR_ProductStrDescriptor            0x0800a365   Thumb Code    34  usbd_desc.o(i.USBD_USR_ProductStrDescriptor)
    USBD_USR_SerialStrDescriptor             0x0800a3bd   Thumb Code    34  usbd_desc.o(i.USBD_USR_SerialStrDescriptor)
    USB_Check                                0x0800a405   Thumb Code   114  main.o(i.USB_Check)
    USB_OTG_BSP_EnableInterrupt              0x0800a48d   Thumb Code    44  usb_bsp.o(i.USB_OTG_BSP_EnableInterrupt)
    USB_OTG_BSP_Init                         0x0800a4b9   Thumb Code    86  usb_bsp.o(i.USB_OTG_BSP_Init)
    USB_OTG_BSP_mDelay                       0x0800a515   Thumb Code    18  usb_bsp.o(i.USB_OTG_BSP_mDelay)
    USB_OTG_BSP_uDelay                       0x0800a527   Thumb Code    22  usb_bsp.o(i.USB_OTG_BSP_uDelay)
    USB_OTG_CoreInit                         0x0800a53d   Thumb Code   294  usb_core.o(i.USB_OTG_CoreInit)
    USB_OTG_CoreInitDev                      0x0800a663   Thumb Code   522  usb_core.o(i.USB_OTG_CoreInitDev)
    USB_OTG_DisableGlobalInt                 0x0800a8dd   Thumb Code    34  usb_core.o(i.USB_OTG_DisableGlobalInt)
    USB_OTG_EP0Activate                      0x0800a8ff   Thumb Code   106  usb_core.o(i.USB_OTG_EP0Activate)
    USB_OTG_EP0StartXfer                     0x0800a969   Thumb Code   342  usb_core.o(i.USB_OTG_EP0StartXfer)
    USB_OTG_EP0_OutStart                     0x0800aabf   Thumb Code    98  usb_core.o(i.USB_OTG_EP0_OutStart)
    USB_OTG_EPActivate                       0x0800ab21   Thumb Code   152  usb_core.o(i.USB_OTG_EPActivate)
    USB_OTG_EPClearStall                     0x0800abb9   Thumb Code    80  usb_core.o(i.USB_OTG_EPClearStall)
    USB_OTG_EPDeactivate                     0x0800ac09   Thumb Code    94  usb_core.o(i.USB_OTG_EPDeactivate)
    USB_OTG_EPSetStall                       0x0800ac67   Thumb Code   100  usb_core.o(i.USB_OTG_EPSetStall)
    USB_OTG_EPStartXfer                      0x0800accb   Thumb Code   502  usb_core.o(i.USB_OTG_EPStartXfer)
    USB_OTG_EnableDevInt                     0x0800aef5   Thumb Code   154  usb_core.o(i.USB_OTG_EnableDevInt)
    USB_OTG_EnableGlobalInt                  0x0800af8f   Thumb Code    34  usb_core.o(i.USB_OTG_EnableGlobalInt)
    USB_OTG_FlushRxFifo                      0x0800afb1   Thumb Code    70  usb_core.o(i.USB_OTG_FlushRxFifo)
    USB_OTG_FlushTxFifo                      0x0800affd   Thumb Code    80  usb_core.o(i.USB_OTG_FlushTxFifo)
    USB_OTG_GetDeviceSpeed                   0x0800b051   Thumb Code    52  usb_core.o(i.USB_OTG_GetDeviceSpeed)
    USB_OTG_GetMode                          0x0800b085   Thumb Code    12  usb_core.o(i.USB_OTG_GetMode)
    USB_OTG_InitDevSpeed                     0x0800b091   Thumb Code    24  usb_core.o(i.USB_OTG_InitDevSpeed)
    USB_OTG_IsDeviceMode                     0x0800b0a9   Thumb Code    22  usb_core.o(i.USB_OTG_IsDeviceMode)
    USB_OTG_ReadCoreItr                      0x0800b0bf   Thumb Code    16  usb_core.o(i.USB_OTG_ReadCoreItr)
    USB_OTG_ReadDevAllInEPItr                0x0800b0cf   Thumb Code    16  usb_core.o(i.USB_OTG_ReadDevAllInEPItr)
    USB_OTG_ReadDevAllOutEp_itr              0x0800b0df   Thumb Code    16  usb_core.o(i.USB_OTG_ReadDevAllOutEp_itr)
    USB_OTG_ReadDevOutEP_itr                 0x0800b0ef   Thumb Code    20  usb_core.o(i.USB_OTG_ReadDevOutEP_itr)
    USB_OTG_ReadPacket                       0x0800b103   Thumb Code    40  usb_core.o(i.USB_OTG_ReadPacket)
    USB_OTG_SelectCore                       0x0800b12d   Thumb Code   204  usb_core.o(i.USB_OTG_SelectCore)
    USB_OTG_SetCurrentMode                   0x0800b1fd   Thumb Code    78  usb_core.o(i.USB_OTG_SetCurrentMode)
    USB_OTG_WritePacket                      0x0800b24b   Thumb Code    64  usb_core.o(i.USB_OTG_WritePacket)
    Updata_PC_Route                          0x0800b28d   Thumb Code   338  main.o(i.Updata_PC_Route)
    UsageFault_Handler                       0x0800b449   Thumb Code     4  stm32f4xx_it.o(i.UsageFault_Handler)
    Write_AT24C                              0x0800b44d   Thumb Code    44  eeprom.o(i.Write_AT24C)
    Write_config                             0x0800b47d   Thumb Code    30  eeprom.o(i.Write_config)
    __ARM_fpclassify                         0x0800b4a5   Thumb Code    48  fpclassify.o(i.__ARM_fpclassify)
    __hardfp_asin                            0x0800b4d9   Thumb Code   770  asin.o(i.__hardfp_asin)
    __hardfp_atan                            0x0800b839   Thumb Code   622  atan.o(i.__hardfp_atan)
    __hardfp_atan2                           0x0800bb11   Thumb Code   432  atan2.o(i.__hardfp_atan2)
    __hardfp_pow                             0x0800bd01   Thumb Code  3044  pow.o(i.__hardfp_pow)
    __hardfp_sqrt                            0x0800c939   Thumb Code   122  sqrt.o(i.__hardfp_sqrt)
    __kernel_poly                            0x0800c9b3   Thumb Code   248  poly.o(i.__kernel_poly)
    __mathlib_dbl_divzero                    0x0800cab1   Thumb Code    28  dunder.o(i.__mathlib_dbl_divzero)
    __mathlib_dbl_infnan                     0x0800cae1   Thumb Code    20  dunder.o(i.__mathlib_dbl_infnan)
    __mathlib_dbl_infnan2                    0x0800caf5   Thumb Code    20  dunder.o(i.__mathlib_dbl_infnan2)
    __mathlib_dbl_invalid                    0x0800cb09   Thumb Code    24  dunder.o(i.__mathlib_dbl_invalid)
    __mathlib_dbl_overflow                   0x0800cb29   Thumb Code    24  dunder.o(i.__mathlib_dbl_overflow)
    __mathlib_dbl_underflow                  0x0800cb49   Thumb Code    24  dunder.o(i.__mathlib_dbl_underflow)
    atan                                     0x0800cb69   Thumb Code    16  atan.o(i.atan)
    clust2sect                               0x0800cc4f   Thumb Code    26  ff.o(i.clust2sect)
    convert_from_bytes_to_power_of_two       0x0800cc69   Thumb Code    18  sdio_sdcard.o(i.convert_from_bytes_to_power_of_two)
    delay_init                               0x0800ce69   Thumb Code    64  delay.o(i.delay_init)
    delay_ms                                 0x0800ceb1   Thumb Code    56  delay.o(i.delay_ms)
    delay_us                                 0x0800ceed   Thumb Code    56  delay.o(i.delay_us)
    dir_sdi                                  0x0800d12b   Thumb Code   158  ff.o(i.dir_sdi)
    disk_initialize                          0x0800d1c9   Thumb Code    40  diskio.o(i.disk_initialize)
    disk_ioctl                               0x0800d1f1   Thumb Code   114  diskio.o(i.disk_ioctl)
    disk_read                                0x0800d269   Thumb Code    98  diskio.o(i.disk_read)
    disk_status                              0x0800d2cb   Thumb Code     6  diskio.o(i.disk_status)
    disk_write                               0x0800d2d1   Thumb Code   104  diskio.o(i.disk_write)
    f_close                                  0x0800d349   Thumb Code    36  ff.o(i.f_close)
    f_mount                                  0x0800d36d   Thumb Code    86  ff.o(i.f_mount)
    f_open                                   0x0800d3c9   Thumb Code   356  ff.o(i.f_open)
    f_sync                                   0x0800d52d   Thumb Code   176  ff.o(i.f_sync)
    f_write                                  0x0800d5dd   Thumb Code   490  ff.o(i.f_write)
    fabs                                     0x0800d7c7   Thumb Code    24  fabs.o(i.fabs)
    get_fat                                  0x0800dbf9   Thumb Code   232  ff.o(i.get_fat)
    get_fattime                              0x0800dce1   Thumb Code     4  diskio.o(i.get_fattime)
    invSqrt                                  0x0800dd31   Thumb Code    56  imu.o(i.invSqrt)
    load_config                              0x0800dd8d   Thumb Code    28  eeprom.o(i.load_config)
    load_define                              0x0800ddb1   Thumb Code    88  eeprom.o(i.load_define)
    main                                     0x0800de0d   Thumb Code   576  main.o(i.main)
    mf_close                                 0x0800e0bd   Thumb Code    12  fat_driver.o(i.mf_close)
    mf_open                                  0x0800e0cd   Thumb Code    52  fat_driver.o(i.mf_open)
    mf_write                                 0x0800e109   Thumb Code    28  fat_driver.o(i.mf_write)
    put_fat                                  0x0800e189   Thumb Code   310  ff.o(i.put_fat)
    sqrt                                     0x0800e32b   Thumb Code   110  sqrt.o(i.sqrt)
    usbd_CloseMassStorage                    0x0800e4bd   Thumb Code    20  usbd_usr.o(i.usbd_CloseMassStorage)
    usbd_OpenMassStorage                     0x0800e4d9   Thumb Code    36  usbd_usr.o(i.usbd_OpenMassStorage)
    __aeabi_dneg                             0x0800e547   Thumb Code     0  basic.o(x$fpl$basic)
    _dneg                                    0x0800e547   Thumb Code     6  basic.o(x$fpl$basic)
    __aeabi_fneg                             0x0800e54d   Thumb Code     0  basic.o(x$fpl$basic)
    _fneg                                    0x0800e54d   Thumb Code     6  basic.o(x$fpl$basic)
    _dabs                                    0x0800e553   Thumb Code     6  basic.o(x$fpl$basic)
    _fabs                                    0x0800e559   Thumb Code     6  basic.o(x$fpl$basic)
    __aeabi_d2f                              0x0800e561   Thumb Code     0  d2f.o(x$fpl$d2f)
    _d2f                                     0x0800e561   Thumb Code    98  d2f.o(x$fpl$d2f)
    __aeabi_dadd                             0x0800e5c5   Thumb Code     0  daddsub_clz.o(x$fpl$dadd)
    _dadd                                    0x0800e5c5   Thumb Code   332  daddsub_clz.o(x$fpl$dadd)
    __fpl_dcheck_NaN1                        0x0800e715   Thumb Code    10  dcheck1.o(x$fpl$dcheck1)
    __fpl_dcmp_Inf                           0x0800e725   Thumb Code    24  dcmpi.o(x$fpl$dcmpinf)
    __aeabi_ddiv                             0x0800e73d   Thumb Code     0  ddiv.o(x$fpl$ddiv)
    _ddiv                                    0x0800e73d   Thumb Code   552  ddiv.o(x$fpl$ddiv)
    __aeabi_i2d                              0x0800e9ed   Thumb Code     0  dflt_clz.o(x$fpl$dflt)
    _dflt                                    0x0800e9ed   Thumb Code    46  dflt_clz.o(x$fpl$dflt)
    __aeabi_cdcmple                          0x0800ea1d   Thumb Code     0  dleqf.o(x$fpl$dleqf)
    _dcmple                                  0x0800ea1d   Thumb Code   120  dleqf.o(x$fpl$dleqf)
    __fpl_dcmple_InfNaN                      0x0800ea7f   Thumb Code     0  dleqf.o(x$fpl$dleqf)
    __aeabi_dmul                             0x0800ea95   Thumb Code     0  dmul.o(x$fpl$dmul)
    _dmul                                    0x0800ea95   Thumb Code   332  dmul.o(x$fpl$dmul)
    __fpl_dnaninf                            0x0800ebe9   Thumb Code   156  dnaninf.o(x$fpl$dnaninf)
    __fpl_dretinf                            0x0800ec85   Thumb Code    12  dretinf.o(x$fpl$dretinf)
    __aeabi_cdrcmple                         0x0800ec91   Thumb Code     0  drleqf.o(x$fpl$drleqf)
    _drcmple                                 0x0800ec91   Thumb Code   108  drleqf.o(x$fpl$drleqf)
    __aeabi_drsub                            0x0800ecfd   Thumb Code     0  daddsub_clz.o(x$fpl$drsb)
    _drsb                                    0x0800ecfd   Thumb Code    22  daddsub_clz.o(x$fpl$drsb)
    _dsqrt                                   0x0800ed15   Thumb Code   404  dsqrt_umaal.o(x$fpl$dsqrt)
    __aeabi_dsub                             0x0800eead   Thumb Code     0  daddsub_clz.o(x$fpl$dsub)
    _dsub                                    0x0800eead   Thumb Code   464  daddsub_clz.o(x$fpl$dsub)
    __aeabi_f2d                              0x0800f081   Thumb Code     0  f2d.o(x$fpl$f2d)
    _f2d                                     0x0800f081   Thumb Code    86  f2d.o(x$fpl$f2d)
    __aeabi_ul2f                             0x0800f0d7   Thumb Code     0  ffltll_clz.o(x$fpl$ffltll)
    _ll_uto_f                                0x0800f0d7   Thumb Code     6  ffltll_clz.o(x$fpl$ffltll)
    __aeabi_l2f                              0x0800f0dd   Thumb Code     0  ffltll_clz.o(x$fpl$ffltll)
    _ll_sto_f                                0x0800f0dd   Thumb Code    90  ffltll_clz.o(x$fpl$ffltll)
    __fpl_fnaninf                            0x0800f137   Thumb Code   140  fnaninf.o(x$fpl$fnaninf)
    _fp_init                                 0x0800f1c3   Thumb Code    10  fpinit.o(x$fpl$fpinit)
    __fplib_config_fpu_vfp                   0x0800f1cb   Thumb Code     0  fpinit.o(x$fpl$fpinit)
    __fplib_config_pureend_doubles           0x0800f1cb   Thumb Code     0  fpinit.o(x$fpl$fpinit)
    __fpl_fretinf                            0x0800f1cd   Thumb Code    10  fretinf.o(x$fpl$fretinf)
    __fpl_return_NaN                         0x0800f1d7   Thumb Code   100  retnan.o(x$fpl$retnan)
    __ARM_scalbn                             0x0800f23b   Thumb Code    92  scalbn.o(x$fpl$scalbn)
    __fpl_cmpreturn                          0x0800f297   Thumb Code    48  trapv.o(x$fpl$trapveneer)
    MSC_Page00_Inquiry_Data                  0x0800f2c6   Data           7  usbd_msc_data.o(.constdata)
    __I$use$fp                               0x0800f2c6   Number         0  usenofp.o(x$fpl$usenofp)
    MSC_Mode_Sense6_data                     0x0800f2cd   Data           8  usbd_msc_data.o(.constdata)
    MSC_Mode_Sense10_data                    0x0800f2d5   Data           8  usbd_msc_data.o(.constdata)
    STORAGE_Inquirydata                      0x0800f2dd   Data          36  usbd_storage_msd.o(.constdata)
    __mathlib_zero                           0x0800f478   Data           8  qnan.o(.constdata)
    Region$$Table$$Base                      0x0800f480   Number         0  anon$$obj.o(Region$$Table)
    Region$$Table$$Limit                     0x0800f4a0   Number         0  anon$$obj.o(Region$$Table)
    lightc                                   0x200000b0   Data           1  led.o(.data)
    key_pressT                               0x200000b4   Data           4  led.o(.data)
    key_staut                                0x200000b8   Data           1  led.o(.data)
    Key_IS_Press                             0x200000b9   Data           1  led.o(.data)
    Beep_StartT                              0x200000bc   Data           4  led.o(.data)
    Beep_OnT                                 0x200000c0   Data           4  led.o(.data)
    LED_ST                                   0x200000c4   Data           1  led.o(.data)
    I2C_Erorr_Count                          0x200000ca   Data           2  ioi2c.o(.data)
    ALT_Updated                              0x200000dc   Data           1  ms5611.o(.data)
    ALT_Update_Interval                      0x200000e8   Data           4  ms5611.o(.data)
    MS5611_Temperature                       0x200000ec   Data           4  ms5611.o(.data)
    MS5611_Pressure                          0x200000f0   Data           4  ms5611.o(.data)
    MS5611_Altitude                          0x200000f4   Data           4  ms5611.o(.data)
    MS5611_Delay_us                          0x200000f8   Data          36  ms5611.o(.data)
    Alt_offset_Pa                            0x20000120   Data           4  ms5611.o(.data)
    Covert_count                             0x20000124   Data           1  ms5611.o(.data)
    pitch                                    0x20000138   Data           4  imu.o(.data)
    roll                                     0x2000013c   Data           4  imu.o(.data)
    yaw                                      0x20000140   Data           4  imu.o(.data)
    exInt                                    0x20000144   Data           4  imu.o(.data)
    eyInt                                    0x20000148   Data           4  imu.o(.data)
    ezInt                                    0x2000014c   Data           4  imu.o(.data)
    integralFBx                              0x20000150   Data           4  imu.o(.data)
    integralFBy                              0x20000154   Data           4  imu.o(.data)
    integralFBz                              0x20000158   Data           4  imu.o(.data)
    q0                                       0x2000015c   Data           4  imu.o(.data)
    q1                                       0x20000160   Data           4  imu.o(.data)
    q2                                       0x20000164   Data           4  imu.o(.data)
    q3                                       0x20000168   Data           4  imu.o(.data)
    integralFBhand                           0x2000016c   Data           4  imu.o(.data)
    handdiff                                 0x20000170   Data           4  imu.o(.data)
    qa0                                      0x20000174   Data           4  imu.o(.data)
    qa1                                      0x20000178   Data           4  imu.o(.data)
    qa2                                      0x2000017c   Data           4  imu.o(.data)
    qa3                                      0x20000180   Data           4  imu.o(.data)
    halftime                                 0x20000188   Data           8  imu.o(.data)
    lastUpdate                               0x20000190   Data           4  imu.o(.data)
    now                                      0x20000194   Data           4  imu.o(.data)
    lastVOL                                  0x20000198   Data           2  stm32adc.o(.data)
    Gyro_Off_started                         0x200001a4   Data           1  bmi160.o(.data)
    lastGx                                   0x200001a6   Data           2  bmi160.o(.data)
    lastGy                                   0x200001a8   Data           2  bmi160.o(.data)
    lastGz                                   0x200001aa   Data           2  bmi160.o(.data)
    lastAx                                   0x200001ac   Data           2  bmi160.o(.data)
    lastAy                                   0x200001ae   Data           2  bmi160.o(.data)
    lastAz                                   0x200001b0   Data           2  bmi160.o(.data)
    SensorTime                               0x200001cc   Data           4  bmi160.o(.data)
    AX_min                                   0x200001d0   Data           2  bmi160.o(.data)
    AX_max                                   0x200001d2   Data           2  bmi160.o(.data)
    AY_min                                   0x200001d4   Data           2  bmi160.o(.data)
    AY_max                                   0x200001d6   Data           2  bmi160.o(.data)
    AZ_min                                   0x200001d8   Data           2  bmi160.o(.data)
    AZ_max                                   0x200001da   Data           2  bmi160.o(.data)
    QMC5883_maxx                             0x200001dc   Data           2  qmc5883.o(.data)
    QMC5883_maxy                             0x200001de   Data           2  qmc5883.o(.data)
    QMC5883_maxz                             0x200001e0   Data           2  qmc5883.o(.data)
    QMC5883_minx                             0x200001e2   Data           2  qmc5883.o(.data)
    QMC5883_miny                             0x200001e4   Data           2  qmc5883.o(.data)
    QMC5883_minz                             0x200001e6   Data           2  qmc5883.o(.data)
    QMC5883_calib                            0x200001e8   Data           1  qmc5883.o(.data)
    lastMx                                   0x200001fc   Data           2  qmc5883.o(.data)
    lastMy                                   0x200001fe   Data           2  qmc5883.o(.data)
    lastMz                                   0x20000200   Data           2  qmc5883.o(.data)
    magic_GRAVITY                            0x20000204   Data           4  qmc5883.o(.data)
    HMC5883_Last_Update                      0x20000208   Data           4  qmc5883.o(.data)
    offset_yaw                               0x2000020c   Data           2  main.o(.data)
    offset_pitch                             0x2000020e   Data           2  main.o(.data)
    offset_roll                              0x20000210   Data           2  main.o(.data)
    upload_Hz                                0x20000212   Data           2  main.o(.data)
    UART_Upload_Mode                         0x20000214   Data           2  main.o(.data)
    Cbaudrate                                0x20000218   Data           4  main.o(.data)
    Upload_time                              0x2000021c   Data           4  main.o(.data)
    Math_hz                                  0x20000220   Data           2  main.o(.data)
    state                                    0x20000222   Data           1  main.o(.data)
    Start                                    0x20000223   Data           1  main.o(.data)
    file_wr                                  0x20000224   Data           1  main.o(.data)
    br                                       0x20000228   Data           4  fat_driver.o(.data)
    bw                                       0x2000022c   Data           4  fat_driver.o(.data)
    res                                      0x20000230   Data           1  fat_driver.o(.data)
    FileSave_DelayC                          0x20000234   Data           4  fat_driver.o(.data)
    dtime                                    0x20000238   Data           4  fat_driver.o(.data)
    fdata_t                                  0x2000023c   Data           2  fat_driver.o(.data)
    fdata_32t                                0x20000240   Data           4  fat_driver.o(.data)
    Data_Ready                               0x20000244   Data           1  fat_driver.o(.data)
    toFile_ptr                               0x20000245   Data           1  fat_driver.o(.data)
    toBuf_ptr                                0x20000246   Data           1  fat_driver.o(.data)
    TransferError                            0x2000025e   Data           1  sdio_sdcard.o(.data)
    TransferEnd                              0x2000025f   Data           1  sdio_sdcard.o(.data)
    temp                                     0x20000260   Data         512  sdio_sdcard.o(.data)
    tempbuff                                 0x20000460   Data           4  sdio_sdcard.o(.data)
    SET_TEST_MODE                            0x20000464   Data           4  usbd_core.o(.data)
    USBD_DCD_INT_cb                          0x20000468   Data          44  usbd_core.o(.data)
    USBD_DCD_INT_fops                        0x20000494   Data           4  usbd_core.o(.data)
    USBD_ep_status                           0x20000498   Data           4  usbd_req.o(.data)
    USBD_default_cfg                         0x2000049c   Data           4  usbd_req.o(.data)
    USBD_cfg_status                          0x200004a0   Data           4  usbd_req.o(.data)
    MSC_BOT_DataLen                          0x200004a6   Data           2  usbd_msc_bot.o(.data)
    MSC_BOT_State                            0x200004a8   Data           1  usbd_msc_bot.o(.data)
    MSC_BOT_Status                           0x200004a9   Data           1  usbd_msc_bot.o(.data)
    USBD_MSC_cb                              0x200004ac   Data          44  usbd_msc_core.o(.data)
    USBD_MSC_CfgDesc                         0x200004d8   Data          32  usbd_msc_core.o(.data)
    SCSI_Sense_Head                          0x200004fc   Data           1  usbd_msc_scsi.o(.data)
    SCSI_Sense_Tail                          0x200004fd   Data           1  usbd_msc_scsi.o(.data)
    SCSI_blk_size                            0x20000500   Data           4  usbd_msc_scsi.o(.data)
    SCSI_blk_nbr                             0x20000504   Data           4  usbd_msc_scsi.o(.data)
    SCSI_blk_addr                            0x20000508   Data           4  usbd_msc_scsi.o(.data)
    SCSI_blk_len                             0x2000050c   Data           4  usbd_msc_scsi.o(.data)
    cdev                                     0x20000510   Data           4  usbd_msc_scsi.o(.data)
    USR_desc                                 0x20000514   Data          28  usbd_desc.o(.data)
    USBD_DeviceDesc                          0x20000530   Data          18  usbd_desc.o(.data)
    USBD_DeviceQualifierDesc                 0x20000542   Data          10  usbd_desc.o(.data)
    USBD_LangIDDesc                          0x2000054c   Data           4  usbd_desc.o(.data)
    Divece_STA                               0x20000550   Data           1  usbd_storage_msd.o(.data)
    USBD_user_fops                           0x20000554   Data          32  usbd_storage_msd.o(.data)
    USBD_STORAGE_fops                        0x20000574   Data           4  usbd_storage_msd.o(.data)
    USB_Staut                                0x20000578   Data           1  usbd_usr.o(.data)
    USRD_cb                                  0x2000057c   Data          28  usbd_usr.o(.data)
    OSQUSART2Index                           0x20000598   Data           4  uart2.o(.data)
    rx_wr_index                              0x2000059c   Data           1  uart2.o(.data)
    RC_Flag                                  0x2000059d   Data           1  uart2.o(.data)
    buf_lock                                 0x2000059e   Data           1  uart2.o(.data)
    Buff_WR_Index                            0x200005a0   Data           2  uart2.o(.data)
    USART2SendQBoxHost                       0x200005a4   Data           1  usart2dmatx.o(.data)
    USART2SendQBoxTail                       0x200005a5   Data           1  usart2dmatx.o(.data)
    USART2SendQFree                          0x200005a8   Data           4  usart2dmatx.o(.data)
    USART2SendOVF                            0x200005ac   Data           1  usart2dmatx.o(.data)
    USART2RunningFlag                        0x200005ad   Data           1  usart2dmatx.o(.data)
    USART2RecvOVF                            0x200005ae   Data           1  usart2dmatx.o(.data)
    USART2RecvFlag                           0x200005af   Data           1  usart2dmatx.o(.data)
    OSQUSART1Index                           0x200005b0   Data           4  uart1.o(.data)
    USART1SendQBoxHost                       0x200005b8   Data           1  usart1dmatx.o(.data)
    USART1SendQBoxTail                       0x200005b9   Data           1  usart1dmatx.o(.data)
    USART1SendQFree                          0x200005bc   Data           4  usart1dmatx.o(.data)
    USART1SendOVF                            0x200005c0   Data           1  usart1dmatx.o(.data)
    USART1RunningFlag                        0x200005c1   Data           1  usart1dmatx.o(.data)
    USART1RecvOVF                            0x200005c2   Data           1  usart1dmatx.o(.data)
    USART1RecvFlag                           0x200005c3   Data           1  usart1dmatx.o(.data)
    Config                                   0x20000648   Data          52  eeprom.o(.bss)
    eep_buf                                  0x2000067c   Data         256  eeprom.o(.bss)
    mygetqval                                0x2000077c   Data          36  imu.o(.bss)
    AD_Value                                 0x200007a0   Data          20  stm32adc.o(.bss)
    BMI160_FIFO                              0x200007b4   Data         120  bmi160.o(.bss)
    QMC5883_FIFO                             0x2000082c   Data          66  qmc5883.o(.bss)
    fs                                       0x20000870   Data         560  fat_driver.o(.bss)
    file                                     0x20000aa0   Data         552  fat_driver.o(.bss)
    ftemp                                    0x20000cc8   Data         552  fat_driver.o(.bss)
    fileinfo                                 0x20000ef0   Data          24  fat_driver.o(.bss)
    dir                                      0x20000f08   Data          28  fat_driver.o(.bss)
    fatbuf                                   0x20000f24   Data         512  fat_driver.o(.bss)
    File_Data                                0x20001124   Data          45  fat_driver.o(.bss)
    File_Data_buf                            0x20001151   Data         900  fat_driver.o(.bss)
    SDIO_InitStructure                       0x200014e8   Data          24  sdio_sdcard.o(.bss)
    SDIO_CmdInitStructure                    0x20001500   Data          20  sdio_sdcard.o(.bss)
    SDIO_DataInitStructure                   0x20001514   Data          24  sdio_sdcard.o(.bss)
    SDCardInfo                               0x20001550   Data          88  sdio_sdcard.o(.bss)
    SDIO_DATA_BUFFER                         0x200015a8   Data         512  sdio_sdcard.o(.bss)
    USBD_StrDesc                             0x200017a8   Data          64  usbd_req.o(.bss)
    MSC_BOT_Data                             0x200017e8   Data        4096  usbd_msc_bot.o(.bss)
    MSC_BOT_cbw                              0x200027e8   Data          32  usbd_msc_bot.o(.bss)
    MSC_BOT_csw                              0x20002808   Data          16  usbd_msc_bot.o(.bss)
    SCSI_Sense                               0x20002818   Data          32  usbd_msc_scsi.o(.bss)
    USB_OTG_dev                              0x20002838   Data        1524  usbd_usr.o(.bss)
    rx_buffer                                0x20002e2c   Data         100  uart2.o(.bss)
    U2TxBuffer                               0x20002e90   Data         258  uart2.o(.bss)
    OSMemTcb                                 0x20002f94   Data          64  osqmem.o(.bss)
    OSUSART1MemQ                             0x20002fd4   Data        2048  osqmem.o(.bss)
    OSUSART2MemQ                             0x200037d4   Data        1024  osqmem.o(.bss)
    USART2SendQBuffer                        0x20003bd4   Data         560  usart2dmatx.o(.bss)
    USART2SendTCB                            0x20003e04   Data         160  usart2dmatx.o(.bss)
    USART2QRecvBuffer                        0x20003ea4   Data          32  usart2dmatx.o(.bss)
    U1TxBuffer                               0x20003f28   Data         100  uart1.o(.bss)
    USART1SendQBuffer                        0x20003f8c   Data        1840  usart1dmatx.o(.bss)
    USART1SendTCB                            0x200046bc   Data         320  usart1dmatx.o(.bss)
    USART1QRecvBuffer                        0x200047fc   Data          32  usart1dmatx.o(.bss)
    __libspace_start                         0x2000481c   Data          96  libspace.o(.bss)
    __temporary_stack_top$libspace           0x2000487c   Data           0  libspace.o(.bss)



==============================================================================

Memory Map of the image

  Image Entry point : 0x08000189

  Load Region LR_IROM1 (Base: 0x08000000, Size: 0x0000fa64, Max: 0x00100000, ABSOLUTE, COMPRESSED[0x0000f618])

    Execution Region ER_IROM1 (Base: 0x08000000, Size: 0x0000f4a0, Max: 0x00100000, ABSOLUTE)

    Base Addr    Size         Type   Attr      Idx    E Section Name        Object

    0x08000000   0x00000188   Data   RO         1660    RESET               startup_stm32f401xx.o
    0x08000188   0x00000008   Code   RO         5685  * !!!main             c_w.l(__main.o)
    0x08000190   0x00000034   Code   RO         6006    !!!scatter          c_w.l(__scatter.o)
    0x080001c4   0x0000005a   Code   RO         6004    !!dczerorl2         c_w.l(__dczerorl2.o)
    0x0800021e   0x00000002   PAD
    0x08000220   0x0000001c   Code   RO         6008    !!handler_zi        c_w.l(__scatter_zi.o)
    0x0800023c   0x00000002   Code   RO         5870    .ARM.Collect$$libinit$$00000000  c_w.l(libinit.o)
    0x0800023e   0x00000004   Code   RO         5879    .ARM.Collect$$libinit$$00000001  c_w.l(libinit2.o)
    0x08000242   0x00000000   Code   RO         5882    .ARM.Collect$$libinit$$00000004  c_w.l(libinit2.o)
    0x08000242   0x00000000   Code   RO         5885    .ARM.Collect$$libinit$$0000000A  c_w.l(libinit2.o)
    0x08000242   0x00000000   Code   RO         5887    .ARM.Collect$$libinit$$0000000C  c_w.l(libinit2.o)
    0x08000242   0x00000000   Code   RO         5889    .ARM.Collect$$libinit$$0000000E  c_w.l(libinit2.o)
    0x08000242   0x00000000   Code   RO         5892    .ARM.Collect$$libinit$$00000011  c_w.l(libinit2.o)
    0x08000242   0x00000000   Code   RO         5894    .ARM.Collect$$libinit$$00000013  c_w.l(libinit2.o)
    0x08000242   0x00000000   Code   RO         5896    .ARM.Collect$$libinit$$00000015  c_w.l(libinit2.o)
    0x08000242   0x00000000   Code   RO         5898    .ARM.Collect$$libinit$$00000017  c_w.l(libinit2.o)
    0x08000242   0x00000000   Code   RO         5900    .ARM.Collect$$libinit$$00000019  c_w.l(libinit2.o)
    0x08000242   0x00000000   Code   RO         5902    .ARM.Collect$$libinit$$0000001B  c_w.l(libinit2.o)
    0x08000242   0x00000000   Code   RO         5904    .ARM.Collect$$libinit$$0000001D  c_w.l(libinit2.o)
    0x08000242   0x00000000   Code   RO         5906    .ARM.Collect$$libinit$$0000001F  c_w.l(libinit2.o)
    0x08000242   0x00000000   Code   RO         5908    .ARM.Collect$$libinit$$00000021  c_w.l(libinit2.o)
    0x08000242   0x00000000   Code   RO         5910    .ARM.Collect$$libinit$$00000023  c_w.l(libinit2.o)
    0x08000242   0x00000000   Code   RO         5912    .ARM.Collect$$libinit$$00000025  c_w.l(libinit2.o)
    0x08000242   0x00000000   Code   RO         5916    .ARM.Collect$$libinit$$0000002C  c_w.l(libinit2.o)
    0x08000242   0x00000000   Code   RO         5918    .ARM.Collect$$libinit$$0000002E  c_w.l(libinit2.o)
    0x08000242   0x00000000   Code   RO         5920    .ARM.Collect$$libinit$$00000030  c_w.l(libinit2.o)
    0x08000242   0x00000000   Code   RO         5922    .ARM.Collect$$libinit$$00000032  c_w.l(libinit2.o)
    0x08000242   0x00000002   Code   RO         5923    .ARM.Collect$$libinit$$00000033  c_w.l(libinit2.o)
    0x08000244   0x00000002   Code   RO         5955    .ARM.Collect$$libshutdown$$00000000  c_w.l(libshutdown.o)
    0x08000246   0x00000000   Code   RO         5973    .ARM.Collect$$libshutdown$$00000003  c_w.l(libshutdown2.o)
    0x08000246   0x00000000   Code   RO         5976    .ARM.Collect$$libshutdown$$00000006  c_w.l(libshutdown2.o)
    0x08000246   0x00000000   Code   RO         5979    .ARM.Collect$$libshutdown$$00000009  c_w.l(libshutdown2.o)
    0x08000246   0x00000000   Code   RO         5981    .ARM.Collect$$libshutdown$$0000000B  c_w.l(libshutdown2.o)
    0x08000246   0x00000000   Code   RO         5984    .ARM.Collect$$libshutdown$$0000000E  c_w.l(libshutdown2.o)
    0x08000246   0x00000002   Code   RO         5985    .ARM.Collect$$libshutdown$$0000000F  c_w.l(libshutdown2.o)
    0x08000248   0x00000000   Code   RO         5765    .ARM.Collect$$rtentry$$00000000  c_w.l(__rtentry.o)
    0x08000248   0x00000000   Code   RO         5829    .ARM.Collect$$rtentry$$00000002  c_w.l(__rtentry2.o)
    0x08000248   0x00000006   Code   RO         5841    .ARM.Collect$$rtentry$$00000004  c_w.l(__rtentry4.o)
    0x0800024e   0x00000000   Code   RO         5831    .ARM.Collect$$rtentry$$00000009  c_w.l(__rtentry2.o)
    0x0800024e   0x00000004   Code   RO         5832    .ARM.Collect$$rtentry$$0000000A  c_w.l(__rtentry2.o)
    0x08000252   0x00000000   Code   RO         5834    .ARM.Collect$$rtentry$$0000000C  c_w.l(__rtentry2.o)
    0x08000252   0x00000008   Code   RO         5835    .ARM.Collect$$rtentry$$0000000D  c_w.l(__rtentry2.o)
    0x0800025a   0x00000002   Code   RO         5873    .ARM.Collect$$rtexit$$00000000  c_w.l(rtexit.o)
    0x0800025c   0x00000000   Code   RO         5927    .ARM.Collect$$rtexit$$00000002  c_w.l(rtexit2.o)
    0x0800025c   0x00000004   Code   RO         5928    .ARM.Collect$$rtexit$$00000003  c_w.l(rtexit2.o)
    0x08000260   0x00000006   Code   RO         5929    .ARM.Collect$$rtexit$$00000004  c_w.l(rtexit2.o)
    0x08000266   0x00000002   PAD
    0x08000268   0x00000008   Code   RO         3929    .emb_text           sdio_sdcard.o
    0x08000270   0x00000040   Code   RO         1661    .text               startup_stm32f401xx.o
    0x080002b0   0x00000048   Code   RO         5679    .text               c_w.l(llsdiv.o)
    0x080002f8   0x0000008a   Code   RO         5681    .text               c_w.l(rt_memcpy_v6.o)
    0x08000382   0x00000006   Code   RO         5683    .text               c_w.l(heapauxi.o)
    0x08000388   0x000000ee   Code   RO         5766    .text               c_w.l(lludivv7m.o)
    0x08000476   0x00000016   Code   RO         5768    .text               c_w.l(_rserrno.o)
    0x0800048c   0x00000064   Code   RO         5770    .text               c_w.l(rt_memcpy_w.o)
    0x080004f0   0x00000008   Code   RO         5850    .text               c_w.l(rt_errno_addr_intlibspace.o)
    0x080004f8   0x00000008   Code   RO         5856    .text               c_w.l(libspace.o)
    0x08000500   0x0000004a   Code   RO         5859    .text               c_w.l(sys_stackheap_outer.o)
    0x0800054a   0x0000000c   Code   RO         5863    .text               c_w.l(exit.o)
    0x08000556   0x00000002   PAD
    0x08000558   0x0000000c   Code   RO         5943    .text               c_w.l(sys_exit.o)
    0x08000564   0x00000002   Code   RO         5960    .text               c_w.l(use_no_semi.o)
    0x08000566   0x00000000   Code   RO         5962    .text               c_w.l(indicate_semi.o)
    0x08000566   0x00000002   PAD
    0x08000568   0x000000c0   Code   RO         3062    i.ACC_Cal           bmi160.o
    0x08000628   0x0000016c   Code   RO         3063    i.ACC_Save_cal      bmi160.o
    0x08000794   0x00000074   Code   RO         2903    i.ADC1_Configuration  stm32adc.o
    0x08000808   0x00000016   Code   RO         1927    i.ADC_Cmd           stm32f4xx_adc.o
    0x0800081e   0x00000002   PAD
    0x08000820   0x00000030   Code   RO         1928    i.ADC_CommonInit    stm32f4xx_adc.o
    0x08000850   0x00000016   Code   RO         1931    i.ADC_DMACmd        stm32f4xx_adc.o
    0x08000866   0x00000016   Code   RO         1932    i.ADC_DMARequestAfterLastTransferCmd  stm32f4xx_adc.o
    0x0800087c   0x00000068   Code   RO         2904    i.ADC_DMA_Configuration  stm32adc.o
    0x080008e4   0x00000034   Code   RO         2905    i.ADC_GPIO_Configuration  stm32adc.o
    0x08000918   0x00000054   Code   RO         1947    i.ADC_Init          stm32f4xx_adc.o
    0x0800096c   0x000000b8   Code   RO         1952    i.ADC_RegularChannelConfig  stm32f4xx_adc.o
    0x08000a24   0x0000000a   Code   RO         1954    i.ADC_SoftwareStartConv  stm32f4xx_adc.o
    0x08000a2e   0x00000002   PAD
    0x08000a30   0x0000001c   Code   RO         2906    i.ADC_Voltage_initial  stm32adc.o
    0x08000a4c   0x0000001e   Code   RO         3064    i.BMI160_GetAvg     bmi160.o
    0x08000a6a   0x00000002   PAD
    0x08000a6c   0x000000c8   Code   RO         3065    i.BMI160_InitGyro_Offset  bmi160.o
    0x08000b34   0x00000010   Code   RO         3066    i.BMI160_NewVal     bmi160.o
    0x08000b44   0x00000028   Code   RO         3067    i.BMI160_Read_ID    bmi160.o
    0x08000b6c   0x0000002c   Code   RO         3068    i.BMI160_Read_Reg   bmi160.o
    0x08000b98   0x00000048   Code   RO         3069    i.BMI160_Reset_ACC_Offset  bmi160.o
    0x08000be0   0x00000084   Code   RO         3070    i.BMI160_get_ACCMAX  bmi160.o
    0x08000c64   0x000000ec   Code   RO         3071    i.BMI160_init       bmi160.o
    0x08000d50   0x00000218   Code   RO         3072    i.BMI160_readAccGyro  bmi160.o
    0x08000f68   0x00000004   Code   RO         3354    i.BusFault_Handler  stm32f4xx_it.o
    0x08000f6c   0x00000030   Code   RO         3930    i.CmdError          sdio_sdcard.o
    0x08000f9c   0x00000064   Code   RO         3931    i.CmdResp1Error     sdio_sdcard.o
    0x08001000   0x00000054   Code   RO         3932    i.CmdResp2Error     sdio_sdcard.o
    0x08001054   0x00000038   Code   RO         3933    i.CmdResp3Error     sdio_sdcard.o
    0x0800108c   0x00000094   Code   RO         3934    i.CmdResp6Error     sdio_sdcard.o
    0x08001120   0x0000004c   Code   RO         3935    i.CmdResp7Error     sdio_sdcard.o
    0x0800116c   0x00000022   Code   RO         4459    i.DCD_DevDisconnect  usb_dcd.o
    0x0800118e   0x0000004a   Code   RO         4460    i.DCD_EP_Close      usb_dcd.o
    0x080011d8   0x00000048   Code   RO         4461    i.DCD_EP_ClrStall   usb_dcd.o
    0x08001220   0x00000024   Code   RO         4462    i.DCD_EP_Flush      usb_dcd.o
    0x08001244   0x00000068   Code   RO         4463    i.DCD_EP_Open       usb_dcd.o
    0x080012ac   0x00000052   Code   RO         4464    i.DCD_EP_PrepareRx  usb_dcd.o
    0x080012fe   0x0000001c   Code   RO         4465    i.DCD_EP_SetAddress  usb_dcd.o
    0x0800131a   0x00000048   Code   RO         4466    i.DCD_EP_Stall      usb_dcd.o
    0x08001362   0x0000004e   Code   RO         4467    i.DCD_EP_Tx         usb_dcd.o
    0x080013b0   0x00000066   Code   RO         4143    i.DCD_HandleEnumDone_ISR  usb_dcd_int.o
    0x08001416   0x00000002   PAD
    0x08001418   0x00000144   Code   RO         4144    i.DCD_HandleInEP_ISR  usb_dcd_int.o
    0x0800155c   0x00000100   Code   RO         4145    i.DCD_HandleOutEP_ISR  usb_dcd_int.o
    0x0800165c   0x00000068   Code   RO         4146    i.DCD_HandleResume_ISR  usb_dcd_int.o
    0x080016c4   0x000000b0   Code   RO         4147    i.DCD_HandleRxStatusQueueLevel_ISR  usb_dcd_int.o
    0x08001774   0x0000002c   Code   RO         4148    i.DCD_HandleSof_ISR  usb_dcd_int.o
    0x080017a0   0x000000a8   Code   RO         4149    i.DCD_HandleUSBSuspend_ISR  usb_dcd_int.o
    0x08001848   0x00000104   Code   RO         4150    i.DCD_HandleUsbReset_ISR  usb_dcd_int.o
    0x0800194c   0x0000009c   Code   RO         4469    i.DCD_Init          usb_dcd.o
    0x080019e8   0x0000002c   Code   RO         4151    i.DCD_IsoINIncomplete_ISR  usb_dcd_int.o
    0x08001a14   0x0000002c   Code   RO         4152    i.DCD_IsoOUTIncomplete_ISR  usb_dcd_int.o
    0x08001a40   0x00000028   Code   RO         4153    i.DCD_ReadDevInEP   usb_dcd_int.o
    0x08001a68   0x00000090   Code   RO         4154    i.DCD_WriteEmptyTxFifo  usb_dcd_int.o
    0x08001af8   0x00000024   Code   RO         5362    i.DMA1_Stream6_IRQHandler  uart2.o
    0x08001b1c   0x00000024   Code   RO         5547    i.DMA2_Stream7_IRQHandler  uart1.o
    0x08001b40   0x00000034   Code   RO          943    i.DMA_ClearITPendingBit  stm32f4xx_dma.o
    0x08001b74   0x00000016   Code   RO          944    i.DMA_Cmd           stm32f4xx_dma.o
    0x08001b8a   0x00000002   PAD
    0x08001b8c   0x00000158   Code   RO          945    i.DMA_DeInit        stm32f4xx_dma.o
    0x08001ce4   0x00000016   Code   RO          948    i.DMA_FlowControllerConfig  stm32f4xx_dma.o
    0x08001cfa   0x00000014   Code   RO          949    i.DMA_GetCmdStatus  stm32f4xx_dma.o
    0x08001d0e   0x00000002   PAD
    0x08001d10   0x00000064   Code   RO          954    i.DMA_GetITStatus   stm32f4xx_dma.o
    0x08001d74   0x0000003a   Code   RO          955    i.DMA_ITConfig      stm32f4xx_dma.o
    0x08001dae   0x00000002   PAD
    0x08001db0   0x00000058   Code   RO          956    i.DMA_Init          stm32f4xx_dma.o
    0x08001e08   0x00000002   Code   RO         3355    i.DebugMon_Handler  stm32f4xx_it.o
    0x08001e0a   0x00000002   PAD
    0x08001e0c   0x00000054   Code   RO         3462    i.FAT_Initial       fat_driver.o
    0x08001e60   0x00000070   Code   RO         3464    i.FileSave_TimerSet  fat_driver.o
    0x08001ed0   0x000000a0   Code   RO         3465    i.File_Save_Routing  fat_driver.o
    0x08001f70   0x00000064   Code   RO         3466    i.File_head         fat_driver.o
    0x08001fd4   0x00000194   Code   RO         3936    i.FindSCR           sdio_sdcard.o
    0x08002168   0x000005d0   Code   RO         2817    i.FreeIMU_AHRSupdate  imu.o
    0x08002738   0x00000090   Code   RO         1071    i.GPIO_Init         stm32f4xx_gpio.o
    0x080027c8   0x00000046   Code   RO         1072    i.GPIO_PinAFConfig  stm32f4xx_gpio.o
    0x0800280e   0x00000012   Code   RO         1075    i.GPIO_ReadInputDataBit  stm32f4xx_gpio.o
    0x08002820   0x00000004   Code   RO         1078    i.GPIO_ResetBits    stm32f4xx_gpio.o
    0x08002824   0x00000004   Code   RO         1079    i.GPIO_SetBits      stm32f4xx_gpio.o
    0x08002828   0x00000084   Code   RO         2907    i.Get_Bat_Vol       stm32adc.o
    0x080028ac   0x000000a4   Code   RO         2750    i.Get_file_name     eeprom.o
    0x08002950   0x00000004   Code   RO         3356    i.HardFault_Handler  stm32f4xx_it.o
    0x08002954   0x00000046   Code   RO         2477    i.I2C_ReadOneByte   ioi2c.o
    0x0800299a   0x00000002   PAD
    0x0800299c   0x0000004c   Code   RO         2478    i.IIC_Ack           ioi2c.o
    0x080029e8   0x00000034   Code   RO         2479    i.IIC_Init          ioi2c.o
    0x08002a1c   0x0000004c   Code   RO         2480    i.IIC_NAck          ioi2c.o
    0x08002a68   0x0000006c   Code   RO         2481    i.IIC_Read_Byte     ioi2c.o
    0x08002ad4   0x00000064   Code   RO         2482    i.IIC_Send_Byte     ioi2c.o
    0x08002b38   0x0000004c   Code   RO         2483    i.IIC_Start         ioi2c.o
    0x08002b84   0x0000004c   Code   RO         2484    i.IIC_Stop          ioi2c.o
    0x08002bd0   0x00000074   Code   RO         2485    i.IIC_Wait_Ack      ioi2c.o
    0x08002c44   0x00000064   Code   RO         2487    i.IICreadBytes      ioi2c.o
    0x08002ca8   0x00000014   Code   RO         2490    i.IICwriteByte      ioi2c.o
    0x08002cbc   0x00000046   Code   RO         2491    i.IICwriteBytes     ioi2c.o
    0x08002d02   0x00000002   PAD
    0x08002d04   0x00000688   Code   RO         2818    i.IMU_AHRSupdate    imu.o
    0x0800338c   0x00000154   Code   RO         2819    i.IMU_getQ          imu.o
    0x080034e0   0x0000005c   Code   RO         2820    i.IMU_getValues     imu.o
    0x0800353c   0x00000288   Code   RO         2821    i.IMU_getYawPitchRoll  imu.o
    0x080037c4   0x00000130   Code   RO         2822    i.IMU_init          imu.o
    0x080038f4   0x000000c8   Code   RO         2358    i.Initial_LED_GPIO  led.o
    0x080039bc   0x000000c4   Code   RO         2359    i.Initial_PWM_LED   led.o
    0x08003a80   0x0000004c   Code   RO         2434    i.Initial_System_Timer  delay.o
    0x08003acc   0x00000138   Code   RO         5548    i.Initial_UART1     uart1.o
    0x08003c04   0x00000134   Code   RO         5363    i.Initial_UART2     uart2.o
    0x08003d38   0x000000a0   Code   RO         3937    i.IsCardProgramming  sdio_sdcard.o
    0x08003dd8   0x00000030   Code   RO         2908    i.Is_BAT_LOW        stm32adc.o
    0x08003e08   0x00000030   Code   RO         2361    i.LED_Change        led.o
    0x08003e38   0x0000002c   Code   RO         2362    i.LED_Reverse       led.o
    0x08003e64   0x00000010   Code   RO         2587    i.MS561101BA_GetTemperature  ms5611.o
    0x08003e74   0x00000074   Code   RO         2588    i.MS561101BA_NewAlt  ms5611.o
    0x08003ee8   0x00000068   Code   RO         2589    i.MS561101BA_NewPress  ms5611.o
    0x08003f50   0x00000068   Code   RO         2590    i.MS561101BA_NewTemp  ms5611.o
    0x08003fb8   0x00000028   Code   RO         2591    i.MS561101BA_ResetAlt  ms5611.o
    0x08003fe0   0x00000038   Code   RO         2593    i.MS561101BA_getAvg  ms5611.o
    0x08004018   0x00000068   Code   RO         2594    i.MS561101BA_getConversion  ms5611.o
    0x08004080   0x00000264   Code   RO         2595    i.MS561101BA_getPressure  ms5611.o
    0x080042e4   0x00000120   Code   RO         2596    i.MS561101BA_get_altitude  ms5611.o
    0x08004404   0x00000012   Code   RO         2597    i.MS561101BA_init   ms5611.o
    0x08004416   0x00000002   PAD
    0x08004418   0x00000074   Code   RO         2598    i.MS561101BA_readPROM  ms5611.o
    0x0800448c   0x00000020   Code   RO         2599    i.MS561101BA_reset  ms5611.o
    0x080044ac   0x00000022   Code   RO         2600    i.MS561101BA_startConversion  ms5611.o
    0x080044ce   0x00000002   PAD
    0x080044d0   0x000000b8   Code   RO         2602    i.MS5611BA_Routing  ms5611.o
    0x08004588   0x00000044   Code   RO         4808    i.MSC_BOT_Abort     usbd_msc_bot.o
    0x080045cc   0x000000d0   Code   RO         4809    i.MSC_BOT_CBW_Decode  usbd_msc_bot.o
    0x0800469c   0x0000003c   Code   RO         4810    i.MSC_BOT_CplClrFeature  usbd_msc_bot.o
    0x080046d8   0x00000050   Code   RO         4811    i.MSC_BOT_DataIn    usbd_msc_bot.o
    0x08004728   0x00000044   Code   RO         4812    i.MSC_BOT_DataOut   usbd_msc_bot.o
    0x0800476c   0x0000000c   Code   RO         4813    i.MSC_BOT_DeInit    usbd_msc_bot.o
    0x08004778   0x00000048   Code   RO         4814    i.MSC_BOT_Init      usbd_msc_bot.o
    0x080047c0   0x0000002c   Code   RO         4815    i.MSC_BOT_Reset     usbd_msc_bot.o
    0x080047ec   0x00000040   Code   RO         4816    i.MSC_BOT_SendCSW   usbd_msc_bot.o
    0x0800482c   0x00000048   Code   RO         4817    i.MSC_BOT_SendData  usbd_msc_bot.o
    0x08004874   0x00000004   Code   RO         3357    i.MemManage_Handler  stm32f4xx_it.o
    0x08004878   0x00000002   Code   RO         3358    i.NMI_Handler       stm32f4xx_it.o
    0x0800487a   0x00000040   Code   RO         5364    i.NVIC_Configuration  uart2.o
    0x080048ba   0x0000003e   Code   RO         5549    i.NVIC_Configuration  uart1.o
    0x080048f8   0x00000078   Code   RO          898    i.NVIC_Init         misc.o
    0x08004970   0x00000014   Code   RO          899    i.NVIC_PriorityGroupConfig  misc.o
    0x08004984   0x00000028   Code   RO         2751    i.New_Filed         eeprom.o
    0x080049ac   0x00000084   Code   RO         5457    i.OSMemCreate       osqmem.o
    0x08004a30   0x0000001c   Code   RO         5458    i.OSMemDelete       osqmem.o
    0x08004a4c   0x0000002c   Code   RO         5459    i.OSMemGet          osqmem.o
    0x08004a78   0x00000018   Code   RO         5460    i.OSMemInit         osqmem.o
    0x08004a90   0x00000010   Code   RO         5124    i.OTG_FS_IRQHandler  usb_it.o
    0x08004aa0   0x00000002   Code   RO         3359    i.PendSV_Handler    stm32f4xx_it.o
    0x08004aa2   0x00000002   PAD
    0x08004aa4   0x00000148   Code   RO         3169    i.QMC5883L_Save_Calib  qmc5883.o
    0x08004bec   0x0000000e   Code   RO         3170    i.QMC5883L_SetUp    qmc5883.o
    0x08004bfa   0x00000002   PAD
    0x08004bfc   0x00000088   Code   RO         3171    i.QMC5883L_Start_Calib  qmc5883.o
    0x08004c84   0x0000005c   Code   RO         3172    i.QMC5883L_update_config  qmc5883.o
    0x08004ce0   0x00000020   Code   RO         3173    i.QMC5883_FIFO_init  qmc5883.o
    0x08004d00   0x0000008c   Code   RO         3174    i.QMC5883_getRaw    qmc5883.o
    0x08004d8c   0x0000001c   Code   RO         3175    i.QMC5883_getlastValues  qmc5883.o
    0x08004da8   0x00000032   Code   RO         3176    i.QMC5883_init      qmc5883.o
    0x08004dda   0x00000002   PAD
    0x08004ddc   0x00000108   Code   RO         3177    i.QMC5883_mgetValues  qmc5883.o
    0x08004ee4   0x00000180   Code   RO         3178    i.QMC5883_newValues  qmc5883.o
    0x08005064   0x00000012   Code   RO         3179    i.QMC5883_writeReg  qmc5883.o
    0x08005076   0x00000002   PAD
    0x08005078   0x00000020   Code   RO         1168    i.RCC_AHB1PeriphClockCmd  stm32f4xx_rcc.o
    0x08005098   0x00000020   Code   RO         1171    i.RCC_AHB2PeriphClockCmd  stm32f4xx_rcc.o
    0x080050b8   0x00000020   Code   RO         1177    i.RCC_APB1PeriphClockCmd  stm32f4xx_rcc.o
    0x080050d8   0x00000020   Code   RO         1179    i.RCC_APB1PeriphResetCmd  stm32f4xx_rcc.o
    0x080050f8   0x00000020   Code   RO         1180    i.RCC_APB2PeriphClockCmd  stm32f4xx_rcc.o
    0x08005118   0x00000020   Code   RO         1182    i.RCC_APB2PeriphResetCmd  stm32f4xx_rcc.o
    0x08005138   0x000000e8   Code   RO         1189    i.RCC_GetClocksFreq  stm32f4xx_rcc.o
    0x08005220   0x00000030   Code   RO         2752    i.Read_config       eeprom.o
    0x08005250   0x0000002c   Code   RO         4975    i.SCSI_CheckAddressRange  usbd_msc_scsi.o
    0x0800527c   0x00000058   Code   RO         4976    i.SCSI_Inquiry      usbd_msc_scsi.o
    0x080052d4   0x00000030   Code   RO         4977    i.SCSI_ModeSense10  usbd_msc_scsi.o
    0x08005304   0x00000030   Code   RO         4978    i.SCSI_ModeSense6   usbd_msc_scsi.o
    0x08005334   0x000000d8   Code   RO         4979    i.SCSI_ProcessCmd   usbd_msc_scsi.o
    0x0800540c   0x000000b8   Code   RO         4980    i.SCSI_ProcessRead  usbd_msc_scsi.o
    0x080054c4   0x000000cc   Code   RO         4981    i.SCSI_ProcessWrite  usbd_msc_scsi.o
    0x08005590   0x000000f0   Code   RO         4982    i.SCSI_Read10       usbd_msc_scsi.o
    0x08005680   0x0000008c   Code   RO         4983    i.SCSI_ReadCapacity10  usbd_msc_scsi.o
    0x0800570c   0x00000088   Code   RO         4984    i.SCSI_ReadFormatCapacity  usbd_msc_scsi.o
    0x08005794   0x00000098   Code   RO         4985    i.SCSI_RequestSense  usbd_msc_scsi.o
    0x0800582c   0x0000003c   Code   RO         4986    i.SCSI_SenseCode    usbd_msc_scsi.o
    0x08005868   0x00000010   Code   RO         4987    i.SCSI_StartStopUnit  usbd_msc_scsi.o
    0x08005878   0x00000050   Code   RO         4988    i.SCSI_TestUnitReady  usbd_msc_scsi.o
    0x080058c8   0x00000050   Code   RO         4989    i.SCSI_Verify10     usbd_msc_scsi.o
    0x08005918   0x00000134   Code   RO         4990    i.SCSI_Write10      usbd_msc_scsi.o
    0x08005a4c   0x000000ac   Code   RO         3938    i.SDEnWideBus       sdio_sdcard.o
    0x08005af8   0x0000000c   Code   RO         2164    i.SDIO_ClearFlag    stm32f4xx_sdio.o
    0x08005b04   0x0000001c   Code   RO         3939    i.SDIO_Clock_Set    sdio_sdcard.o
    0x08005b20   0x00000034   Code   RO         2170    i.SDIO_DataConfig   stm32f4xx_sdio.o
    0x08005b54   0x00000018   Code   RO         2176    i.SDIO_GetFlagStatus  stm32f4xx_sdio.o
    0x08005b6c   0x00000010   Code   RO         2178    i.SDIO_GetPowerState  stm32f4xx_sdio.o
    0x08005b7c   0x00000008   Code   RO         3940    i.SDIO_IRQHandler   sdio_sdcard.o
    0x08005b84   0x00000030   Code   RO         2181    i.SDIO_Init         stm32f4xx_sdio.o
    0x08005bb4   0x00000038   Code   RO         3941    i.SDIO_Register_Deinit  sdio_sdcard.o
    0x08005bec   0x0000002c   Code   RO         2184    i.SDIO_SendCommand  stm32f4xx_sdio.o
    0x08005c18   0x0000000c   Code   RO         2186    i.SDIO_SetPowerState  stm32f4xx_sdio.o
    0x08005c24   0x00000080   Code   RO         3942    i.SD_DMA_Config     sdio_sdcard.o
    0x08005ca4   0x00000068   Code   RO         3943    i.SD_EnableWideBusOperation  sdio_sdcard.o
    0x08005d0c   0x000002fc   Code   RO         3944    i.SD_GetCardInfo    sdio_sdcard.o
    0x08006008   0x00000130   Code   RO         3946    i.SD_Init           sdio_sdcard.o
    0x08006138   0x00000164   Code   RO         3947    i.SD_InitializeCards  sdio_sdcard.o
    0x0800629c   0x000001f8   Code   RO         3949    i.SD_PowerON        sdio_sdcard.o
    0x08006494   0x00000154   Code   RO         3950    i.SD_ProcessIRQSrc  sdio_sdcard.o
    0x080065e8   0x00000270   Code   RO         3951    i.SD_ReadBlock      sdio_sdcard.o
    0x08006858   0x000000a0   Code   RO         3952    i.SD_ReadDisk       sdio_sdcard.o
    0x080068f8   0x000002f4   Code   RO         3953    i.SD_ReadMultiBlocks  sdio_sdcard.o
    0x08006bec   0x00000030   Code   RO         3954    i.SD_SelectDeselect  sdio_sdcard.o
    0x08006c1c   0x00000018   Code   RO         3956    i.SD_SetDeviceMode  sdio_sdcard.o
    0x08006c34   0x00000388   Code   RO         3957    i.SD_WriteBlock     sdio_sdcard.o
    0x08006fbc   0x000000a0   Code   RO         3958    i.SD_WriteDisk      sdio_sdcard.o
    0x0800705c   0x000003d0   Code   RO         3959    i.SD_WriteMultiBlocks  sdio_sdcard.o
    0x0800742c   0x00000030   Code   RO         2363    i.SET_POWER_Down    led.o
    0x0800745c   0x00000100   Code   RO         2960    i.SPI1_Configuration  spi1.o
    0x0800755c   0x00000030   Code   RO         2961    i.SPI1_ReadWrite_Byte  spi1.o
    0x0800758c   0x00000028   Code   RO         2964    i.SPI1_readRegs     spi1.o
    0x080075b4   0x00000014   Code   RO         2965    i.SPI1_writeReg     spi1.o
    0x080075c8   0x00000108   Code   RO         2713    i.SPI2_Configuration  spi2.o
    0x080076d0   0x00000018   Code   RO         1502    i.SPI_Cmd           stm32f4xx_spi.o
    0x080076e8   0x0000003c   Code   RO         1515    i.SPI_Init          stm32f4xx_spi.o
    0x08007724   0x00000030   Code   RO         5215    i.STORAGE_GetCapacity  usbd_storage_msd.o
    0x08007754   0x00000004   Code   RO         5216    i.STORAGE_GetMaxLun  usbd_storage_msd.o
    0x08007758   0x00000060   Code   RO         5217    i.STORAGE_Init      usbd_storage_msd.o
    0x080077b8   0x00000024   Code   RO         5218    i.STORAGE_IsReady   usbd_storage_msd.o
    0x080077dc   0x00000030   Code   RO         5219    i.STORAGE_IsWriteProtected  usbd_storage_msd.o
    0x0800780c   0x000000c0   Code   RO         5220    i.STORAGE_Read      usbd_storage_msd.o
    0x080078cc   0x000000a4   Code   RO         5221    i.STORAGE_Write     usbd_storage_msd.o
    0x08007970   0x00000002   Code   RO         3360    i.SVC_Handler       stm32f4xx_it.o
    0x08007972   0x00000002   PAD
    0x08007974   0x000000a4   Code   RO         2364    i.Scan_Key_Routing  led.o
    0x08007a18   0x000000f0   Code   RO         3425    i.SetSysClock       system_stm32f4xx.o
    0x08007b08   0x00000050   Code   RO         2365    i.Set_BeepON        led.o
    0x08007b58   0x00000038   Code   RO         5365    i.Sum_check         uart2.o
    0x08007b90   0x00000038   Code   RO         5551    i.Sum_check         uart1.o
    0x08007bc8   0x00000002   Code   RO         3361    i.SysTick_Handler   stm32f4xx_it.o
    0x08007bca   0x00000002   PAD
    0x08007bcc   0x00000068   Code   RO         3427    i.SystemInit        system_stm32f4xx.o
    0x08007c34   0x00000034   Code   RO         3257    i.TIM3_IRQHandler   main.o
    0x08007c68   0x000003a0   Code   RO         3467    i.TIM4_IRQHandler   fat_driver.o
    0x08008008   0x00000018   Code   RO          152    i.TIM_ARRPreloadConfig  stm32f4xx_tim.o
    0x08008020   0x00000018   Code   RO          164    i.TIM_Cmd           stm32f4xx_tim.o
    0x08008038   0x0000001e   Code   RO          166    i.TIM_CtrlPWMOutputs  stm32f4xx_tim.o
    0x08008056   0x00000012   Code   RO          189    i.TIM_ITConfig      stm32f4xx_tim.o
    0x08008068   0x0000007c   Code   RO          193    i.TIM_OC1Init       stm32f4xx_tim.o
    0x080080e4   0x00000012   Code   RO          196    i.TIM_OC1PreloadConfig  stm32f4xx_tim.o
    0x080080f6   0x00000002   PAD
    0x080080f8   0x000000a4   Code   RO          198    i.TIM_OC2Init       stm32f4xx_tim.o
    0x0800819c   0x000000a0   Code   RO          203    i.TIM_OC3Init       stm32f4xx_tim.o
    0x0800823c   0x00000084   Code   RO          236    i.TIM_TimeBaseInit  stm32f4xx_tim.o
    0x080082c0   0x0000001e   Code   RO         3015    i.Tim3_NVIC_Init    time3_driver.o
    0x080082de   0x00000002   PAD
    0x080082e0   0x0000001c   Code   RO         3016    i.Tim3_Restart      time3_driver.o
    0x080082fc   0x00000024   Code   RO         3017    i.Tim3_Set_Speed    time3_driver.o
    0x08008320   0x00000014   Code   RO         3018    i.Tim3_Stop         time3_driver.o
    0x08008334   0x0000004c   Code   RO         3019    i.Time3_Inttrup_init  time3_driver.o
    0x08008380   0x00000030   Code   RO         5552    i.UART1_CommandRoute  uart1.o
    0x080083b0   0x0000001a   Code   RO         5553    i.UART1_Put_String  uart1.o
    0x080083ca   0x00000002   PAD
    0x080083cc   0x00000050   Code   RO         5555    i.UART1_Putw_Dec    uart1.o
    0x0800841c   0x00000030   Code   RO         5366    i.UART2_CommandRoute  uart2.o
    0x0800844c   0x00000108   Code   RO         5368    i.UART2_ReportHMC   uart2.o
    0x08008554   0x00000228   Code   RO         5369    i.UART2_ReportIMU   uart2.o
    0x0800877c   0x00000284   Code   RO         5370    i.UART2_ReportMotion  uart2.o
    0x08008a00   0x00000058   Code   RO         5371    i.UART2_Send_ACC    uart2.o
    0x08008a58   0x000000a0   Code   RO         5636    i.USART1DMAConfig   usart1dmatx.o
    0x08008af8   0x000000d0   Code   RO         5637    i.USART1DMAUpdate   usart1dmatx.o
    0x08008bc8   0x00000130   Code   RO         5639    i.USART1WriteDataToBuffer  usart1dmatx.o
    0x08008cf8   0x000000dc   Code   RO         5557    i.USART1_IRQHandler  uart1.o
    0x08008dd4   0x000000a0   Code   RO         5501    i.USART2DMAConfig   usart2dmatx.o
    0x08008e74   0x000000d0   Code   RO         5502    i.USART2DMAUpdate   usart2dmatx.o
    0x08008f44   0x00000130   Code   RO         5504    i.USART2WriteDataToBuffer  usart2dmatx.o
    0x08009074   0x000000dc   Code   RO         5372    i.USART2_IRQHandler  uart2.o
    0x08009150   0x0000001e   Code   RO          711    i.USART_ClearITPendingBit  stm32f4xx_usart.o
    0x0800916e   0x00000018   Code   RO          714    i.USART_Cmd         stm32f4xx_usart.o
    0x08009186   0x00000012   Code   RO          715    i.USART_DMACmd      stm32f4xx_usart.o
    0x08009198   0x000000f0   Code   RO          716    i.USART_DeInit      stm32f4xx_usart.o
    0x08009288   0x00000054   Code   RO          718    i.USART_GetITStatus  stm32f4xx_usart.o
    0x080092dc   0x0000004a   Code   RO          720    i.USART_ITConfig    stm32f4xx_usart.o
    0x08009326   0x00000002   PAD
    0x08009328   0x000000d4   Code   RO          721    i.USART_Init        stm32f4xx_usart.o
    0x080093fc   0x0000000a   Code   RO          728    i.USART_ReceiveData  stm32f4xx_usart.o
    0x08009406   0x00000016   Code   RO         4550    i.USBD_ClrCfg       usbd_core.o
    0x0800941c   0x00000048   Code   RO         4709    i.USBD_ClrFeature   usbd_req.o
    0x08009464   0x0000001e   Code   RO         4653    i.USBD_CtlContinueRx  usbd_ioreq.o
    0x08009482   0x0000001e   Code   RO         4654    i.USBD_CtlContinueSendData  usbd_ioreq.o
    0x080094a0   0x0000001e   Code   RO         4710    i.USBD_CtlError     usbd_req.o
    0x080094be   0x00000024   Code   RO         4656    i.USBD_CtlReceiveStatus  usbd_ioreq.o
    0x080094e2   0x0000002e   Code   RO         4657    i.USBD_CtlSendData  usbd_ioreq.o
    0x08009510   0x00000024   Code   RO         4658    i.USBD_CtlSendStatus  usbd_ioreq.o
    0x08009534   0x000000d0   Code   RO         4551    i.USBD_DataInStage  usbd_core.o
    0x08009604   0x00000096   Code   RO         4552    i.USBD_DataOutStage  usbd_core.o
    0x0800969a   0x00000006   Code   RO         4553    i.USBD_DeInit       usbd_core.o
    0x080096a0   0x00000054   Code   RO         4711    i.USBD_GetConfig    usbd_req.o
    0x080096f4   0x00000122   Code   RO         4712    i.USBD_GetDescriptor  usbd_req.o
    0x08009816   0x00000014   Code   RO         4713    i.USBD_GetLen       usbd_req.o
    0x0800982a   0x00000014   Code   RO         4659    i.USBD_GetRxCount   usbd_ioreq.o
    0x0800983e   0x00000002   PAD
    0x08009840   0x00000050   Code   RO         4714    i.USBD_GetStatus    usbd_req.o
    0x08009890   0x00000052   Code   RO         4715    i.USBD_GetString    usbd_req.o
    0x080098e2   0x00000042   Code   RO         4554    i.USBD_Init         usbd_core.o
    0x08009924   0x00000012   Code   RO         4555    i.USBD_IsoINIncomplete  usbd_core.o
    0x08009936   0x00000012   Code   RO         4556    i.USBD_IsoOUTIncomplete  usbd_core.o
    0x08009948   0x00000012   Code   RO         4895    i.USBD_MSC_DataIn   usbd_msc_core.o
    0x0800995a   0x00000012   Code   RO         4896    i.USBD_MSC_DataOut  usbd_msc_core.o
    0x0800996c   0x00000020   Code   RO         4897    i.USBD_MSC_DeInit   usbd_msc_core.o
    0x0800998c   0x00000010   Code   RO         4898    i.USBD_MSC_GetCfgDesc  usbd_msc_core.o
    0x0800999c   0x00000030   Code   RO         4899    i.USBD_MSC_Init     usbd_msc_core.o
    0x080099cc   0x00000120   Code   RO         4900    i.USBD_MSC_Setup    usbd_msc_core.o
    0x08009aec   0x000000e0   Code   RO         4155    i.USBD_OTG_ISR_Handler  usb_dcd_int.o
    0x08009bcc   0x00000048   Code   RO         4716    i.USBD_ParseSetupRequest  usbd_req.o
    0x08009c14   0x00000032   Code   RO         4557    i.USBD_Reset        usbd_core.o
    0x08009c46   0x0000001e   Code   RO         4558    i.USBD_Resume       usbd_core.o
    0x08009c64   0x00000014   Code   RO         4559    i.USBD_RunTestMode  usbd_core.o
    0x08009c78   0x0000001a   Code   RO         4560    i.USBD_SOF          usbd_core.o
    0x08009c92   0x0000005c   Code   RO         4717    i.USBD_SetAddress   usbd_req.o
    0x08009cee   0x0000001e   Code   RO         4561    i.USBD_SetCfg       usbd_core.o
    0x08009d0c   0x000000d0   Code   RO         4718    i.USBD_SetConfig    usbd_req.o
    0x08009ddc   0x000000a4   Code   RO         4719    i.USBD_SetFeature   usbd_req.o
    0x08009e80   0x00000054   Code   RO         4562    i.USBD_SetupStage   usbd_core.o
    0x08009ed4   0x00000072   Code   RO         4720    i.USBD_StdDevReq    usbd_req.o
    0x08009f46   0x00000002   PAD
    0x08009f48   0x0000015c   Code   RO         4721    i.USBD_StdEPReq     usbd_req.o
    0x0800a0a4   0x0000004c   Code   RO         4722    i.USBD_StdItfReq    usbd_req.o
    0x0800a0f0   0x00000020   Code   RO         4563    i.USBD_Suspend      usbd_core.o
    0x0800a110   0x00000034   Code   RO         5152    i.USBD_USR_ConfigStrDescriptor  usbd_desc.o
    0x0800a144   0x00000030   Code   RO         5278    i.USBD_USR_DeviceConfigured  usbd_usr.o
    0x0800a174   0x00000030   Code   RO         5279    i.USBD_USR_DeviceConnected  usbd_usr.o
    0x0800a1a4   0x00000010   Code   RO         5153    i.USBD_USR_DeviceDescriptor  usbd_desc.o
    0x0800a1b4   0x00000034   Code   RO         5280    i.USBD_USR_DeviceDisconnected  usbd_usr.o
    0x0800a1e8   0x00000098   Code   RO         5281    i.USBD_USR_DeviceReset  usbd_usr.o
    0x0800a280   0x00000020   Code   RO         5282    i.USBD_USR_DeviceResumed  usbd_usr.o
    0x0800a2a0   0x00000030   Code   RO         5283    i.USBD_USR_DeviceSuspended  usbd_usr.o
    0x0800a2d0   0x00000020   Code   RO         5284    i.USBD_USR_Init     usbd_usr.o
    0x0800a2f0   0x00000038   Code   RO         5154    i.USBD_USR_InterfaceStrDescriptor  usbd_desc.o
    0x0800a328   0x00000010   Code   RO         5155    i.USBD_USR_LangIDStrDescriptor  usbd_desc.o
    0x0800a338   0x0000002c   Code   RO         5156    i.USBD_USR_ManufacturerStrDescriptor  usbd_desc.o
    0x0800a364   0x00000058   Code   RO         5157    i.USBD_USR_ProductStrDescriptor  usbd_desc.o
    0x0800a3bc   0x00000048   Code   RO         5158    i.USBD_USR_SerialStrDescriptor  usbd_desc.o
    0x0800a404   0x00000088   Code   RO         3258    i.USB_Check         main.o
    0x0800a48c   0x0000002c   Code   RO         5083    i.USB_OTG_BSP_EnableInterrupt  usb_bsp.o
    0x0800a4b8   0x0000005c   Code   RO         5084    i.USB_OTG_BSP_Init  usb_bsp.o
    0x0800a514   0x00000012   Code   RO         5085    i.USB_OTG_BSP_mDelay  usb_bsp.o
    0x0800a526   0x00000016   Code   RO         5086    i.USB_OTG_BSP_uDelay  usb_bsp.o
    0x0800a53c   0x00000126   Code   RO         4228    i.USB_OTG_CoreInit  usb_core.o
    0x0800a662   0x0000020a   Code   RO         4229    i.USB_OTG_CoreInitDev  usb_core.o
    0x0800a86c   0x00000070   Code   RO         4230    i.USB_OTG_CoreReset  usb_core.o
    0x0800a8dc   0x00000022   Code   RO         4231    i.USB_OTG_DisableGlobalInt  usb_core.o
    0x0800a8fe   0x0000006a   Code   RO         4232    i.USB_OTG_EP0Activate  usb_core.o
    0x0800a968   0x00000156   Code   RO         4233    i.USB_OTG_EP0StartXfer  usb_core.o
    0x0800aabe   0x00000062   Code   RO         4234    i.USB_OTG_EP0_OutStart  usb_core.o
    0x0800ab20   0x00000098   Code   RO         4235    i.USB_OTG_EPActivate  usb_core.o
    0x0800abb8   0x00000050   Code   RO         4236    i.USB_OTG_EPClearStall  usb_core.o
    0x0800ac08   0x0000005e   Code   RO         4237    i.USB_OTG_EPDeactivate  usb_core.o
    0x0800ac66   0x00000064   Code   RO         4238    i.USB_OTG_EPSetStall  usb_core.o
    0x0800acca   0x000001f6   Code   RO         4239    i.USB_OTG_EPStartXfer  usb_core.o
    0x0800aec0   0x00000034   Code   RO         4240    i.USB_OTG_EnableCommonInt  usb_core.o
    0x0800aef4   0x0000009a   Code   RO         4241    i.USB_OTG_EnableDevInt  usb_core.o
    0x0800af8e   0x00000022   Code   RO         4242    i.USB_OTG_EnableGlobalInt  usb_core.o
    0x0800afb0   0x0000004c   Code   RO         4243    i.USB_OTG_FlushRxFifo  usb_core.o
    0x0800affc   0x00000054   Code   RO         4244    i.USB_OTG_FlushTxFifo  usb_core.o
    0x0800b050   0x00000034   Code   RO         4245    i.USB_OTG_GetDeviceSpeed  usb_core.o
    0x0800b084   0x0000000c   Code   RO         4247    i.USB_OTG_GetMode   usb_core.o
    0x0800b090   0x00000018   Code   RO         4248    i.USB_OTG_InitDevSpeed  usb_core.o
    0x0800b0a8   0x00000016   Code   RO         4249    i.USB_OTG_IsDeviceMode  usb_core.o
    0x0800b0be   0x00000010   Code   RO         4251    i.USB_OTG_ReadCoreItr  usb_core.o
    0x0800b0ce   0x00000010   Code   RO         4252    i.USB_OTG_ReadDevAllInEPItr  usb_core.o
    0x0800b0de   0x00000010   Code   RO         4253    i.USB_OTG_ReadDevAllOutEp_itr  usb_core.o
    0x0800b0ee   0x00000014   Code   RO         4254    i.USB_OTG_ReadDevOutEP_itr  usb_core.o
    0x0800b102   0x00000028   Code   RO         4256    i.USB_OTG_ReadPacket  usb_core.o
    0x0800b12a   0x00000002   PAD
    0x0800b12c   0x000000d0   Code   RO         4257    i.USB_OTG_SelectCore  usb_core.o
    0x0800b1fc   0x0000004e   Code   RO         4258    i.USB_OTG_SetCurrentMode  usb_core.o
    0x0800b24a   0x00000040   Code   RO         4262    i.USB_OTG_WritePacket  usb_core.o
    0x0800b28a   0x00000002   PAD
    0x0800b28c   0x000001bc   Code   RO         3259    i.Updata_PC_Route   main.o
    0x0800b448   0x00000004   Code   RO         3362    i.UsageFault_Handler  stm32f4xx_it.o
    0x0800b44c   0x00000030   Code   RO         2753    i.Write_AT24C       eeprom.o
    0x0800b47c   0x00000028   Code   RO         2754    i.Write_config      eeprom.o
    0x0800b4a4   0x00000030   Code   RO         5823    i.__ARM_fpclassify  m_wm.l(fpclassify.o)
    0x0800b4d4   0x00000004   PAD
    0x0800b4d8   0x00000360   Code   RO         5713    i.__hardfp_asin     m_wm.l(asin.o)
    0x0800b838   0x000002d8   Code   RO         5789    i.__hardfp_atan     m_wm.l(atan.o)
    0x0800bb10   0x000001f0   Code   RO         5727    i.__hardfp_atan2    m_wm.l(atan2.o)
    0x0800bd00   0x00000c38   Code   RO         5739    i.__hardfp_pow      m_wm.l(pow.o)
    0x0800c938   0x0000007a   Code   RO         5753    i.__hardfp_sqrt     m_wm.l(sqrt.o)
    0x0800c9b2   0x000000f8   Code   RO         5825    i.__kernel_poly     m_wm.l(poly.o)
    0x0800caaa   0x00000006   PAD
    0x0800cab0   0x00000030   Code   RO         5803    i.__mathlib_dbl_divzero  m_wm.l(dunder.o)
    0x0800cae0   0x00000014   Code   RO         5804    i.__mathlib_dbl_infnan  m_wm.l(dunder.o)
    0x0800caf4   0x00000014   Code   RO         5805    i.__mathlib_dbl_infnan2  m_wm.l(dunder.o)
    0x0800cb08   0x00000020   Code   RO         5806    i.__mathlib_dbl_invalid  m_wm.l(dunder.o)
    0x0800cb28   0x00000020   Code   RO         5807    i.__mathlib_dbl_overflow  m_wm.l(dunder.o)
    0x0800cb48   0x00000020   Code   RO         5809    i.__mathlib_dbl_underflow  m_wm.l(dunder.o)
    0x0800cb68   0x00000010   Code   RO         5791    i.atan              m_wm.l(atan.o)
    0x0800cb78   0x00000090   Code   RO         3610    i.check_fs          ff.o
    0x0800cc08   0x00000014   Code   RO         3611    i.chk_chr           ff.o
    0x0800cc1c   0x00000032   Code   RO         3612    i.clmt_clust        ff.o
    0x0800cc4e   0x0000001a   Code   RO         3613    i.clust2sect        ff.o
    0x0800cc68   0x00000012   Code   RO         3960    i.convert_from_bytes_to_power_of_two  sdio_sdcard.o
    0x0800cc7a   0x000000d6   Code   RO         3614    i.create_chain      ff.o
    0x0800cd50   0x00000118   Code   RO         3615    i.create_name       ff.o
    0x0800ce68   0x00000048   Code   RO         2435    i.delay_init        delay.o
    0x0800ceb0   0x0000003c   Code   RO         2436    i.delay_ms          delay.o
    0x0800ceec   0x0000003c   Code   RO         2437    i.delay_us          delay.o
    0x0800cf28   0x0000005c   Code   RO         3616    i.dir_alloc         ff.o
    0x0800cf84   0x0000005c   Code   RO         3617    i.dir_find          ff.o
    0x0800cfe0   0x00000110   Code   RO         3618    i.dir_next          ff.o
    0x0800d0f0   0x0000003a   Code   RO         3620    i.dir_register      ff.o
    0x0800d12a   0x0000009e   Code   RO         3622    i.dir_sdi           ff.o
    0x0800d1c8   0x00000028   Code   RO         3562    i.disk_initialize   diskio.o
    0x0800d1f0   0x00000078   Code   RO         3563    i.disk_ioctl        diskio.o
    0x0800d268   0x00000062   Code   RO         3564    i.disk_read         diskio.o
    0x0800d2ca   0x00000006   Code   RO         3565    i.disk_status       diskio.o
    0x0800d2d0   0x00000078   Code   RO         3566    i.disk_write        diskio.o
    0x0800d348   0x00000024   Code   RO         3624    i.f_close           ff.o
    0x0800d36c   0x0000005c   Code   RO         3632    i.f_mount           ff.o
    0x0800d3c8   0x00000164   Code   RO         3633    i.f_open            ff.o
    0x0800d52c   0x000000b0   Code   RO         3643    i.f_sync            ff.o
    0x0800d5dc   0x000001ea   Code   RO         3647    i.f_write           ff.o
    0x0800d7c6   0x00000018   Code   RO         5819    i.fabs              m_wm.l(fabs.o)
    0x0800d7de   0x00000002   PAD
    0x0800d7e0   0x00000388   Code   RO         3648    i.find_volume       ff.o
    0x0800db68   0x00000090   Code   RO         3649    i.follow_path       ff.o
    0x0800dbf8   0x000000e8   Code   RO         3650    i.get_fat           ff.o
    0x0800dce0   0x00000004   Code   RO         3567    i.get_fattime       diskio.o
    0x0800dce4   0x0000004a   Code   RO         3652    i.get_ldnumber      ff.o
    0x0800dd2e   0x00000002   PAD
    0x0800dd30   0x0000003c   Code   RO         2823    i.invSqrt           imu.o
    0x0800dd6c   0x00000020   Code   RO         3653    i.ld_clust          ff.o
    0x0800dd8c   0x00000024   Code   RO         2755    i.load_config       eeprom.o
    0x0800ddb0   0x0000005c   Code   RO         2756    i.load_define       eeprom.o
    0x0800de0c   0x0000025c   Code   RO         3260    i.main              main.o
    0x0800e068   0x00000026   Code   RO         3654    i.mem_cmp           ff.o
    0x0800e08e   0x0000001a   Code   RO         3655    i.mem_cpy           ff.o
    0x0800e0a8   0x00000014   Code   RO         3656    i.mem_set           ff.o
    0x0800e0bc   0x00000010   Code   RO         3468    i.mf_close          fat_driver.o
    0x0800e0cc   0x0000003c   Code   RO         3470    i.mf_open           fat_driver.o
    0x0800e108   0x00000028   Code   RO         3472    i.mf_write          fat_driver.o
    0x0800e130   0x00000032   Code   RO         3657    i.move_window       ff.o
    0x0800e162   0x00000002   PAD
    0x0800e164   0x00000024   Code   RO         3073    i.mwriteReg         bmi160.o
    0x0800e188   0x00000136   Code   RO         3658    i.put_fat           ff.o
    0x0800e2be   0x0000006c   Code   RO         3660    i.remove_chain      ff.o
    0x0800e32a   0x0000006e   Code   RO         5755    i.sqrt              m_wm.l(sqrt.o)
    0x0800e398   0x00000010   Code   RO         3661    i.st_clust          ff.o
    0x0800e3a8   0x000000c8   Code   RO         3662    i.sync_fs           ff.o
    0x0800e470   0x0000004c   Code   RO         3663    i.sync_window       ff.o
    0x0800e4bc   0x0000001c   Code   RO         5285    i.usbd_CloseMassStorage  usbd_usr.o
    0x0800e4d8   0x00000038   Code   RO         5286    i.usbd_OpenMassStorage  usbd_usr.o
    0x0800e510   0x00000036   Code   RO         3664    i.validate          ff.o
    0x0800e546   0x00000018   Code   RO         5687    x$fpl$basic         fz_wm.l(basic.o)
    0x0800e55e   0x00000002   PAD
    0x0800e560   0x00000062   Code   RO         5689    x$fpl$d2f           fz_wm.l(d2f.o)
    0x0800e5c2   0x00000002   PAD
    0x0800e5c4   0x00000150   Code   RO         5691    x$fpl$dadd          fz_wm.l(daddsub_clz.o)
    0x0800e714   0x00000010   Code   RO         5852    x$fpl$dcheck1       fz_wm.l(dcheck1.o)
    0x0800e724   0x00000018   Code   RO         5854    x$fpl$dcmpinf       fz_wm.l(dcmpi.o)
    0x0800e73c   0x000002b0   Code   RO         5698    x$fpl$ddiv          fz_wm.l(ddiv.o)
    0x0800e9ec   0x0000002e   Code   RO         5702    x$fpl$dflt          fz_wm.l(dflt_clz.o)
    0x0800ea1a   0x00000002   PAD
    0x0800ea1c   0x00000078   Code   RO         5772    x$fpl$dleqf         fz_wm.l(dleqf.o)
    0x0800ea94   0x00000154   Code   RO         5707    x$fpl$dmul          fz_wm.l(dmul.o)
    0x0800ebe8   0x0000009c   Code   RO         5774    x$fpl$dnaninf       fz_wm.l(dnaninf.o)
    0x0800ec84   0x0000000c   Code   RO         5776    x$fpl$dretinf       fz_wm.l(dretinf.o)
    0x0800ec90   0x0000006c   Code   RO         5778    x$fpl$drleqf        fz_wm.l(drleqf.o)
    0x0800ecfc   0x00000016   Code   RO         5692    x$fpl$drsb          fz_wm.l(daddsub_clz.o)
    0x0800ed12   0x00000002   PAD
    0x0800ed14   0x00000198   Code   RO         5780    x$fpl$dsqrt         fz_wm.l(dsqrt_umaal.o)
    0x0800eeac   0x000001d4   Code   RO         5693    x$fpl$dsub          fz_wm.l(daddsub_clz.o)
    0x0800f080   0x00000056   Code   RO         5709    x$fpl$f2d           fz_wm.l(f2d.o)
    0x0800f0d6   0x00000060   Code   RO         5711    x$fpl$ffltll        fz_wm.l(ffltll_clz.o)
    0x0800f136   0x0000008c   Code   RO         5782    x$fpl$fnaninf       fz_wm.l(fnaninf.o)
    0x0800f1c2   0x0000000a   Code   RO         5941    x$fpl$fpinit        fz_wm.l(fpinit.o)
    0x0800f1cc   0x0000000a   Code   RO         5784    x$fpl$fretinf       fz_wm.l(fretinf.o)
    0x0800f1d6   0x00000064   Code   RO         5871    x$fpl$retnan        fz_wm.l(retnan.o)
    0x0800f23a   0x0000005c   Code   RO         5786    x$fpl$scalbn        fz_wm.l(scalbn.o)
    0x0800f296   0x00000030   Code   RO         5924    x$fpl$trapveneer    fz_wm.l(trapv.o)
    0x0800f2c6   0x00000000   Code   RO         5788    x$fpl$usenofp       fz_wm.l(usenofp.o)
    0x0800f2c6   0x00000017   Data   RO         4955    .constdata          usbd_msc_data.o
    0x0800f2dd   0x00000024   Data   RO         5222    .constdata          usbd_storage_msd.o
    0x0800f301   0x00000007   PAD
    0x0800f308   0x00000050   Data   RO         5716    .constdata          m_wm.l(asin.o)
    0x0800f358   0x00000088   Data   RO         5742    .constdata          m_wm.l(pow.o)
    0x0800f3e0   0x00000098   Data   RO         5792    .constdata          m_wm.l(atan.o)
    0x0800f478   0x00000008   Data   RO         5827    .constdata          m_wm.l(qnan.o)
    0x0800f480   0x00000020   Data   RO         6002    Region$$Table       anon$$obj.o


    Execution Region RW_IRAM1 (Base: 0x20000000, Size: 0x00004e80, Max: 0x00020000, ABSOLUTE, COMPRESSED[0x00000178])

    Base Addr    Size         Type   Attr      Idx    E Section Name        Object

    0x20000000   0x00000010   Data   RW         1220    .data               stm32f4xx_rcc.o
    0x20000010   0x000000b5   Data   RW         2366    .data               led.o
    0x200000c5   0x00000001   PAD
    0x200000c6   0x00000004   Data   RW         2438    .data               delay.o
    0x200000ca   0x00000002   Data   RW         2492    .data               ioi2c.o
    0x200000cc   0x00000068   Data   RW         2605    .data               ms5611.o
    0x20000134   0x00000001   Data   RW         2716    .data               spi2.o
    0x20000135   0x00000003   PAD
    0x20000138   0x00000060   Data   RW         2825    .data               imu.o
    0x20000198   0x00000008   Data   RW         2910    .data               stm32adc.o
    0x200001a0   0x00000001   Data   RW         2966    .data               spi1.o
    0x200001a1   0x00000003   PAD
    0x200001a4   0x00000038   Data   RW         3075    .data               bmi160.o
    0x200001dc   0x00000030   Data   RW         3181    .data               qmc5883.o
    0x2000020c   0x0000001c   Data   RW         3262    .data               main.o
    0x20000228   0x00000028   Data   RW         3474    .data               fat_driver.o
    0x20000250   0x00000002   Data   RW         3667    .data               ff.o
    0x20000252   0x00000002   PAD
    0x20000254   0x00000210   Data   RW         3962    .data               sdio_sdcard.o
    0x20000464   0x00000034   Data   RW         4564    .data               usbd_core.o
    0x20000498   0x0000000d   Data   RW         4724    .data               usbd_req.o
    0x200004a5   0x00000001   PAD
    0x200004a6   0x00000004   Data   RW         4819    .data               usbd_msc_bot.o
    0x200004aa   0x00000002   PAD
    0x200004ac   0x0000004e   Data   RW         4901    .data               usbd_msc_core.o
    0x200004fa   0x00000002   PAD
    0x200004fc   0x00000018   Data   RW         4992    .data               usbd_msc_scsi.o
    0x20000514   0x0000003c   Data   RW         5159    .data               usbd_desc.o
    0x20000550   0x00000028   Data   RW         5223    .data               usbd_storage_msd.o
    0x20000578   0x00000020   Data   RW         5288    .data               usbd_usr.o
    0x20000598   0x0000000a   Data   RW         5374    .data               uart2.o
    0x200005a2   0x00000002   PAD
    0x200005a4   0x0000000c   Data   RW         5506    .data               usart2dmatx.o
    0x200005b0   0x00000006   Data   RW         5559    .data               uart1.o
    0x200005b6   0x00000002   PAD
    0x200005b8   0x0000000c   Data   RW         5641    .data               usart1dmatx.o
    0x200005c4   0x00000084   Zero   RW         2603    .bss                ms5611.o
    0x20000648   0x00000134   Zero   RW         2758    .bss                eeprom.o
    0x2000077c   0x00000024   Zero   RW         2824    .bss                imu.o
    0x200007a0   0x00000014   Zero   RW         2909    .bss                stm32adc.o
    0x200007b4   0x00000078   Zero   RW         3074    .bss                bmi160.o
    0x2000082c   0x00000042   Zero   RW         3180    .bss                qmc5883.o
    0x2000086e   0x00000002   PAD
    0x20000870   0x00000c65   Zero   RW         3473    .bss                fat_driver.o
    0x200014d5   0x00000003   PAD
    0x200014d8   0x0000000c   Zero   RW         3665    .bss                ff.o
    0x200014e4   0x00000004   PAD
    0x200014e8   0x000002c0   Zero   RW         3961    .bss                sdio_sdcard.o
    0x200017a8   0x00000040   Zero   RW         4723    .bss                usbd_req.o
    0x200017e8   0x00001030   Zero   RW         4818    .bss                usbd_msc_bot.o
    0x20002818   0x00000020   Zero   RW         4991    .bss                usbd_msc_scsi.o
    0x20002838   0x000005f4   Zero   RW         5287    .bss                usbd_usr.o
    0x20002e2c   0x00000166   Zero   RW         5373    .bss                uart2.o
    0x20002f92   0x00000002   PAD
    0x20002f94   0x00000c40   Zero   RW         5461    .bss                osqmem.o
    0x20003bd4   0x000002f0   Zero   RW         5505    .bss                usart2dmatx.o
    0x20003ec4   0x000000c8   Zero   RW         5558    .bss                uart1.o
    0x20003f8c   0x00000890   Zero   RW         5640    .bss                usart1dmatx.o
    0x2000481c   0x00000060   Zero   RW         5857    .bss                c_w.l(libspace.o)
    0x2000487c   0x00000004   PAD
    0x20004880   0x00000200   Zero   RW         1659    HEAP                startup_stm32f401xx.o
    0x20004a80   0x00000400   Zero   RW         1658    STACK               startup_stm32f401xx.o


==============================================================================

Image component sizes


      Code (inc. data)   RO Data    RW Data    ZI Data      Debug   Object Name

      1898        284          0         56        120       8502   bmi160.o
       268         26          0          4          0       2266   delay.o
       388         22          0          0          0       4188   diskio.o
       468         60          0          0        308       4886   eeprom.o
      1500        184          0         40       3173       9796   fat_driver.o
      4840         46          0          2         12      24811   ff.o
      4604        284          0         96         36       7253   imu.o
       940        100          0          2          0       7648   ioi2c.o
       780        116          0        181          0       4604   led.o
      1236        166          0         28          0      23914   main.o
       140         24          0          0          0       1435   misc.o
      1824        208          0        104        132       9941   ms5611.o
       228          6          0          0       3136       4044   osqmem.o
      1486        216          0         48         66       7869   qmc5883.o
      7518        418          0        528        704      34230   sdio_sdcard.o
       364         22          0          1          0       2899   spi1.o
       264         12          0          1          0        893   spi2.o
        64         26        392          0       1536        816   startup_stm32f401xx.o
       480         54          0          8         20       4026   stm32adc.o
       392         24          0          0          0       5207   stm32f4xx_adc.o
       706         58          0          0          0       6025   stm32f4xx_dma.o
       240          0          0          0          0       3307   stm32f4xx_gpio.o
        26          0          0          0          0       3954   stm32f4xx_it.o
       424         54          0         16          0       6098   stm32f4xx_rcc.o
       208         38          0          0          0       5413   stm32f4xx_sdio.o
        84          0          0          0          0       1629   stm32f4xx_spi.o
         0          0          0          0          0     324076   stm32f4xx_syscfg.o
       694         58          0          0          0       6009   stm32f4xx_tim.o
       692         42          0          0          0       5850   stm32f4xx_usart.o
       344         34          0          0          0       1461   system_stm32f4xx.o
       190         20          0          0          0       2566   time3_driver.o
       840         64          0          6        200       5826   uart1.o
      2280         88          0         10        358       9114   uart2.o
       672         58          0         12       2192       3555   usart1dmatx.o
       672         58          0         12        752       3555   usart2dmatx.o
       176          6          0          0          0       2723   usb_bsp.o
      3404         18          0          0          0      20940   usb_core.o
       736          0          0          0          0       6983   usb_dcd.o
      1930         50          0          0          0       9379   usb_dcd_int.o
        16          6          0          0          0        508   usb_it.o
       760          6          0         52          0      10308   usbd_core.o
       344        168          0         60          0       5836   usbd_desc.o
       198          0          0          0          0       4314   usbd_ioreq.o
       748        124          0          4       4144       8253   usbd_msc_bot.o
       420         18          0         78          0       4989   usbd_msc_core.o
         0          0         23          0          0        781   usbd_msc_data.o
      2044        278          0         24         32      14493   usbd_msc_scsi.o
      1732         54          0         13         64      10379   usbd_req.o
       588        258         36         40          0       6423   usbd_storage_msd.o
       496        316          0         32       1524       5055   usbd_usr.o

    ----------------------------------------------------------------------
     51402       4172        490       1476      18520     669030   Object Totals
         0          0         32          0          0          0   (incl. Generated)
        56          0          7         18         11          0   (incl. Padding)

    ----------------------------------------------------------------------

      Code (inc. data)   RO Data    RW Data    ZI Data      Debug   Library Member Name

        90          0          0          0          0          0   __dczerorl2.o
         8          0          0          0          0         68   __main.o
         0          0          0          0          0          0   __rtentry.o
        12          0          0          0          0          0   __rtentry2.o
         6          0          0          0          0          0   __rtentry4.o
        52          8          0          0          0          0   __scatter.o
        28          0          0          0          0          0   __scatter_zi.o
        22          0          0          0          0        100   _rserrno.o
        12          0          0          0          0         72   exit.o
         6          0          0          0          0        152   heapauxi.o
         0          0          0          0          0          0   indicate_semi.o
         2          0          0          0          0          0   libinit.o
         6          0          0          0          0          0   libinit2.o
         2          0          0          0          0          0   libshutdown.o
         2          0          0          0          0          0   libshutdown2.o
         8          4          0          0         96         68   libspace.o
        72          0          0          0          0         76   llsdiv.o
       238          0          0          0          0        100   lludivv7m.o
         8          4          0          0          0         68   rt_errno_addr_intlibspace.o
       138          0          0          0          0         68   rt_memcpy_v6.o
       100          0          0          0          0         80   rt_memcpy_w.o
         2          0          0          0          0          0   rtexit.o
        10          0          0          0          0          0   rtexit2.o
        12          4          0          0          0         68   sys_exit.o
        74          0          0          0          0         80   sys_stackheap_outer.o
         2          0          0          0          0         68   use_no_semi.o
        24          0          0          0          0        164   basic.o
        98          4          0          0          0        140   d2f.o
       826         16          0          0          0        492   daddsub_clz.o
        16          4          0          0          0        116   dcheck1.o
        24          0          0          0          0        116   dcmpi.o
       688        140          0          0          0        256   ddiv.o
        46          0          0          0          0        116   dflt_clz.o
       120          4          0          0          0        140   dleqf.o
       340         12          0          0          0        152   dmul.o
       156          4          0          0          0        140   dnaninf.o
        12          0          0          0          0        116   dretinf.o
       108          0          0          0          0        128   drleqf.o
       408         56          0          0          0        168   dsqrt_umaal.o
        86          4          0          0          0        132   f2d.o
        96          0          0          0          0        132   ffltll_clz.o
       140          4          0          0          0        132   fnaninf.o
        10          0          0          0          0        116   fpinit.o
        10          0          0          0          0        116   fretinf.o
       100          0          0          0          0        116   retnan.o
        92          0          0          0          0        116   scalbn.o
        48          0          0          0          0        116   trapv.o
         0          0          0          0          0          0   usenofp.o
       864         94         80          0          0        280   asin.o
       744        106        152          0          0        352   atan.o
       496         64          0          0          0        192   atan2.o
       184         44          0          0          0        744   dunder.o
        24          0          0          0          0        124   fabs.o
        48          0          0          0          0        124   fpclassify.o
       248          0          0          0          0        152   poly.o
      3128        302        136          0          0        356   pow.o
         0          0          8          0          0          0   qnan.o
       232          0          0          0          0        296   sqrt.o

    ----------------------------------------------------------------------
     10356        878        376          0        100       6908   Library Totals
        28          0          0          0          4          0   (incl. Padding)

    ----------------------------------------------------------------------

      Code (inc. data)   RO Data    RW Data    ZI Data      Debug   Library Name

       912         20          0          0         96       1068   c_w.l
      3448        248          0          0          0       3220   fz_wm.l
      5968        610        376          0          0       2620   m_wm.l

    ----------------------------------------------------------------------
     10356        878        376          0        100       6908   Library Totals

    ----------------------------------------------------------------------

==============================================================================


      Code (inc. data)   RO Data    RW Data    ZI Data      Debug   

     61758       5050        866       1476      18620     632070   Grand Totals
     61758       5050        866        376      18620     632070   ELF Image Totals (compressed)
     61758       5050        866        376          0          0   ROM Totals

==============================================================================

    Total RO  Size (Code + RO Data)                62624 (  61.16kB)
    Total RW  Size (RW Data + ZI Data)             20096 (  19.63kB)
    Total ROM Size (Code + RO Data + RW Data)      63000 (  61.52kB)

==============================================================================

