Component: ARM Compiler 5.05 update 1 (build 106) Tool: armlink [4d0efa]

==============================================================================

Section Cross References

    stm32f4xx_syscfg.o(i.SYSCFG_DeInit) refers to stm32f4xx_rcc.o(i.RCC_APB2PeriphResetCmd) for RCC_APB2PeriphResetCmd
    stm32f4xx_tim.o(i.TIM_DeInit) refers to stm32f4xx_rcc.o(i.RCC_APB2PeriphResetCmd) for RCC_APB2PeriphResetCmd
    stm32f4xx_tim.o(i.TIM_DeInit) refers to stm32f4xx_rcc.o(i.RCC_APB1PeriphResetCmd) for RCC_APB1PeriphResetCmd
    stm32f4xx_tim.o(i.TIM_ETRClockMode1Config) refers to stm32f4xx_tim.o(i.TIM_ETRConfig) for TIM_ETRConfig
    stm32f4xx_tim.o(i.TIM_ETRClockMode2Config) refers to stm32f4xx_tim.o(i.TIM_ETRConfig) for TIM_ETRConfig
    stm32f4xx_tim.o(i.TIM_ICInit) refers to stm32f4xx_tim.o(i.TI1_Config) for TI1_Config
    stm32f4xx_tim.o(i.TIM_ICInit) refers to stm32f4xx_tim.o(i.TIM_SetIC1Prescaler) for TIM_SetIC1Prescaler
    stm32f4xx_tim.o(i.TIM_ICInit) refers to stm32f4xx_tim.o(i.TI2_Config) for TI2_Config
    stm32f4xx_tim.o(i.TIM_ICInit) refers to stm32f4xx_tim.o(i.TIM_SetIC2Prescaler) for TIM_SetIC2Prescaler
    stm32f4xx_tim.o(i.TIM_ICInit) refers to stm32f4xx_tim.o(i.TI3_Config) for TI3_Config
    stm32f4xx_tim.o(i.TIM_ICInit) refers to stm32f4xx_tim.o(i.TIM_SetIC3Prescaler) for TIM_SetIC3Prescaler
    stm32f4xx_tim.o(i.TIM_ICInit) refers to stm32f4xx_tim.o(i.TI4_Config) for TI4_Config
    stm32f4xx_tim.o(i.TIM_ICInit) refers to stm32f4xx_tim.o(i.TIM_SetIC4Prescaler) for TIM_SetIC4Prescaler
    stm32f4xx_tim.o(i.TIM_ITRxExternalClockConfig) refers to stm32f4xx_tim.o(i.TIM_SelectInputTrigger) for TIM_SelectInputTrigger
    stm32f4xx_tim.o(i.TIM_PWMIConfig) refers to stm32f4xx_tim.o(i.TI1_Config) for TI1_Config
    stm32f4xx_tim.o(i.TIM_PWMIConfig) refers to stm32f4xx_tim.o(i.TIM_SetIC1Prescaler) for TIM_SetIC1Prescaler
    stm32f4xx_tim.o(i.TIM_PWMIConfig) refers to stm32f4xx_tim.o(i.TI2_Config) for TI2_Config
    stm32f4xx_tim.o(i.TIM_PWMIConfig) refers to stm32f4xx_tim.o(i.TIM_SetIC2Prescaler) for TIM_SetIC2Prescaler
    stm32f4xx_tim.o(i.TIM_TIxExternalClockConfig) refers to stm32f4xx_tim.o(i.TI2_Config) for TI2_Config
    stm32f4xx_tim.o(i.TIM_TIxExternalClockConfig) refers to stm32f4xx_tim.o(i.TI1_Config) for TI1_Config
    stm32f4xx_tim.o(i.TIM_TIxExternalClockConfig) refers to stm32f4xx_tim.o(i.TIM_SelectInputTrigger) for TIM_SelectInputTrigger
    stm32f4xx_usart.o(i.USART_DeInit) refers to stm32f4xx_rcc.o(i.RCC_APB2PeriphResetCmd) for RCC_APB2PeriphResetCmd
    stm32f4xx_usart.o(i.USART_DeInit) refers to stm32f4xx_rcc.o(i.RCC_APB1PeriphResetCmd) for RCC_APB1PeriphResetCmd
    stm32f4xx_usart.o(i.USART_Init) refers to stm32f4xx_rcc.o(i.RCC_GetClocksFreq) for RCC_GetClocksFreq
    stm32f4xx_gpio.o(i.GPIO_DeInit) refers to stm32f4xx_rcc.o(i.RCC_AHB1PeriphResetCmd) for RCC_AHB1PeriphResetCmd
    stm32f4xx_rcc.o(i.RCC_GetClocksFreq) refers to stm32f4xx_rcc.o(.data) for APBAHBPrescTable
    stm32f4xx_rcc.o(i.RCC_WaitForHSEStartUp) refers to stm32f4xx_rcc.o(i.RCC_GetFlagStatus) for RCC_GetFlagStatus
    stm32f4xx_spi.o(i.SPI_I2S_DeInit) refers to stm32f4xx_rcc.o(i.RCC_APB2PeriphResetCmd) for RCC_APB2PeriphResetCmd
    stm32f4xx_spi.o(i.SPI_I2S_DeInit) refers to stm32f4xx_rcc.o(i.RCC_APB1PeriphResetCmd) for RCC_APB1PeriphResetCmd
    startup_stm32f401xx.o(STACK) refers (Special) to heapauxi.o(.text) for __use_two_region_memory
    startup_stm32f401xx.o(HEAP) refers (Special) to heapauxi.o(.text) for __use_two_region_memory
    startup_stm32f401xx.o(RESET) refers (Special) to heapauxi.o(.text) for __use_two_region_memory
    startup_stm32f401xx.o(RESET) refers to startup_stm32f401xx.o(STACK) for __initial_sp
    startup_stm32f401xx.o(RESET) refers to startup_stm32f401xx.o(.text) for Reset_Handler
    startup_stm32f401xx.o(RESET) refers to stm32f4xx_it.o(i.NMI_Handler) for NMI_Handler
    startup_stm32f401xx.o(RESET) refers to stm32f4xx_it.o(i.HardFault_Handler) for HardFault_Handler
    startup_stm32f401xx.o(RESET) refers to stm32f4xx_it.o(i.MemManage_Handler) for MemManage_Handler
    startup_stm32f401xx.o(RESET) refers to stm32f4xx_it.o(i.BusFault_Handler) for BusFault_Handler
    startup_stm32f401xx.o(RESET) refers to stm32f4xx_it.o(i.UsageFault_Handler) for UsageFault_Handler
    startup_stm32f401xx.o(RESET) refers to stm32f4xx_it.o(i.SVC_Handler) for SVC_Handler
    startup_stm32f401xx.o(RESET) refers to stm32f4xx_it.o(i.DebugMon_Handler) for DebugMon_Handler
    startup_stm32f401xx.o(RESET) refers to stm32f4xx_it.o(i.PendSV_Handler) for PendSV_Handler
    startup_stm32f401xx.o(RESET) refers to stm32f4xx_it.o(i.SysTick_Handler) for SysTick_Handler
    startup_stm32f401xx.o(RESET) refers to uart2.o(i.DMA1_Stream6_IRQHandler) for DMA1_Stream6_IRQHandler
    startup_stm32f401xx.o(RESET) refers to main.o(i.TIM3_IRQHandler) for TIM3_IRQHandler
    startup_stm32f401xx.o(RESET) refers to fat_driver.o(i.TIM4_IRQHandler) for TIM4_IRQHandler
[...]
    USBD_StdItfReq                           0x08008f09   Thumb Code    76  usbd_req.o(i.USBD_StdItfReq)
    USBD_USR_ConfigStrDescriptor             0x08008f75   Thumb Code    34  usbd_desc.o(i.USBD_USR_ConfigStrDescriptor)
    USBD_USR_DeviceConfigured                0x08008fa9   Thumb Code    16  usbd_usr.o(i.USBD_USR_DeviceConfigured)
    USBD_USR_DeviceConnected                 0x08008fd9   Thumb Code    16  usbd_usr.o(i.USBD_USR_DeviceConnected)
    USBD_USR_DeviceDescriptor                0x08009009   Thumb Code    10  usbd_desc.o(i.USBD_USR_DeviceDescriptor)
    USBD_USR_DeviceDisconnected              0x08009019   Thumb Code    16  usbd_usr.o(i.USBD_USR_DeviceDisconnected)
    USBD_USR_DeviceReset                     0x0800904d   Thumb Code    40  usbd_usr.o(i.USBD_USR_DeviceReset)
    USBD_USR_DeviceResumed                   0x080090e5   Thumb Code    10  usbd_usr.o(i.USBD_USR_DeviceResumed)
    USBD_USR_DeviceSuspended                 0x08009105   Thumb Code    16  usbd_usr.o(i.USBD_USR_DeviceSuspended)
    USBD_USR_Init                            0x08009135   Thumb Code    10  usbd_usr.o(i.USBD_USR_Init)
    USBD_USR_InterfaceStrDescriptor          0x08009155   Thumb Code    34  usbd_desc.o(i.USBD_USR_InterfaceStrDescriptor)
    USBD_USR_LangIDStrDescriptor             0x0800918d   Thumb Code    10  usbd_desc.o(i.USBD_USR_LangIDStrDescriptor)
    USBD_USR_ManufacturerStrDescriptor       0x0800919d   Thumb Code    20  usbd_desc.o(i.USBD_USR_ManufacturerStrDescriptor)
    USBD_USR_ProductStrDescriptor            0x080091c9   Thumb Code    34  usbd_desc.o(i.USBD_USR_ProductStrDescriptor)
    USBD_USR_SerialStrDescriptor             0x08009221   Thumb Code    34  usbd_desc.o(i.USBD_USR_SerialStrDescriptor)
    USB_Check                                0x08009269   Thumb Code   118  main.o(i.USB_Check)
    USB_OTG_BSP_EnableInterrupt              0x080092f5   Thumb Code    44  usb_bsp.o(i.USB_OTG_BSP_EnableInterrupt)
    USB_OTG_BSP_Init                         0x08009321   Thumb Code    86  usb_bsp.o(i.USB_OTG_BSP_Init)
    USB_OTG_BSP_mDelay                       0x0800937d   Thumb Code    18  usb_bsp.o(i.USB_OTG_BSP_mDelay)
    USB_OTG_BSP_uDelay                       0x0800938f   Thumb Code    22  usb_bsp.o(i.USB_OTG_BSP_uDelay)
    USB_OTG_CoreInit                         0x080093a5   Thumb Code   294  usb_core.o(i.USB_OTG_CoreInit)
    USB_OTG_CoreInitDev                      0x080094cb   Thumb Code   522  usb_core.o(i.USB_OTG_CoreInitDev)
    USB_OTG_DisableGlobalInt                 0x08009745   Thumb Code    34  usb_core.o(i.USB_OTG_DisableGlobalInt)
    USB_OTG_EP0Activate                      0x08009767   Thumb Code   106  usb_core.o(i.USB_OTG_EP0Activate)
    USB_OTG_EP0StartXfer                     0x080097d1   Thumb Code   342  usb_core.o(i.USB_OTG_EP0StartXfer)
    USB_OTG_EP0_OutStart                     0x08009927   Thumb Code    98  usb_core.o(i.USB_OTG_EP0_OutStart)
    USB_OTG_EPActivate                       0x08009989   Thumb Code   152  usb_core.o(i.USB_OTG_EPActivate)
    USB_OTG_EPClearStall                     0x08009a21   Thumb Code    80  usb_core.o(i.USB_OTG_EPClearStall)
    USB_OTG_EPDeactivate                     0x08009a71   Thumb Code    94  usb_core.o(i.USB_OTG_EPDeactivate)
    USB_OTG_EPSetStall                       0x08009acf   Thumb Code   100  usb_core.o(i.USB_OTG_EPSetStall)
    USB_OTG_EPStartXfer                      0x08009b33   Thumb Code   502  usb_core.o(i.USB_OTG_EPStartXfer)
    USB_OTG_EnableDevInt                     0x08009d5d   Thumb Code   154  usb_core.o(i.USB_OTG_EnableDevInt)
    USB_OTG_EnableGlobalInt                  0x08009df7   Thumb Code    34  usb_core.o(i.USB_OTG_EnableGlobalInt)
    USB_OTG_FlushRxFifo                      0x08009e19   Thumb Code    70  usb_core.o(i.USB_OTG_FlushRxFifo)
    USB_OTG_FlushTxFifo                      0x08009e65   Thumb Code    80  usb_core.o(i.USB_OTG_FlushTxFifo)
    USB_OTG_GetDeviceSpeed                   0x08009eb9   Thumb Code    52  usb_core.o(i.USB_OTG_GetDeviceSpeed)
    USB_OTG_GetMode                          0x08009eed   Thumb Code    12  usb_core.o(i.USB_OTG_GetMode)
    USB_OTG_InitDevSpeed                     0x08009ef9   Thumb Code    24  usb_core.o(i.USB_OTG_InitDevSpeed)
    USB_OTG_IsDeviceMode                     0x08009f11   Thumb Code    22  usb_core.o(i.USB_OTG_IsDeviceMode)
    USB_OTG_ReadCoreItr                      0x08009f27   Thumb Code    16  usb_core.o(i.USB_OTG_ReadCoreItr)
    USB_OTG_ReadDevAllInEPItr                0x08009f37   Thumb Code    16  usb_core.o(i.USB_OTG_ReadDevAllInEPItr)
    USB_OTG_ReadDevAllOutEp_itr              0x08009f47   Thumb Code    16  usb_core.o(i.USB_OTG_ReadDevAllOutEp_itr)
    USB_OTG_ReadDevOutEP_itr                 0x08009f57   Thumb Code    20  usb_core.o(i.USB_OTG_ReadDevOutEP_itr)
    USB_OTG_ReadPacket                       0x08009f6b   Thumb Code    40  usb_core.o(i.USB_OTG_ReadPacket)
    USB_OTG_SelectCore                       0x08009f95   Thumb Code   204  usb_core.o(i.USB_OTG_SelectCore)
    USB_OTG_SetCurrentMode                   0x0800a065   Thumb Code    78  usb_core.o(i.USB_OTG_SetCurrentMode)
    USB_OTG_WritePacket                      0x0800a0b3   Thumb Code    64  usb_core.o(i.USB_OTG_WritePacket)
    Updata_PC_Route                          0x0800a0f5   Thumb Code   338  main.o(i.Updata_PC_Route)
    UsageFault_Handler                       0x0800a2b1   Thumb Code     4  stm32f4xx_it.o(i.UsageFault_Handler)
    Write_AT24C                              0x0800a2b5   Thumb Code    44  eeprom.o(i.Write_AT24C)
    Write_config                             0x0800a2e5   Thumb Code    30  eeprom.o(i.Write_config)
    __ARM_fpclassify                         0x0800a30d   Thumb Code    48  fpclassify.o(i.__ARM_fpclassify)
    __hardfp_pow                             0x0800a341   Thumb Code  3044  pow.o(i.__hardfp_pow)
    __kernel_poly                            0x0800af79   Thumb Code   248  poly.o(i.__kernel_poly)
    __mathlib_dbl_divzero                    0x0800b071   Thumb Code    28  dunder.o(i.__mathlib_dbl_divzero)
    __mathlib_dbl_infnan2                    0x0800b0a1   Thumb Code    20  dunder.o(i.__mathlib_dbl_infnan2)
    __mathlib_dbl_invalid                    0x0800b0b9   Thumb Code    24  dunder.o(i.__mathlib_dbl_invalid)
    __mathlib_dbl_overflow                   0x0800b0d9   Thumb Code    24  dunder.o(i.__mathlib_dbl_overflow)
    __mathlib_dbl_underflow                  0x0800b0f9   Thumb Code    24  dunder.o(i.__mathlib_dbl_underflow)
    clust2sect                               0x0800b1ef   Thumb Code    26  ff.o(i.clust2sect)
    convert_from_bytes_to_power_of_two       0x0800b209   Thumb Code    18  sdio_sdcard.o(i.convert_from_bytes_to_power_of_two)
    delay_init                               0x0800b409   Thumb Code    64  delay.o(i.delay_init)
    delay_ms                                 0x0800b451   Thumb Code    56  delay.o(i.delay_ms)
    delay_us                                 0x0800b48d   Thumb Code    56  delay.o(i.delay_us)
    dir_sdi                                  0x0800b6cb   Thumb Code   158  ff.o(i.dir_sdi)
    disk_initialize                          0x0800b769   Thumb Code    40  diskio.o(i.disk_initialize)
    disk_ioctl                               0x0800b791   Thumb Code   114  diskio.o(i.disk_ioctl)
    disk_read                                0x0800b809   Thumb Code    98  diskio.o(i.disk_read)
    disk_status                              0x0800b86b   Thumb Code     6  diskio.o(i.disk_status)
    disk_write                               0x0800b871   Thumb Code   104  diskio.o(i.disk_write)
    f_close                                  0x0800b8e9   Thumb Code    36  ff.o(i.f_close)
    f_mount                                  0x0800b90d   Thumb Code    86  ff.o(i.f_mount)
    f_open                                   0x0800b969   Thumb Code   356  ff.o(i.f_open)
    f_sync                                   0x0800bacd   Thumb Code   176  ff.o(i.f_sync)
    f_write                                  0x0800bb7d   Thumb Code   490  ff.o(i.f_write)
    fabs                                     0x0800bd67   Thumb Code    24  fabs.o(i.fabs)
    get_fat                                  0x0800c199   Thumb Code   232  ff.o(i.get_fat)
    get_fattime                              0x0800c281   Thumb Code     4  diskio.o(i.get_fattime)
    load_config                              0x0800c2f1   Thumb Code    28  eeprom.o(i.load_config)
    load_define                              0x0800c315   Thumb Code    88  eeprom.o(i.load_define)
    main                                     0x0800c371   Thumb Code   570  main.o(i.main)
    mf_close                                 0x0800c61d   Thumb Code    22  fat_driver.o(i.mf_close)
    mf_open                                  0x0800c641   Thumb Code    52  fat_driver.o(i.mf_open)
    mf_write                                 0x0800c67d   Thumb Code    28  fat_driver.o(i.mf_write)
    put_fat                                  0x0800c6fd   Thumb Code   310  ff.o(i.put_fat)
    sqrt                                     0x0800c89f   Thumb Code   110  sqrt.o(i.sqrt)
    usbd_CloseMassStorage                    0x0800ca31   Thumb Code    20  usbd_usr.o(i.usbd_CloseMassStorage)
    usbd_OpenMassStorage                     0x0800ca4d   Thumb Code    36  usbd_usr.o(i.usbd_OpenMassStorage)
    __aeabi_dneg                             0x0800cabb   Thumb Code     0  basic.o(x$fpl$basic)
    _dneg                                    0x0800cabb   Thumb Code     6  basic.o(x$fpl$basic)
    __aeabi_fneg                             0x0800cac1   Thumb Code     0  basic.o(x$fpl$basic)
    _fneg                                    0x0800cac1   Thumb Code     6  basic.o(x$fpl$basic)
    _dabs                                    0x0800cac7   Thumb Code     6  basic.o(x$fpl$basic)
    _fabs                                    0x0800cacd   Thumb Code     6  basic.o(x$fpl$basic)
    __aeabi_d2f                              0x0800cad5   Thumb Code     0  d2f.o(x$fpl$d2f)
    _d2f                                     0x0800cad5   Thumb Code    98  d2f.o(x$fpl$d2f)
    __aeabi_dadd                             0x0800cb39   Thumb Code     0  daddsub_clz.o(x$fpl$dadd)
    _dadd                                    0x0800cb39   Thumb Code   332  daddsub_clz.o(x$fpl$dadd)
    __fpl_dcheck_NaN1                        0x0800cc89   Thumb Code    10  dcheck1.o(x$fpl$dcheck1)
    __fpl_dcmp_Inf                           0x0800cc99   Thumb Code    24  dcmpi.o(x$fpl$dcmpinf)
    __aeabi_ddiv                             0x0800ccb1   Thumb Code     0  ddiv.o(x$fpl$ddiv)
    _ddiv                                    0x0800ccb1   Thumb Code   552  ddiv.o(x$fpl$ddiv)
    __aeabi_i2d                              0x0800cf61   Thumb Code     0  dflt_clz.o(x$fpl$dflt)
    _dflt                                    0x0800cf61   Thumb Code    46  dflt_clz.o(x$fpl$dflt)
    __aeabi_cdcmple                          0x0800cf91   Thumb Code     0  dleqf.o(x$fpl$dleqf)
    _dcmple                                  0x0800cf91   Thumb Code   120  dleqf.o(x$fpl$dleqf)
    __fpl_dcmple_InfNaN                      0x0800cff3   Thumb Code     0  dleqf.o(x$fpl$dleqf)
    __aeabi_dmul                             0x0800d009   Thumb Code     0  dmul.o(x$fpl$dmul)
    _dmul                                    0x0800d009   Thumb Code   332  dmul.o(x$fpl$dmul)
    __fpl_dnaninf                            0x0800d15d   Thumb Code   156  dnaninf.o(x$fpl$dnaninf)
    __fpl_dretinf                            0x0800d1f9   Thumb Code    12  dretinf.o(x$fpl$dretinf)
    __aeabi_cdrcmple                         0x0800d205   Thumb Code     0  drleqf.o(x$fpl$drleqf)
    _drcmple                                 0x0800d205   Thumb Code   108  drleqf.o(x$fpl$drleqf)
    __aeabi_drsub                            0x0800d271   Thumb Code     0  daddsub_clz.o(x$fpl$drsb)
    _drsb                                    0x0800d271   Thumb Code    22  daddsub_clz.o(x$fpl$drsb)
    _dsqrt                                   0x0800d289   Thumb Code   404  dsqrt_umaal.o(x$fpl$dsqrt)
    __aeabi_dsub                             0x0800d421   Thumb Code     0  daddsub_clz.o(x$fpl$dsub)
    _dsub                                    0x0800d421   Thumb Code   464  daddsub_clz.o(x$fpl$dsub)
    __aeabi_f2d                              0x0800d5f5   Thumb Code     0  f2d.o(x$fpl$f2d)
    _f2d                                     0x0800d5f5   Thumb Code    86  f2d.o(x$fpl$f2d)
    __aeabi_ul2f                             0x0800d64b   Thumb Code     0  ffltll_clz.o(x$fpl$ffltll)
    _ll_uto_f                                0x0800d64b   Thumb Code     6  ffltll_clz.o(x$fpl$ffltll)
    __aeabi_l2f                              0x0800d651   Thumb Code     0  ffltll_clz.o(x$fpl$ffltll)
    _ll_sto_f                                0x0800d651   Thumb Code    90  ffltll_clz.o(x$fpl$ffltll)
    __fpl_fnaninf                            0x0800d6ab   Thumb Code   140  fnaninf.o(x$fpl$fnaninf)
    _fp_init                                 0x0800d737   Thumb Code    10  fpinit.o(x$fpl$fpinit)
    __fplib_config_fpu_vfp                   0x0800d73f   Thumb Code     0  fpinit.o(x$fpl$fpinit)
    __fplib_config_pureend_doubles           0x0800d73f   Thumb Code     0  fpinit.o(x$fpl$fpinit)
    __fpl_fretinf                            0x0800d741   Thumb Code    10  fretinf.o(x$fpl$fretinf)
    __fpl_return_NaN                         0x0800d74b   Thumb Code   100  retnan.o(x$fpl$retnan)
    __ARM_scalbn                             0x0800d7af   Thumb Code    92  scalbn.o(x$fpl$scalbn)
    __fpl_cmpreturn                          0x0800d80b   Thumb Code    48  trapv.o(x$fpl$trapveneer)
    MSC_Page00_Inquiry_Data                  0x0800d83a   Data           7  usbd_msc_data.o(.constdata)
    __I$use$fp                               0x0800d83a   Number         0  usenofp.o(x$fpl$usenofp)
    MSC_Mode_Sense6_data                     0x0800d841   Data           8  usbd_msc_data.o(.constdata)
    MSC_Mode_Sense10_data                    0x0800d849   Data           8  usbd_msc_data.o(.constdata)
    STORAGE_Inquirydata                      0x0800d851   Data          36  usbd_storage_msd.o(.constdata)
    __mathlib_zero                           0x0800d900   Data           8  qnan.o(.constdata)
    Region$$Table$$Base                      0x0800d908   Number         0  anon$$obj.o(Region$$Table)
    Region$$Table$$Limit                     0x0800d928   Number         0  anon$$obj.o(Region$$Table)
    lightc                                   0x200000b0   Data           1  led.o(.data)
    key_pressT                               0x200000b4   Data           4  led.o(.data)
    key_staut                                0x200000b8   Data           1  led.o(.data)
    Key_IS_Press                             0x200000b9   Data           1  led.o(.data)
    Beep_StartT                              0x200000bc   Data           4  led.o(.data)
    Beep_OnT                                 0x200000c0   Data           4  led.o(.data)
    LED_ST                                   0x200000c4   Data           1  led.o(.data)
    I2C_Erorr_Count                          0x200000ca   Data           2  ioi2c.o(.data)
    ALT_Updated                              0x200000dc   Data           1  ms5611.o(.data)
    ALT_Update_Interval                      0x200000e8   Data           4  ms5611.o(.data)
    MS5611_Temperature                       0x200000ec   Data           4  ms5611.o(.data)
    MS5611_Pressure                          0x200000f0   Data           4  ms5611.o(.data)
    MS5611_Altitude                          0x200000f4   Data           4  ms5611.o(.data)
    MS5611_Delay_us                          0x200000f8   Data          36  ms5611.o(.data)
    Alt_offset_Pa                            0x20000120   Data           4  ms5611.o(.data)
    Covert_count                             0x20000124   Data           1  ms5611.o(.data)
    pitch                                    0x20000138   Data           4  imu.o(.data)
    roll                                     0x2000013c   Data           4  imu.o(.data)
    yaw                                      0x20000140   Data           4  imu.o(.data)
    exInt                                    0x20000144   Data           4  imu.o(.data)
    eyInt                                    0x20000148   Data           4  imu.o(.data)
    ezInt                                    0x2000014c   Data           4  imu.o(.data)
    integralFBx                              0x20000150   Data           4  imu.o(.data)
    integralFBy                              0x20000154   Data           4  imu.o(.data)
    integralFBz                              0x20000158   Data           4  imu.o(.data)
    q0                                       0x2000015c   Data           4  imu.o(.data)
    q1                                       0x20000160   Data           4  imu.o(.data)
    q2                                       0x20000164   Data           4  imu.o(.data)
    q3                                       0x20000168   Data           4  imu.o(.data)
    integralFBhand                           0x2000016c   Data           4  imu.o(.data)
    handdiff                                 0x20000170   Data           4  imu.o(.data)
    qa0                                      0x20000174   Data           4  imu.o(.data)
    qa1                                      0x20000178   Data           4  imu.o(.data)
    qa2                                      0x2000017c   Data           4  imu.o(.data)
    qa3                                      0x20000180   Data           4  imu.o(.data)
    halftime                                 0x20000188   Data           8  imu.o(.data)
    lastUpdate                               0x20000190   Data           4  imu.o(.data)
    now                                      0x20000194   Data           4  imu.o(.data)
    lastVOL                                  0x20000198   Data           2  stm32adc.o(.data)
    Gyro_Off_started                         0x200001a4   Data           1  bmi160.o(.data)
    lastGx                                   0x200001a6   Data           2  bmi160.o(.data)
    lastGy                                   0x200001a8   Data           2  bmi160.o(.data)
    lastGz                                   0x200001aa   Data           2  bmi160.o(.data)
    lastAx                                   0x200001ac   Data           2  bmi160.o(.data)
    lastAy                                   0x200001ae   Data           2  bmi160.o(.data)
    lastAz                                   0x200001b0   Data           2  bmi160.o(.data)
    SensorTime                               0x200001cc   Data           4  bmi160.o(.data)
    AX_min                                   0x200001d0   Data           2  bmi160.o(.data)
    AX_max                                   0x200001d2   Data           2  bmi160.o(.data)
    AY_min                                   0x200001d4   Data           2  bmi160.o(.data)
    AY_max                                   0x200001d6   Data           2  bmi160.o(.data)
    AZ_min                                   0x200001d8   Data           2  bmi160.o(.data)
    AZ_max                                   0x200001da   Data           2  bmi160.o(.data)
    QMC5883_maxx                             0x200001dc   Data           2  qmc5883.o(.data)
    QMC5883_maxy                             0x200001de   Data           2  qmc5883.o(.data)
    QMC5883_maxz                             0x200001e0   Data           2  qmc5883.o(.data)
    QMC5883_minx                             0x200001e2   Data           2  qmc5883.o(.data)
    QMC5883_miny                             0x200001e4   Data           2  qmc5883.o(.data)
    QMC5883_minz                             0x200001e6   Data           2  qmc5883.o(.data)
    QMC5883_calib                            0x200001e8   Data           1  qmc5883.o(.data)
    lastMx                                   0x200001fc   Data           2  qmc5883.o(.data)
    lastMy                                   0x200001fe   Data           2  qmc5883.o(.data)
    lastMz                                   0x20000200   Data           2  qmc5883.o(.data)
    magic_GRAVITY                            0x20000204   Data           4  qmc5883.o(.data)
    HMC5883_Last_Update                      0x20000208   Data           4  qmc5883.o(.data)
    offset_yaw                               0x2000020c   Data           2  main.o(.data)
    offset_pitch                             0x2000020e   Data           2  main.o(.data)
    offset_roll                              0x20000210   Data           2  main.o(.data)
    upload_Hz                                0x20000212   Data           2  main.o(.data)
    UART_Upload_Mode                         0x20000214   Data           2  main.o(.data)
    Cbaudrate                                0x20000218   Data           4  main.o(.data)
    Upload_time                              0x2000021c   Data           4  main.o(.data)
    Math_hz                                  0x20000220   Data           2  main.o(.data)
    state                                    0x20000222   Data           1  main.o(.data)
    Start                                    0x20000223   Data           1  main.o(.data)
    file_wr                                  0x20000224   Data           1  main.o(.data)
    br                                       0x20000228   Data           4  fat_driver.o(.data)
    bw                                       0x2000022c   Data           4  fat_driver.o(.data)
    res                                      0x20000230   Data           1  fat_driver.o(.data)
    FileSave_DelayC                          0x20000234   Data           4  fat_driver.o(.data)
    FBindex                                  0x20000238   Data           2  fat_driver.o(.data)
    dtime                                    0x2000023c   Data           4  fat_driver.o(.data)
    lasttime                                 0x20000240   Data           4  fat_driver.o(.data)
    fdata_t                                  0x20000244   Data           2  fat_driver.o(.data)
    fdata_32t                                0x20000248   Data           4  fat_driver.o(.data)
    Data_Ready                               0x2000024c   Data           1  fat_driver.o(.data)
    Save_Err_count                           0x2000024e   Data           2  fat_driver.o(.data)
    ftime                                    0x20000250   Data           4  fat_driver.o(.data)
    flasttime                                0x20000254   Data           4  fat_driver.o(.data)
    File_W_Errcount                          0x20000258   Data           2  fat_driver.o(.data)
    FileSaveCount                            0x2000025a   Data           2  fat_driver.o(.data)
    TransferError                            0x20000272   Data           1  sdio_sdcard.o(.data)
    TransferEnd                              0x20000273   Data           1  sdio_sdcard.o(.data)
    temp                                     0x20000274   Data         512  sdio_sdcard.o(.data)
    tempbuff                                 0x20000474   Data           4  sdio_sdcard.o(.data)
    SET_TEST_MODE                            0x20000478   Data           4  usbd_core.o(.data)
    USBD_DCD_INT_cb                          0x2000047c   Data          44  usbd_core.o(.data)
    USBD_DCD_INT_fops                        0x200004a8   Data           4  usbd_core.o(.data)
    USBD_ep_status                           0x200004ac   Data           4  usbd_req.o(.data)
    USBD_default_cfg                         0x200004b0   Data           4  usbd_req.o(.data)
    USBD_cfg_status                          0x200004b4   Data           4  usbd_req.o(.data)
    MSC_BOT_DataLen                          0x200004ba   Data           2  usbd_msc_bot.o(.data)
    MSC_BOT_State                            0x200004bc   Data           1  usbd_msc_bot.o(.data)
    MSC_BOT_Status                           0x200004bd   Data           1  usbd_msc_bot.o(.data)
    USBD_MSC_cb                              0x200004c0   Data          44  usbd_msc_core.o(.data)
    USBD_MSC_CfgDesc                         0x200004ec   Data          32  usbd_msc_core.o(.data)
    SCSI_Sense_Head                          0x20000510   Data           1  usbd_msc_scsi.o(.data)
    SCSI_Sense_Tail                          0x20000511   Data           1  usbd_msc_scsi.o(.data)
    SCSI_blk_size                            0x20000514   Data           4  usbd_msc_scsi.o(.data)
    SCSI_blk_nbr                             0x20000518   Data           4  usbd_msc_scsi.o(.data)
    SCSI_blk_addr                            0x2000051c   Data           4  usbd_msc_scsi.o(.data)
    SCSI_blk_len                             0x20000520   Data           4  usbd_msc_scsi.o(.data)
    cdev                                     0x20000524   Data           4  usbd_msc_scsi.o(.data)
    USR_desc                                 0x20000528   Data          28  usbd_desc.o(.data)
    USBD_DeviceDesc                          0x20000544   Data          18  usbd_desc.o(.data)
    USBD_DeviceQualifierDesc                 0x20000556   Data          10  usbd_desc.o(.data)
    USBD_LangIDDesc                          0x20000560   Data           4  usbd_desc.o(.data)
    Divece_STA                               0x20000564   Data           1  usbd_storage_msd.o(.data)
    USBD_user_fops                           0x20000568   Data          32  usbd_storage_msd.o(.data)
    USBD_STORAGE_fops                        0x20000588   Data           4  usbd_storage_msd.o(.data)
    USB_Staut                                0x2000058c   Data           1  usbd_usr.o(.data)
    USRD_cb                                  0x20000590   Data          28  usbd_usr.o(.data)
    OSQUSART2Index                           0x200005ac   Data           4  uart2.o(.data)
    rx_wr_index                              0x200005b0   Data           1  uart2.o(.data)
    RC_Flag                                  0x200005b1   Data           1  uart2.o(.data)
    buf_lock                                 0x200005b2   Data           1  uart2.o(.data)
    Buff_WR_Index                            0x200005b4   Data           2  uart2.o(.data)
    USART2SendQBoxHost                       0x200005b8   Data           1  usart2dmatx.o(.data)
    USART2SendQBoxTail                       0x200005b9   Data           1  usart2dmatx.o(.data)
    USART2SendQFree                          0x200005bc   Data           4  usart2dmatx.o(.data)
    USART2SendOVF                            0x200005c0   Data           1  usart2dmatx.o(.data)
    USART2RunningFlag                        0x200005c1   Data           1  usart2dmatx.o(.data)
    USART2RecvOVF                            0x200005c2   Data           1  usart2dmatx.o(.data)
    USART2RecvFlag                           0x200005c3   Data           1  usart2dmatx.o(.data)
    OSQUSART1Index                           0x200005c4   Data           4  uart1.o(.data)
    USART1SendQBoxHost                       0x200005cc   Data           1  usart1dmatx.o(.data)
    USART1SendQBoxTail                       0x200005cd   Data           1  usart1dmatx.o(.data)
    USART1SendQFree                          0x200005d0   Data           4  usart1dmatx.o(.data)
    USART1SendOVF                            0x200005d4   Data           1  usart1dmatx.o(.data)
    USART1RunningFlag                        0x200005d5   Data           1  usart1dmatx.o(.data)
    USART1RecvOVF                            0x200005d6   Data           1  usart1dmatx.o(.data)
    USART1RecvFlag                           0x200005d7   Data           1  usart1dmatx.o(.data)
    Config                                   0x2000065c   Data          52  eeprom.o(.bss)
    eep_buf                                  0x20000690   Data         256  eeprom.o(.bss)
    AD_Value                                 0x20000790   Data          20  stm32adc.o(.bss)
    BMI160_FIFO                              0x200007a4   Data         120  bmi160.o(.bss)
    QMC5883_FIFO                             0x2000081c   Data          66  qmc5883.o(.bss)
    fs                                       0x20000860   Data         560  fat_driver.o(.bss)
    file                                     0x20000a90   Data         552  fat_driver.o(.bss)
    ftemp                                    0x20000cb8   Data         552  fat_driver.o(.bss)
    fileinfo                                 0x20000ee0   Data          24  fat_driver.o(.bss)
    dir                                      0x20000ef8   Data          28  fat_driver.o(.bss)
    fatbuf                                   0x20000f14   Data         512  fat_driver.o(.bss)
    File_SecBuf                              0x20001114   Data         512  fat_driver.o(.bss)
    File_Buf                                 0x20001314   Data        4096  fat_driver.o(.bss)
    File_Data                                0x20002314   Data          45  fat_driver.o(.bss)
    File_Data_buf                            0x20002341   Data          45  fat_driver.o(.bss)
    accgyroval_new                           0x2000236e   Data          12  fat_driver.o(.bss)
    magnetval_new                            0x2000237c   Data          12  fat_driver.o(.bss)
    SDIO_InitStructure                       0x20002398   Data          24  sdio_sdcard.o(.bss)
    SDIO_CmdInitStructure                    0x200023b0   Data          20  sdio_sdcard.o(.bss)
    SDIO_DataInitStructure                   0x200023c4   Data          24  sdio_sdcard.o(.bss)
    SDCardInfo                               0x20002400   Data          88  sdio_sdcard.o(.bss)
    SDIO_DATA_BUFFER                         0x20002458   Data         512  sdio_sdcard.o(.bss)
    USBD_StrDesc                             0x20002658   Data          64  usbd_req.o(.bss)
    MSC_BOT_Data                             0x20002698   Data        4096  usbd_msc_bot.o(.bss)
    MSC_BOT_cbw                              0x20003698   Data          32  usbd_msc_bot.o(.bss)
    MSC_BOT_csw                              0x200036b8   Data          16  usbd_msc_bot.o(.bss)
    SCSI_Sense                               0x200036c8   Data          32  usbd_msc_scsi.o(.bss)
    USB_OTG_dev                              0x200036e8   Data        1524  usbd_usr.o(.bss)
    rx_buffer                                0x20003cdc   Data         100  uart2.o(.bss)
    U2TxBuffer                               0x20003d40   Data         258  uart2.o(.bss)
    OSMemTcb                                 0x20003e44   Data          64  osqmem.o(.bss)
    OSUSART1MemQ                             0x20003e84   Data        2048  osqmem.o(.bss)
    OSUSART2MemQ                             0x20004684   Data        1024  osqmem.o(.bss)
    USART2SendQBuffer                        0x20004a84   Data         560  usart2dmatx.o(.bss)
    USART2SendTCB                            0x20004cb4   Data         160  usart2dmatx.o(.bss)
    USART2QRecvBuffer                        0x20004d54   Data          32  usart2dmatx.o(.bss)
    U1TxBuffer                               0x20004dd8   Data         100  uart1.o(.bss)
    USART1SendQBuffer                        0x20004e3c   Data        1840  usart1dmatx.o(.bss)
    USART1SendTCB                            0x2000556c   Data         320  usart1dmatx.o(.bss)
    USART1QRecvBuffer                        0x200056ac   Data          32  usart1dmatx.o(.bss)
    __libspace_start                         0x200056cc   Data          96  libspace.o(.bss)
    __temporary_stack_top$libspace           0x2000572c   Data           0  libspace.o(.bss)



==============================================================================

Memory Map of the image

  Image Entry point : 0x08000189

  Load Region LR_IROM1 (Base: 0x08000000, Size: 0x0000df00, Max: 0x00100000, ABSOLUTE, COMPRESSED[0x0000daa4])

    Execution Region ER_IROM1 (Base: 0x08000000, Size: 0x0000d928, Max: 0x00100000, ABSOLUTE)

    Base Addr    Size         Type   Attr      Idx    E Section Name        Object

    0x08000000   0x00000188   Data   RO         1660    RESET               startup_stm32f401xx.o
    0x08000188   0x00000008   Code   RO         5703  * !!!main             c_w.l(__main.o)
    0x08000190   0x00000034   Code   RO         6024    !!!scatter          c_w.l(__scatter.o)
    0x080001c4   0x0000005a   Code   RO         6022    !!dczerorl2         c_w.l(__dczerorl2.o)
    0x0800021e   0x00000002   PAD
    0x08000220   0x0000001c   Code   RO         6026    !!handler_zi        c_w.l(__scatter_zi.o)
    0x0800023c   0x00000002   Code   RO         5888    .ARM.Collect$$libinit$$00000000  c_w.l(libinit.o)
    0x0800023e   0x00000004   Code   RO         5897    .ARM.Collect$$libinit$$00000001  c_w.l(libinit2.o)
    0x08000242   0x00000000   Code   RO         5900    .ARM.Collect$$libinit$$00000004  c_w.l(libinit2.o)
    0x08000242   0x00000000   Code   RO         5903    .ARM.Collect$$libinit$$0000000A  c_w.l(libinit2.o)
    0x08000242   0x00000000   Code   RO         5905    .ARM.Collect$$libinit$$0000000C  c_w.l(libinit2.o)
    0x08000242   0x00000000   Code   RO         5907    .ARM.Collect$$libinit$$0000000E  c_w.l(libinit2.o)
    0x08000242   0x00000000   Code   RO         5910    .ARM.Collect$$libinit$$00000011  c_w.l(libinit2.o)
    0x08000242   0x00000000   Code   RO         5912    .ARM.Collect$$libinit$$00000013  c_w.l(libinit2.o)
    0x08000242   0x00000000   Code   RO         5914    .ARM.Collect$$libinit$$00000015  c_w.l(libinit2.o)
    0x08000242   0x00000000   Code   RO         5916    .ARM.Collect$$libinit$$00000017  c_w.l(libinit2.o)
    0x08000242   0x00000000   Code   RO         5918    .ARM.Collect$$libinit$$00000019  c_w.l(libinit2.o)
    0x08000242   0x00000000   Code   RO         5920    .ARM.Collect$$libinit$$0000001B  c_w.l(libinit2.o)
    0x08000242   0x00000000   Code   RO         5922    .ARM.Collect$$libinit$$0000001D  c_w.l(libinit2.o)
    0x08000242   0x00000000   Code   RO         5924    .ARM.Collect$$libinit$$0000001F  c_w.l(libinit2.o)
    0x08000242   0x00000000   Code   RO         5926    .ARM.Collect$$libinit$$00000021  c_w.l(libinit2.o)
    0x08000242   0x00000000   Code   RO         5928    .ARM.Collect$$libinit$$00000023  c_w.l(libinit2.o)
    0x08000242   0x00000000   Code   RO         5930    .ARM.Collect$$libinit$$00000025  c_w.l(libinit2.o)
    0x08000242   0x00000000   Code   RO         5934    .ARM.Collect$$libinit$$0000002C  c_w.l(libinit2.o)
    0x08000242   0x00000000   Code   RO         5936    .ARM.Collect$$libinit$$0000002E  c_w.l(libinit2.o)
    0x08000242   0x00000000   Code   RO         5938    .ARM.Collect$$libinit$$00000030  c_w.l(libinit2.o)
    0x08000242   0x00000000   Code   RO         5940    .ARM.Collect$$libinit$$00000032  c_w.l(libinit2.o)
    0x08000242   0x00000002   Code   RO         5941    .ARM.Collect$$libinit$$00000033  c_w.l(libinit2.o)
    0x08000244   0x00000002   Code   RO         5973    .ARM.Collect$$libshutdown$$00000000  c_w.l(libshutdown.o)
    0x08000246   0x00000000   Code   RO         5991    .ARM.Collect$$libshutdown$$00000003  c_w.l(libshutdown2.o)
    0x08000246   0x00000000   Code   RO         5994    .ARM.Collect$$libshutdown$$00000006  c_w.l(libshutdown2.o)
    0x08000246   0x00000000   Code   RO         5997    .ARM.Collect$$libshutdown$$00000009  c_w.l(libshutdown2.o)
    0x08000246   0x00000000   Code   RO         5999    .ARM.Collect$$libshutdown$$0000000B  c_w.l(libshutdown2.o)
    0x08000246   0x00000000   Code   RO         6002    .ARM.Collect$$libshutdown$$0000000E  c_w.l(libshutdown2.o)
    0x08000246   0x00000002   Code   RO         6003    .ARM.Collect$$libshutdown$$0000000F  c_w.l(libshutdown2.o)
    0x08000248   0x00000000   Code   RO         5783    .ARM.Collect$$rtentry$$00000000  c_w.l(__rtentry.o)
    0x08000248   0x00000000   Code   RO         5847    .ARM.Collect$$rtentry$$00000002  c_w.l(__rtentry2.o)
    0x08000248   0x00000006   Code   RO         5859    .ARM.Collect$$rtentry$$00000004  c_w.l(__rtentry4.o)
    0x0800024e   0x00000000   Code   RO         5849    .ARM.Collect$$rtentry$$00000009  c_w.l(__rtentry2.o)
    0x0800024e   0x00000004   Code   RO         5850    .ARM.Collect$$rtentry$$0000000A  c_w.l(__rtentry2.o)
    0x08000252   0x00000000   Code   RO         5852    .ARM.Collect$$rtentry$$0000000C  c_w.l(__rtentry2.o)
    0x08000252   0x00000008   Code   RO         5853    .ARM.Collect$$rtentry$$0000000D  c_w.l(__rtentry2.o)
    0x0800025a   0x00000002   Code   RO         5891    .ARM.Collect$$rtexit$$00000000  c_w.l(rtexit.o)
    0x0800025c   0x00000000   Code   RO         5945    .ARM.Collect$$rtexit$$00000002  c_w.l(rtexit2.o)
    0x0800025c   0x00000004   Code   RO         5946    .ARM.Collect$$rtexit$$00000003  c_w.l(rtexit2.o)
    0x08000260   0x00000006   Code   RO         5947    .ARM.Collect$$rtexit$$00000004  c_w.l(rtexit2.o)
    0x08000266   0x00000002   PAD
    0x08000268   0x00000008   Code   RO         3950    .emb_text           sdio_sdcard.o
    0x08000270   0x00000040   Code   RO         1661    .text               startup_stm32f401xx.o
    0x080002b0   0x00000048   Code   RO         5697    .text               c_w.l(llsdiv.o)
    0x080002f8   0x0000008a   Code   RO         5699    .text               c_w.l(rt_memcpy_v6.o)
    0x08000382   0x00000006   Code   RO         5701    .text               c_w.l(heapauxi.o)
    0x08000388   0x000000ee   Code   RO         5784    .text               c_w.l(lludivv7m.o)
    0x08000476   0x00000016   Code   RO         5786    .text               c_w.l(_rserrno.o)
    0x0800048c   0x00000064   Code   RO         5788    .text               c_w.l(rt_memcpy_w.o)
    0x080004f0   0x00000008   Code   RO         5868    .text               c_w.l(rt_errno_addr_intlibspace.o)
    0x080004f8   0x00000008   Code   RO         5874    .text               c_w.l(libspace.o)
    0x08000500   0x0000004a   Code   RO         5877    .text               c_w.l(sys_stackheap_outer.o)
    0x0800054a   0x0000000c   Code   RO         5881    .text               c_w.l(exit.o)
    0x08000556   0x00000002   PAD
    0x08000558   0x0000000c   Code   RO         5961    .text               c_w.l(sys_exit.o)
    0x08000564   0x00000002   Code   RO         5978    .text               c_w.l(use_no_semi.o)
    0x08000566   0x00000000   Code   RO         5980    .text               c_w.l(indicate_semi.o)
    0x08000566   0x00000002   PAD
    0x08000568   0x000000c0   Code   RO         3062    i.ACC_Cal           bmi160.o
    0x08000628   0x0000016c   Code   RO         3063    i.ACC_Save_cal      bmi160.o
    0x08000794   0x00000074   Code   RO         2903    i.ADC1_Configuration  stm32adc.o
    0x08000808   0x00000016   Code   RO         1927    i.ADC_Cmd           stm32f4xx_adc.o
    0x0800081e   0x00000002   PAD
    0x08000820   0x00000030   Code   RO         1928    i.ADC_CommonInit    stm32f4xx_adc.o
    0x08000850   0x00000016   Code   RO         1931    i.ADC_DMACmd        stm32f4xx_adc.o
    0x08000866   0x00000016   Code   RO         1932    i.ADC_DMARequestAfterLastTransferCmd  stm32f4xx_adc.o
    0x0800087c   0x00000068   Code   RO         2904    i.ADC_DMA_Configuration  stm32adc.o
    0x080008e4   0x00000034   Code   RO         2905    i.ADC_GPIO_Configuration  stm32adc.o
    0x08000918   0x00000054   Code   RO         1947    i.ADC_Init          stm32f4xx_adc.o
    0x0800096c   0x000000b8   Code   RO         1952    i.ADC_RegularChannelConfig  stm32f4xx_adc.o
    0x08000a24   0x0000000a   Code   RO         1954    i.ADC_SoftwareStartConv  stm32f4xx_adc.o
    0x08000a2e   0x00000002   PAD
    0x08000a30   0x0000001c   Code   RO         2906    i.ADC_Voltage_initial  stm32adc.o
    0x08000a4c   0x0000002c   Code   RO         3462    i.Add_To_Buf        fat_driver.o
    0x08000a78   0x0000001e   Code   RO         3064    i.BMI160_GetAvg     bmi160.o
    0x08000a96   0x00000002   PAD
    0x08000a98   0x000000c8   Code   RO         3065    i.BMI160_InitGyro_Offset  bmi160.o
    0x08000b60   0x00000010   Code   RO         3066    i.BMI160_NewVal     bmi160.o
    0x08000b70   0x00000028   Code   RO         3067    i.BMI160_Read_ID    bmi160.o
    0x08000b98   0x0000002c   Code   RO         3068    i.BMI160_Read_Reg   bmi160.o
    0x08000bc4   0x00000048   Code   RO         3069    i.BMI160_Reset_ACC_Offset  bmi160.o
    0x08000c0c   0x00000084   Code   RO         3070    i.BMI160_get_ACCMAX  bmi160.o
    0x08000c90   0x000000ec   Code   RO         3071    i.BMI160_init       bmi160.o
    0x08000d7c   0x00000218   Code   RO         3072    i.BMI160_readAccGyro  bmi160.o
    0x08000f94   0x00000004   Code   RO         3354    i.BusFault_Handler  stm32f4xx_it.o
    0x08000f98   0x00000030   Code   RO         3951    i.CmdError          sdio_sdcard.o
    0x08000fc8   0x00000064   Code   RO         3952    i.CmdResp1Error     sdio_sdcard.o
    0x0800102c   0x00000054   Code   RO         3953    i.CmdResp2Error     sdio_sdcard.o
    0x08001080   0x00000038   Code   RO         3954    i.CmdResp3Error     sdio_sdcard.o
    0x080010b8   0x00000094   Code   RO         3955    i.CmdResp6Error     sdio_sdcard.o
    0x0800114c   0x0000004c   Code   RO         3956    i.CmdResp7Error     sdio_sdcard.o
    0x08001198   0x00000022   Code   RO         4480    i.DCD_DevDisconnect  usb_dcd.o
    0x080011ba   0x0000004a   Code   RO         4481    i.DCD_EP_Close      usb_dcd.o
    0x08001204   0x00000048   Code   RO         4482    i.DCD_EP_ClrStall   usb_dcd.o
    0x0800124c   0x00000024   Code   RO         4483    i.DCD_EP_Flush      usb_dcd.o
    0x08001270   0x00000068   Code   RO         4484    i.DCD_EP_Open       usb_dcd.o
    0x080012d8   0x00000052   Code   RO         4485    i.DCD_EP_PrepareRx  usb_dcd.o
    0x0800132a   0x0000001c   Code   RO         4486    i.DCD_EP_SetAddress  usb_dcd.o
    0x08001346   0x00000048   Code   RO         4487    i.DCD_EP_Stall      usb_dcd.o
    0x0800138e   0x0000004e   Code   RO         4488    i.DCD_EP_Tx         usb_dcd.o
    0x080013dc   0x00000066   Code   RO         4164    i.DCD_HandleEnumDone_ISR  usb_dcd_int.o
    0x08001442   0x00000002   PAD
    0x08001444   0x00000144   Code   RO         4165    i.DCD_HandleInEP_ISR  usb_dcd_int.o
    0x08001588   0x00000100   Code   RO         4166    i.DCD_HandleOutEP_ISR  usb_dcd_int.o
    0x08001688   0x00000068   Code   RO         4167    i.DCD_HandleResume_ISR  usb_dcd_int.o
    0x080016f0   0x000000b0   Code   RO         4168    i.DCD_HandleRxStatusQueueLevel_ISR  usb_dcd_int.o
    0x080017a0   0x0000002c   Code   RO         4169    i.DCD_HandleSof_ISR  usb_dcd_int.o
    0x080017cc   0x000000a8   Code   RO         4170    i.DCD_HandleUSBSuspend_ISR  usb_dcd_int.o
    0x08001874   0x00000104   Code   RO         4171    i.DCD_HandleUsbReset_ISR  usb_dcd_int.o
    0x08001978   0x0000009c   Code   RO         4490    i.DCD_Init          usb_dcd.o
    0x08001a14   0x0000002c   Code   RO         4172    i.DCD_IsoINIncomplete_ISR  usb_dcd_int.o
    0x08001a40   0x0000002c   Code   RO         4173    i.DCD_IsoOUTIncomplete_ISR  usb_dcd_int.o
    0x08001a6c   0x00000028   Code   RO         4174    i.DCD_ReadDevInEP   usb_dcd_int.o
    0x08001a94   0x00000090   Code   RO         4175    i.DCD_WriteEmptyTxFifo  usb_dcd_int.o
    0x08001b24   0x00000024   Code   RO         5383    i.DMA1_Stream6_IRQHandler  uart2.o
    0x08001b48   0x00000024   Code   RO         5565    i.DMA2_Stream7_IRQHandler  uart1.o
    0x08001b6c   0x00000034   Code   RO          943    i.DMA_ClearITPendingBit  stm32f4xx_dma.o
    0x08001ba0   0x00000016   Code   RO          944    i.DMA_Cmd           stm32f4xx_dma.o
    0x08001bb6   0x00000002   PAD
    0x08001bb8   0x00000158   Code   RO          945    i.DMA_DeInit        stm32f4xx_dma.o
    0x08001d10   0x00000016   Code   RO          948    i.DMA_FlowControllerConfig  stm32f4xx_dma.o
    0x08001d26   0x00000014   Code   RO          949    i.DMA_GetCmdStatus  stm32f4xx_dma.o
    0x08001d3a   0x00000002   PAD
    0x08001d3c   0x00000064   Code   RO          954    i.DMA_GetITStatus   stm32f4xx_dma.o
    0x08001da0   0x0000003a   Code   RO          955    i.DMA_ITConfig      stm32f4xx_dma.o
    0x08001dda   0x00000002   PAD
    0x08001ddc   0x00000058   Code   RO          956    i.DMA_Init          stm32f4xx_dma.o
    0x08001e34   0x00000002   Code   RO         3355    i.DebugMon_Handler  stm32f4xx_it.o
    0x08001e36   0x00000002   PAD
    0x08001e38   0x00000054   Code   RO         3463    i.FAT_Initial       fat_driver.o
    0x08001e8c   0x00000020   Code   RO         3464    i.FileSave_Stop     fat_driver.o
    0x08001eac   0x00000070   Code   RO         3465    i.FileSave_TimerSet  fat_driver.o
    0x08001f1c   0x00000028   Code   RO         3466    i.File_Save_Routing  fat_driver.o
    0x08001f44   0x00000080   Code   RO         3467    i.File_head         fat_driver.o
    0x08001fc4   0x00000194   Code   RO         3957    i.FindSCR           sdio_sdcard.o
    0x08002158   0x00000090   Code   RO         1071    i.GPIO_Init         stm32f4xx_gpio.o
    0x080021e8   0x00000046   Code   RO         1072    i.GPIO_PinAFConfig  stm32f4xx_gpio.o
    0x0800222e   0x00000012   Code   RO         1075    i.GPIO_ReadInputDataBit  stm32f4xx_gpio.o
    0x08002240   0x00000004   Code   RO         1078    i.GPIO_ResetBits    stm32f4xx_gpio.o
    0x08002244   0x00000004   Code   RO         1079    i.GPIO_SetBits      stm32f4xx_gpio.o
    0x08002248   0x00000084   Code   RO         2907    i.Get_Bat_Vol       stm32adc.o
    0x080022cc   0x0000004c   Code   RO         3468    i.Get_From_Buf512   fat_driver.o
    0x08002318   0x000000a4   Code   RO         2750    i.Get_file_name     eeprom.o
    0x080023bc   0x00000004   Code   RO         3356    i.HardFault_Handler  stm32f4xx_it.o
    0x080023c0   0x00000046   Code   RO         2477    i.I2C_ReadOneByte   ioi2c.o
    0x08002406   0x00000002   PAD
    0x08002408   0x0000004c   Code   RO         2478    i.IIC_Ack           ioi2c.o
    0x08002454   0x00000034   Code   RO         2479    i.IIC_Init          ioi2c.o
    0x08002488   0x0000004c   Code   RO         2480    i.IIC_NAck          ioi2c.o
    0x080024d4   0x0000006c   Code   RO         2481    i.IIC_Read_Byte     ioi2c.o
    0x08002540   0x00000064   Code   RO         2482    i.IIC_Send_Byte     ioi2c.o
    0x080025a4   0x0000004c   Code   RO         2483    i.IIC_Start         ioi2c.o
    0x080025f0   0x0000004c   Code   RO         2484    i.IIC_Stop          ioi2c.o
    0x0800263c   0x00000074   Code   RO         2485    i.IIC_Wait_Ack      ioi2c.o
    0x080026b0   0x00000064   Code   RO         2487    i.IICreadBytes      ioi2c.o
    0x08002714   0x00000014   Code   RO         2490    i.IICwriteByte      ioi2c.o
    0x08002728   0x00000046   Code   RO         2491    i.IICwriteBytes     ioi2c.o
    0x0800276e   0x00000002   PAD
    0x08002770   0x00000130   Code   RO         2822    i.IMU_init          imu.o
    0x080028a0   0x000000c8   Code   RO         2358    i.Initial_LED_GPIO  led.o
    0x08002968   0x000000c4   Code   RO         2359    i.Initial_PWM_LED   led.o
    0x08002a2c   0x0000004c   Code   RO         2434    i.Initial_System_Timer  delay.o
    0x08002a78   0x00000138   Code   RO         5566    i.Initial_UART1     uart1.o
    0x08002bb0   0x00000134   Code   RO         5384    i.Initial_UART2     uart2.o
    0x08002ce4   0x000000a0   Code   RO         3958    i.IsCardProgramming  sdio_sdcard.o
    0x08002d84   0x00000030   Code   RO         2908    i.Is_BAT_LOW        stm32adc.o
    0x08002db4   0x00000030   Code   RO         2361    i.LED_Change        led.o
    0x08002de4   0x0000002c   Code   RO         2362    i.LED_Reverse       led.o
    0x08002e10   0x00000010   Code   RO         2587    i.MS561101BA_GetTemperature  ms5611.o
    0x08002e20   0x00000074   Code   RO         2588    i.MS561101BA_NewAlt  ms5611.o
    0x08002e94   0x00000068   Code   RO         2589    i.MS561101BA_NewPress  ms5611.o
    0x08002efc   0x00000068   Code   RO         2590    i.MS561101BA_NewTemp  ms5611.o
    0x08002f64   0x00000028   Code   RO         2591    i.MS561101BA_ResetAlt  ms5611.o
    0x08002f8c   0x00000038   Code   RO         2593    i.MS561101BA_getAvg  ms5611.o
    0x08002fc4   0x00000068   Code   RO         2594    i.MS561101BA_getConversion  ms5611.o
    0x0800302c   0x00000264   Code   RO         2595    i.MS561101BA_getPressure  ms5611.o
    0x08003290   0x00000120   Code   RO         2596    i.MS561101BA_get_altitude  ms5611.o
    0x080033b0   0x00000012   Code   RO         2597    i.MS561101BA_init   ms5611.o
    0x080033c2   0x00000002   PAD
    0x080033c4   0x00000074   Code   RO         2598    i.MS561101BA_readPROM  ms5611.o
    0x08003438   0x00000020   Code   RO         2599    i.MS561101BA_reset  ms5611.o
    0x08003458   0x00000022   Code   RO         2600    i.MS561101BA_startConversion  ms5611.o
    0x0800347a   0x00000002   PAD
    0x0800347c   0x000000b8   Code   RO         2602    i.MS5611BA_Routing  ms5611.o
    0x08003534   0x00000044   Code   RO         4829    i.MSC_BOT_Abort     usbd_msc_bot.o
    0x08003578   0x000000d0   Code   RO         4830    i.MSC_BOT_CBW_Decode  usbd_msc_bot.o
    0x08003648   0x0000003c   Code   RO         4831    i.MSC_BOT_CplClrFeature  usbd_msc_bot.o
    0x08003684   0x00000050   Code   RO         4832    i.MSC_BOT_DataIn    usbd_msc_bot.o
    0x080036d4   0x00000044   Code   RO         4833    i.MSC_BOT_DataOut   usbd_msc_bot.o
    0x08003718   0x0000000c   Code   RO         4834    i.MSC_BOT_DeInit    usbd_msc_bot.o
    0x08003724   0x00000048   Code   RO         4835    i.MSC_BOT_Init      usbd_msc_bot.o
    0x0800376c   0x0000002c   Code   RO         4836    i.MSC_BOT_Reset     usbd_msc_bot.o
    0x08003798   0x00000040   Code   RO         4837    i.MSC_BOT_SendCSW   usbd_msc_bot.o
    0x080037d8   0x00000048   Code   RO         4838    i.MSC_BOT_SendData  usbd_msc_bot.o
    0x08003820   0x00000004   Code   RO         3357    i.MemManage_Handler  stm32f4xx_it.o
    0x08003824   0x00000002   Code   RO         3358    i.NMI_Handler       stm32f4xx_it.o
    0x08003826   0x00000040   Code   RO         5385    i.NVIC_Configuration  uart2.o
    0x08003866   0x0000003e   Code   RO         5567    i.NVIC_Configuration  uart1.o
    0x080038a4   0x00000078   Code   RO          898    i.NVIC_Init         misc.o
    0x0800391c   0x00000014   Code   RO          899    i.NVIC_PriorityGroupConfig  misc.o
    0x08003930   0x00000028   Code   RO         2751    i.New_Filed         eeprom.o
    0x08003958   0x00000084   Code   RO         5475    i.OSMemCreate       osqmem.o
    0x080039dc   0x0000001c   Code   RO         5476    i.OSMemDelete       osqmem.o
    0x080039f8   0x0000002c   Code   RO         5477    i.OSMemGet          osqmem.o
    0x08003a24   0x00000018   Code   RO         5478    i.OSMemInit         osqmem.o
    0x08003a3c   0x00000010   Code   RO         5145    i.OTG_FS_IRQHandler  usb_it.o
    0x08003a4c   0x00000002   Code   RO         3359    i.PendSV_Handler    stm32f4xx_it.o
    0x08003a4e   0x00000002   PAD
    0x08003a50   0x00000148   Code   RO         3169    i.QMC5883L_Save_Calib  qmc5883.o
    0x08003b98   0x0000000e   Code   RO         3170    i.QMC5883L_SetUp    qmc5883.o
    0x08003ba6   0x00000002   PAD
    0x08003ba8   0x00000088   Code   RO         3171    i.QMC5883L_Start_Calib  qmc5883.o
    0x08003c30   0x0000005c   Code   RO         3172    i.QMC5883L_update_config  qmc5883.o
    0x08003c8c   0x00000020   Code   RO         3173    i.QMC5883_FIFO_init  qmc5883.o
    0x08003cac   0x0000008c   Code   RO         3174    i.QMC5883_getRaw    qmc5883.o
    0x08003d38   0x00000032   Code   RO         3176    i.QMC5883_init      qmc5883.o
    0x08003d6a   0x00000002   PAD
    0x08003d6c   0x00000180   Code   RO         3178    i.QMC5883_newValues  qmc5883.o
    0x08003eec   0x00000012   Code   RO         3179    i.QMC5883_writeReg  qmc5883.o
    0x08003efe   0x00000002   PAD
    0x08003f00   0x00000020   Code   RO         1168    i.RCC_AHB1PeriphClockCmd  stm32f4xx_rcc.o
    0x08003f20   0x00000020   Code   RO         1171    i.RCC_AHB2PeriphClockCmd  stm32f4xx_rcc.o
    0x08003f40   0x00000020   Code   RO         1177    i.RCC_APB1PeriphClockCmd  stm32f4xx_rcc.o
    0x08003f60   0x00000020   Code   RO         1179    i.RCC_APB1PeriphResetCmd  stm32f4xx_rcc.o
    0x08003f80   0x00000020   Code   RO         1180    i.RCC_APB2PeriphClockCmd  stm32f4xx_rcc.o
    0x08003fa0   0x00000020   Code   RO         1182    i.RCC_APB2PeriphResetCmd  stm32f4xx_rcc.o
    0x08003fc0   0x000000e8   Code   RO         1189    i.RCC_GetClocksFreq  stm32f4xx_rcc.o
    0x080040a8   0x00000030   Code   RO         2752    i.Read_config       eeprom.o
    0x080040d8   0x0000002c   Code   RO         4996    i.SCSI_CheckAddressRange  usbd_msc_scsi.o
    0x08004104   0x00000058   Code   RO         4997    i.SCSI_Inquiry      usbd_msc_scsi.o
    0x0800415c   0x00000030   Code   RO         4998    i.SCSI_ModeSense10  usbd_msc_scsi.o
    0x0800418c   0x00000030   Code   RO         4999    i.SCSI_ModeSense6   usbd_msc_scsi.o
    0x080041bc   0x000000d8   Code   RO         5000    i.SCSI_ProcessCmd   usbd_msc_scsi.o
    0x08004294   0x000000b8   Code   RO         5001    i.SCSI_ProcessRead  usbd_msc_scsi.o
    0x0800434c   0x000000cc   Code   RO         5002    i.SCSI_ProcessWrite  usbd_msc_scsi.o
    0x08004418   0x000000f0   Code   RO         5003    i.SCSI_Read10       usbd_msc_scsi.o
    0x08004508   0x0000008c   Code   RO         5004    i.SCSI_ReadCapacity10  usbd_msc_scsi.o
    0x08004594   0x00000088   Code   RO         5005    i.SCSI_ReadFormatCapacity  usbd_msc_scsi.o
    0x0800461c   0x00000098   Code   RO         5006    i.SCSI_RequestSense  usbd_msc_scsi.o
    0x080046b4   0x0000003c   Code   RO         5007    i.SCSI_SenseCode    usbd_msc_scsi.o
    0x080046f0   0x00000010   Code   RO         5008    i.SCSI_StartStopUnit  usbd_msc_scsi.o
    0x08004700   0x00000050   Code   RO         5009    i.SCSI_TestUnitReady  usbd_msc_scsi.o
    0x08004750   0x00000050   Code   RO         5010    i.SCSI_Verify10     usbd_msc_scsi.o
    0x080047a0   0x00000134   Code   RO         5011    i.SCSI_Write10      usbd_msc_scsi.o
    0x080048d4   0x000000ac   Code   RO         3959    i.SDEnWideBus       sdio_sdcard.o
    0x08004980   0x0000000c   Code   RO         2164    i.SDIO_ClearFlag    stm32f4xx_sdio.o
    0x0800498c   0x0000001c   Code   RO         3960    i.SDIO_Clock_Set    sdio_sdcard.o
    0x080049a8   0x00000034   Code   RO         2170    i.SDIO_DataConfig   stm32f4xx_sdio.o
    0x080049dc   0x00000018   Code   RO         2176    i.SDIO_GetFlagStatus  stm32f4xx_sdio.o
    0x080049f4   0x00000010   Code   RO         2178    i.SDIO_GetPowerState  stm32f4xx_sdio.o
    0x08004a04   0x00000008   Code   RO         3961    i.SDIO_IRQHandler   sdio_sdcard.o
    0x08004a0c   0x00000030   Code   RO         2181    i.SDIO_Init         stm32f4xx_sdio.o
    0x08004a3c   0x00000038   Code   RO         3962    i.SDIO_Register_Deinit  sdio_sdcard.o
    0x08004a74   0x0000002c   Code   RO         2184    i.SDIO_SendCommand  stm32f4xx_sdio.o
    0x08004aa0   0x0000000c   Code   RO         2186    i.SDIO_SetPowerState  stm32f4xx_sdio.o
    0x08004aac   0x00000080   Code   RO         3963    i.SD_DMA_Config     sdio_sdcard.o
    0x08004b2c   0x00000068   Code   RO         3964    i.SD_EnableWideBusOperation  sdio_sdcard.o
    0x08004b94   0x000002fc   Code   RO         3965    i.SD_GetCardInfo    sdio_sdcard.o
    0x08004e90   0x00000130   Code   RO         3967    i.SD_Init           sdio_sdcard.o
    0x08004fc0   0x00000164   Code   RO         3968    i.SD_InitializeCards  sdio_sdcard.o
    0x08005124   0x000001f8   Code   RO         3970    i.SD_PowerON        sdio_sdcard.o
    0x0800531c   0x00000154   Code   RO         3971    i.SD_ProcessIRQSrc  sdio_sdcard.o
    0x08005470   0x00000270   Code   RO         3972    i.SD_ReadBlock      sdio_sdcard.o
    0x080056e0   0x000000a0   Code   RO         3973    i.SD_ReadDisk       sdio_sdcard.o
    0x08005780   0x000002f4   Code   RO         3974    i.SD_ReadMultiBlocks  sdio_sdcard.o
    0x08005a74   0x00000030   Code   RO         3975    i.SD_SelectDeselect  sdio_sdcard.o
    0x08005aa4   0x00000018   Code   RO         3977    i.SD_SetDeviceMode  sdio_sdcard.o
    0x08005abc   0x00000388   Code   RO         3978    i.SD_WriteBlock     sdio_sdcard.o
    0x08005e44   0x000000a0   Code   RO         3979    i.SD_WriteDisk      sdio_sdcard.o
    0x08005ee4   0x000003d0   Code   RO         3980    i.SD_WriteMultiBlocks  sdio_sdcard.o
    0x080062b4   0x00000030   Code   RO         2363    i.SET_POWER_Down    led.o
    0x080062e4   0x00000100   Code   RO         2960    i.SPI1_Configuration  spi1.o
    0x080063e4   0x00000030   Code   RO         2961    i.SPI1_ReadWrite_Byte  spi1.o
    0x08006414   0x00000028   Code   RO         2964    i.SPI1_readRegs     spi1.o
    0x0800643c   0x00000014   Code   RO         2965    i.SPI1_writeReg     spi1.o
    0x08006450   0x00000108   Code   RO         2713    i.SPI2_Configuration  spi2.o
    0x08006558   0x00000018   Code   RO         1502    i.SPI_Cmd           stm32f4xx_spi.o
    0x08006570   0x0000003c   Code   RO         1515    i.SPI_Init          stm32f4xx_spi.o
    0x080065ac   0x00000030   Code   RO         5236    i.STORAGE_GetCapacity  usbd_storage_msd.o
    0x080065dc   0x00000004   Code   RO         5237    i.STORAGE_GetMaxLun  usbd_storage_msd.o
    0x080065e0   0x00000060   Code   RO         5238    i.STORAGE_Init      usbd_storage_msd.o
    0x08006640   0x00000024   Code   RO         5239    i.STORAGE_IsReady   usbd_storage_msd.o
    0x08006664   0x00000030   Code   RO         5240    i.STORAGE_IsWriteProtected  usbd_storage_msd.o
    0x08006694   0x000000c0   Code   RO         5241    i.STORAGE_Read      usbd_storage_msd.o
    0x08006754   0x000000a4   Code   RO         5242    i.STORAGE_Write     usbd_storage_msd.o
    0x080067f8   0x00000002   Code   RO         3360    i.SVC_Handler       stm32f4xx_it.o
    0x080067fa   0x00000002   PAD
    0x080067fc   0x000000a4   Code   RO         2364    i.Scan_Key_Routing  led.o
    0x080068a0   0x000000f0   Code   RO         3425    i.SetSysClock       system_stm32f4xx.o
    0x08006990   0x00000050   Code   RO         2365    i.Set_BeepON        led.o
    0x080069e0   0x00000038   Code   RO         5386    i.Sum_check         uart2.o
    0x08006a18   0x00000038   Code   RO         5569    i.Sum_check         uart1.o
    0x08006a50   0x00000002   Code   RO         3361    i.SysTick_Handler   stm32f4xx_it.o
    0x08006a52   0x00000002   PAD
    0x08006a54   0x00000068   Code   RO         3427    i.SystemInit        system_stm32f4xx.o
    0x08006abc   0x00000034   Code   RO         3257    i.TIM3_IRQHandler   main.o
    0x08006af0   0x0000037c   Code   RO         3469    i.TIM4_IRQHandler   fat_driver.o
    0x08006e6c   0x00000018   Code   RO          152    i.TIM_ARRPreloadConfig  stm32f4xx_tim.o
    0x08006e84   0x00000018   Code   RO          164    i.TIM_Cmd           stm32f4xx_tim.o
    0x08006e9c   0x0000001e   Code   RO          166    i.TIM_CtrlPWMOutputs  stm32f4xx_tim.o
    0x08006eba   0x00000012   Code   RO          189    i.TIM_ITConfig      stm32f4xx_tim.o
    0x08006ecc   0x0000007c   Code   RO          193    i.TIM_OC1Init       stm32f4xx_tim.o
    0x08006f48   0x00000012   Code   RO          196    i.TIM_OC1PreloadConfig  stm32f4xx_tim.o
    0x08006f5a   0x00000002   PAD
    0x08006f5c   0x000000a4   Code   RO          198    i.TIM_OC2Init       stm32f4xx_tim.o
    0x08007000   0x000000a0   Code   RO          203    i.TIM_OC3Init       stm32f4xx_tim.o
    0x080070a0   0x00000084   Code   RO          236    i.TIM_TimeBaseInit  stm32f4xx_tim.o
    0x08007124   0x0000001e   Code   RO         3015    i.Tim3_NVIC_Init    time3_driver.o
    0x08007142   0x00000002   PAD
    0x08007144   0x0000001c   Code   RO         3016    i.Tim3_Restart      time3_driver.o
    0x08007160   0x00000024   Code   RO         3017    i.Tim3_Set_Speed    time3_driver.o
    0x08007184   0x00000014   Code   RO         3018    i.Tim3_Stop         time3_driver.o
    0x08007198   0x0000004c   Code   RO         3019    i.Time3_Inttrup_init  time3_driver.o
    0x080071e4   0x00000030   Code   RO         5570    i.UART1_CommandRoute  uart1.o
    0x08007214   0x0000001a   Code   RO         5571    i.UART1_Put_String  uart1.o
    0x0800722e   0x00000002   PAD
    0x08007230   0x00000050   Code   RO         5573    i.UART1_Putw_Dec    uart1.o
    0x08007280   0x00000030   Code   RO         5387    i.UART2_CommandRoute  uart2.o
    0x080072b0   0x00000108   Code   RO         5389    i.UART2_ReportHMC   uart2.o
    0x080073b8   0x00000228   Code   RO         5390    i.UART2_ReportIMU   uart2.o
    0x080075e0   0x00000284   Code   RO         5391    i.UART2_ReportMotion  uart2.o
    0x08007864   0x00000058   Code   RO         5392    i.UART2_Send_ACC    uart2.o
    0x080078bc   0x000000a0   Code   RO         5654    i.USART1DMAConfig   usart1dmatx.o
    0x0800795c   0x000000d0   Code   RO         5655    i.USART1DMAUpdate   usart1dmatx.o
    0x08007a2c   0x00000130   Code   RO         5657    i.USART1WriteDataToBuffer  usart1dmatx.o
    0x08007b5c   0x000000dc   Code   RO         5575    i.USART1_IRQHandler  uart1.o
    0x08007c38   0x000000a0   Code   RO         5519    i.USART2DMAConfig   usart2dmatx.o
    0x08007cd8   0x000000d0   Code   RO         5520    i.USART2DMAUpdate   usart2dmatx.o
    0x08007da8   0x00000130   Code   RO         5522    i.USART2WriteDataToBuffer  usart2dmatx.o
    0x08007ed8   0x000000dc   Code   RO         5393    i.USART2_IRQHandler  uart2.o
    0x08007fb4   0x0000001e   Code   RO          711    i.USART_ClearITPendingBit  stm32f4xx_usart.o
    0x08007fd2   0x00000018   Code   RO          714    i.USART_Cmd         stm32f4xx_usart.o
    0x08007fea   0x00000012   Code   RO          715    i.USART_DMACmd      stm32f4xx_usart.o
    0x08007ffc   0x000000f0   Code   RO          716    i.USART_DeInit      stm32f4xx_usart.o
    0x080080ec   0x00000054   Code   RO          718    i.USART_GetITStatus  stm32f4xx_usart.o
    0x08008140   0x0000004a   Code   RO          720    i.USART_ITConfig    stm32f4xx_usart.o
    0x0800818a   0x00000002   PAD
    0x0800818c   0x000000d4   Code   RO          721    i.USART_Init        stm32f4xx_usart.o
    0x08008260   0x0000000a   Code   RO          728    i.USART_ReceiveData  stm32f4xx_usart.o
    0x0800826a   0x00000016   Code   RO         4571    i.USBD_ClrCfg       usbd_core.o
    0x08008280   0x00000048   Code   RO         4730    i.USBD_ClrFeature   usbd_req.o
    0x080082c8   0x0000001e   Code   RO         4674    i.USBD_CtlContinueRx  usbd_ioreq.o
    0x080082e6   0x0000001e   Code   RO         4675    i.USBD_CtlContinueSendData  usbd_ioreq.o
    0x08008304   0x0000001e   Code   RO         4731    i.USBD_CtlError     usbd_req.o
    0x08008322   0x00000024   Code   RO         4677    i.USBD_CtlReceiveStatus  usbd_ioreq.o
    0x08008346   0x0000002e   Code   RO         4678    i.USBD_CtlSendData  usbd_ioreq.o
    0x08008374   0x00000024   Code   RO         4679    i.USBD_CtlSendStatus  usbd_ioreq.o
    0x08008398   0x000000d0   Code   RO         4572    i.USBD_DataInStage  usbd_core.o
    0x08008468   0x00000096   Code   RO         4573    i.USBD_DataOutStage  usbd_core.o
    0x080084fe   0x00000006   Code   RO         4574    i.USBD_DeInit       usbd_core.o
    0x08008504   0x00000054   Code   RO         4732    i.USBD_GetConfig    usbd_req.o
    0x08008558   0x00000122   Code   RO         4733    i.USBD_GetDescriptor  usbd_req.o
    0x0800867a   0x00000014   Code   RO         4734    i.USBD_GetLen       usbd_req.o
    0x0800868e   0x00000014   Code   RO         4680    i.USBD_GetRxCount   usbd_ioreq.o
    0x080086a2   0x00000002   PAD
    0x080086a4   0x00000050   Code   RO         4735    i.USBD_GetStatus    usbd_req.o
    0x080086f4   0x00000052   Code   RO         4736    i.USBD_GetString    usbd_req.o
    0x08008746   0x00000042   Code   RO         4575    i.USBD_Init         usbd_core.o
    0x08008788   0x00000012   Code   RO         4576    i.USBD_IsoINIncomplete  usbd_core.o
    0x0800879a   0x00000012   Code   RO         4577    i.USBD_IsoOUTIncomplete  usbd_core.o
    0x080087ac   0x00000012   Code   RO         4916    i.USBD_MSC_DataIn   usbd_msc_core.o
    0x080087be   0x00000012   Code   RO         4917    i.USBD_MSC_DataOut  usbd_msc_core.o
    0x080087d0   0x00000020   Code   RO         4918    i.USBD_MSC_DeInit   usbd_msc_core.o
    0x080087f0   0x00000010   Code   RO         4919    i.USBD_MSC_GetCfgDesc  usbd_msc_core.o
    0x08008800   0x00000030   Code   RO         4920    i.USBD_MSC_Init     usbd_msc_core.o
    0x08008830   0x00000120   Code   RO         4921    i.USBD_MSC_Setup    usbd_msc_core.o
    0x08008950   0x000000e0   Code   RO         4176    i.USBD_OTG_ISR_Handler  usb_dcd_int.o
    0x08008a30   0x00000048   Code   RO         4737    i.USBD_ParseSetupRequest  usbd_req.o
    0x08008a78   0x00000032   Code   RO         4578    i.USBD_Reset        usbd_core.o
    0x08008aaa   0x0000001e   Code   RO         4579    i.USBD_Resume       usbd_core.o
    0x08008ac8   0x00000014   Code   RO         4580    i.USBD_RunTestMode  usbd_core.o
    0x08008adc   0x0000001a   Code   RO         4581    i.USBD_SOF          usbd_core.o
    0x08008af6   0x0000005c   Code   RO         4738    i.USBD_SetAddress   usbd_req.o
    0x08008b52   0x0000001e   Code   RO         4582    i.USBD_SetCfg       usbd_core.o
    0x08008b70   0x000000d0   Code   RO         4739    i.USBD_SetConfig    usbd_req.o
    0x08008c40   0x000000a4   Code   RO         4740    i.USBD_SetFeature   usbd_req.o
    0x08008ce4   0x00000054   Code   RO         4583    i.USBD_SetupStage   usbd_core.o
    0x08008d38   0x00000072   Code   RO         4741    i.USBD_StdDevReq    usbd_req.o
    0x08008daa   0x00000002   PAD
    0x08008dac   0x0000015c   Code   RO         4742    i.USBD_StdEPReq     usbd_req.o
    0x08008f08   0x0000004c   Code   RO         4743    i.USBD_StdItfReq    usbd_req.o
    0x08008f54   0x00000020   Code   RO         4584    i.USBD_Suspend      usbd_core.o
    0x08008f74   0x00000034   Code   RO         5173    i.USBD_USR_ConfigStrDescriptor  usbd_desc.o
    0x08008fa8   0x00000030   Code   RO         5299    i.USBD_USR_DeviceConfigured  usbd_usr.o
    0x08008fd8   0x00000030   Code   RO         5300    i.USBD_USR_DeviceConnected  usbd_usr.o
    0x08009008   0x00000010   Code   RO         5174    i.USBD_USR_DeviceDescriptor  usbd_desc.o
    0x08009018   0x00000034   Code   RO         5301    i.USBD_USR_DeviceDisconnected  usbd_usr.o
    0x0800904c   0x00000098   Code   RO         5302    i.USBD_USR_DeviceReset  usbd_usr.o
    0x080090e4   0x00000020   Code   RO         5303    i.USBD_USR_DeviceResumed  usbd_usr.o
    0x08009104   0x00000030   Code   RO         5304    i.USBD_USR_DeviceSuspended  usbd_usr.o
    0x08009134   0x00000020   Code   RO         5305    i.USBD_USR_Init     usbd_usr.o
    0x08009154   0x00000038   Code   RO         5175    i.USBD_USR_InterfaceStrDescriptor  usbd_desc.o
    0x0800918c   0x00000010   Code   RO         5176    i.USBD_USR_LangIDStrDescriptor  usbd_desc.o
    0x0800919c   0x0000002c   Code   RO         5177    i.USBD_USR_ManufacturerStrDescriptor  usbd_desc.o
    0x080091c8   0x00000058   Code   RO         5178    i.USBD_USR_ProductStrDescriptor  usbd_desc.o
    0x08009220   0x00000048   Code   RO         5179    i.USBD_USR_SerialStrDescriptor  usbd_desc.o
    0x08009268   0x0000008c   Code   RO         3258    i.USB_Check         main.o
    0x080092f4   0x0000002c   Code   RO         5104    i.USB_OTG_BSP_EnableInterrupt  usb_bsp.o
    0x08009320   0x0000005c   Code   RO         5105    i.USB_OTG_BSP_Init  usb_bsp.o
    0x0800937c   0x00000012   Code   RO         5106    i.USB_OTG_BSP_mDelay  usb_bsp.o
    0x0800938e   0x00000016   Code   RO         5107    i.USB_OTG_BSP_uDelay  usb_bsp.o
    0x080093a4   0x00000126   Code   RO         4249    i.USB_OTG_CoreInit  usb_core.o
    0x080094ca   0x0000020a   Code   RO         4250    i.USB_OTG_CoreInitDev  usb_core.o
    0x080096d4   0x00000070   Code   RO         4251    i.USB_OTG_CoreReset  usb_core.o
    0x08009744   0x00000022   Code   RO         4252    i.USB_OTG_DisableGlobalInt  usb_core.o
    0x08009766   0x0000006a   Code   RO         4253    i.USB_OTG_EP0Activate  usb_core.o
    0x080097d0   0x00000156   Code   RO         4254    i.USB_OTG_EP0StartXfer  usb_core.o
    0x08009926   0x00000062   Code   RO         4255    i.USB_OTG_EP0_OutStart  usb_core.o
    0x08009988   0x00000098   Code   RO         4256    i.USB_OTG_EPActivate  usb_core.o
    0x08009a20   0x00000050   Code   RO         4257    i.USB_OTG_EPClearStall  usb_core.o
    0x08009a70   0x0000005e   Code   RO         4258    i.USB_OTG_EPDeactivate  usb_core.o
    0x08009ace   0x00000064   Code   RO         4259    i.USB_OTG_EPSetStall  usb_core.o
    0x08009b32   0x000001f6   Code   RO         4260    i.USB_OTG_EPStartXfer  usb_core.o
    0x08009d28   0x00000034   Code   RO         4261    i.USB_OTG_EnableCommonInt  usb_core.o
    0x08009d5c   0x0000009a   Code   RO         4262    i.USB_OTG_EnableDevInt  usb_core.o
    0x08009df6   0x00000022   Code   RO         4263    i.USB_OTG_EnableGlobalInt  usb_core.o
    0x08009e18   0x0000004c   Code   RO         4264    i.USB_OTG_FlushRxFifo  usb_core.o
    0x08009e64   0x00000054   Code   RO         4265    i.USB_OTG_FlushTxFifo  usb_core.o
    0x08009eb8   0x00000034   Code   RO         4266    i.USB_OTG_GetDeviceSpeed  usb_core.o
    0x08009eec   0x0000000c   Code   RO         4268    i.USB_OTG_GetMode   usb_core.o
    0x08009ef8   0x00000018   Code   RO         4269    i.USB_OTG_InitDevSpeed  usb_core.o
    0x08009f10   0x00000016   Code   RO         4270    i.USB_OTG_IsDeviceMode  usb_core.o
    0x08009f26   0x00000010   Code   RO         4272    i.USB_OTG_ReadCoreItr  usb_core.o
    0x08009f36   0x00000010   Code   RO         4273    i.USB_OTG_ReadDevAllInEPItr  usb_core.o
    0x08009f46   0x00000010   Code   RO         4274    i.USB_OTG_ReadDevAllOutEp_itr  usb_core.o
    0x08009f56   0x00000014   Code   RO         4275    i.USB_OTG_ReadDevOutEP_itr  usb_core.o
    0x08009f6a   0x00000028   Code   RO         4277    i.USB_OTG_ReadPacket  usb_core.o
    0x08009f92   0x00000002   PAD
    0x08009f94   0x000000d0   Code   RO         4278    i.USB_OTG_SelectCore  usb_core.o
    0x0800a064   0x0000004e   Code   RO         4279    i.USB_OTG_SetCurrentMode  usb_core.o
    0x0800a0b2   0x00000040   Code   RO         4283    i.USB_OTG_WritePacket  usb_core.o
    0x0800a0f2   0x00000002   PAD
    0x0800a0f4   0x000001bc   Code   RO         3259    i.Updata_PC_Route   main.o
    0x0800a2b0   0x00000004   Code   RO         3362    i.UsageFault_Handler  stm32f4xx_it.o
    0x0800a2b4   0x00000030   Code   RO         2753    i.Write_AT24C       eeprom.o
    0x0800a2e4   0x00000028   Code   RO         2754    i.Write_config      eeprom.o
    0x0800a30c   0x00000030   Code   RO         5841    i.__ARM_fpclassify  m_wm.l(fpclassify.o)
    0x0800a33c   0x00000004   PAD
    0x0800a340   0x00000c38   Code   RO         5757    i.__hardfp_pow      m_wm.l(pow.o)
    0x0800af78   0x000000f8   Code   RO         5843    i.__kernel_poly     m_wm.l(poly.o)
    0x0800b070   0x00000030   Code   RO         5821    i.__mathlib_dbl_divzero  m_wm.l(dunder.o)
    0x0800b0a0   0x00000014   Code   RO         5823    i.__mathlib_dbl_infnan2  m_wm.l(dunder.o)
    0x0800b0b4   0x00000004   PAD
    0x0800b0b8   0x00000020   Code   RO         5824    i.__mathlib_dbl_invalid  m_wm.l(dunder.o)
    0x0800b0d8   0x00000020   Code   RO         5825    i.__mathlib_dbl_overflow  m_wm.l(dunder.o)
    0x0800b0f8   0x00000020   Code   RO         5827    i.__mathlib_dbl_underflow  m_wm.l(dunder.o)
    0x0800b118   0x00000090   Code   RO         3631    i.check_fs          ff.o
    0x0800b1a8   0x00000014   Code   RO         3632    i.chk_chr           ff.o
    0x0800b1bc   0x00000032   Code   RO         3633    i.clmt_clust        ff.o
    0x0800b1ee   0x0000001a   Code   RO         3634    i.clust2sect        ff.o
    0x0800b208   0x00000012   Code   RO         3981    i.convert_from_bytes_to_power_of_two  sdio_sdcard.o
    0x0800b21a   0x000000d6   Code   RO         3635    i.create_chain      ff.o
    0x0800b2f0   0x00000118   Code   RO         3636    i.create_name       ff.o
    0x0800b408   0x00000048   Code   RO         2435    i.delay_init        delay.o
    0x0800b450   0x0000003c   Code   RO         2436    i.delay_ms          delay.o
    0x0800b48c   0x0000003c   Code   RO         2437    i.delay_us          delay.o
    0x0800b4c8   0x0000005c   Code   RO         3637    i.dir_alloc         ff.o
    0x0800b524   0x0000005c   Code   RO         3638    i.dir_find          ff.o
    0x0800b580   0x00000110   Code   RO         3639    i.dir_next          ff.o
    0x0800b690   0x0000003a   Code   RO         3641    i.dir_register      ff.o
    0x0800b6ca   0x0000009e   Code   RO         3643    i.dir_sdi           ff.o
    0x0800b768   0x00000028   Code   RO         3583    i.disk_initialize   diskio.o
    0x0800b790   0x00000078   Code   RO         3584    i.disk_ioctl        diskio.o
    0x0800b808   0x00000062   Code   RO         3585    i.disk_read         diskio.o
    0x0800b86a   0x00000006   Code   RO         3586    i.disk_status       diskio.o
    0x0800b870   0x00000078   Code   RO         3587    i.disk_write        diskio.o
    0x0800b8e8   0x00000024   Code   RO         3645    i.f_close           ff.o
    0x0800b90c   0x0000005c   Code   RO         3653    i.f_mount           ff.o
    0x0800b968   0x00000164   Code   RO         3654    i.f_open            ff.o
    0x0800bacc   0x000000b0   Code   RO         3664    i.f_sync            ff.o
    0x0800bb7c   0x000001ea   Code   RO         3668    i.f_write           ff.o
    0x0800bd66   0x00000018   Code   RO         5837    i.fabs              m_wm.l(fabs.o)
    0x0800bd7e   0x00000002   PAD
    0x0800bd80   0x00000388   Code   RO         3669    i.find_volume       ff.o
    0x0800c108   0x00000090   Code   RO         3670    i.follow_path       ff.o
    0x0800c198   0x000000e8   Code   RO         3671    i.get_fat           ff.o
    0x0800c280   0x00000004   Code   RO         3588    i.get_fattime       diskio.o
    0x0800c284   0x0000004a   Code   RO         3673    i.get_ldnumber      ff.o
    0x0800c2ce   0x00000020   Code   RO         3674    i.ld_clust          ff.o
    0x0800c2ee   0x00000002   PAD
    0x0800c2f0   0x00000024   Code   RO         2755    i.load_config       eeprom.o
    0x0800c314   0x0000005c   Code   RO         2756    i.load_define       eeprom.o
    0x0800c370   0x00000258   Code   RO         3260    i.main              main.o
    0x0800c5c8   0x00000026   Code   RO         3675    i.mem_cmp           ff.o
    0x0800c5ee   0x0000001a   Code   RO         3676    i.mem_cpy           ff.o
    0x0800c608   0x00000014   Code   RO         3677    i.mem_set           ff.o
    0x0800c61c   0x00000024   Code   RO         3470    i.mf_close          fat_driver.o
    0x0800c640   0x0000003c   Code   RO         3473    i.mf_open           fat_driver.o
    0x0800c67c   0x00000028   Code   RO         3475    i.mf_write          fat_driver.o
    0x0800c6a4   0x00000032   Code   RO         3678    i.move_window       ff.o
    0x0800c6d6   0x00000002   PAD
    0x0800c6d8   0x00000024   Code   RO         3073    i.mwriteReg         bmi160.o
    0x0800c6fc   0x00000136   Code   RO         3679    i.put_fat           ff.o
    0x0800c832   0x0000006c   Code   RO         3681    i.remove_chain      ff.o
    0x0800c89e   0x0000006e   Code   RO         5773    i.sqrt              m_wm.l(sqrt.o)
    0x0800c90c   0x00000010   Code   RO         3682    i.st_clust          ff.o
    0x0800c91c   0x000000c8   Code   RO         3683    i.sync_fs           ff.o
    0x0800c9e4   0x0000004c   Code   RO         3684    i.sync_window       ff.o
    0x0800ca30   0x0000001c   Code   RO         5306    i.usbd_CloseMassStorage  usbd_usr.o
    0x0800ca4c   0x00000038   Code   RO         5307    i.usbd_OpenMassStorage  usbd_usr.o
    0x0800ca84   0x00000036   Code   RO         3685    i.validate          ff.o
    0x0800caba   0x00000018   Code   RO         5705    x$fpl$basic         fz_wm.l(basic.o)
    0x0800cad2   0x00000002   PAD
    0x0800cad4   0x00000062   Code   RO         5707    x$fpl$d2f           fz_wm.l(d2f.o)
    0x0800cb36   0x00000002   PAD
    0x0800cb38   0x00000150   Code   RO         5709    x$fpl$dadd          fz_wm.l(daddsub_clz.o)
    0x0800cc88   0x00000010   Code   RO         5870    x$fpl$dcheck1       fz_wm.l(dcheck1.o)
    0x0800cc98   0x00000018   Code   RO         5872    x$fpl$dcmpinf       fz_wm.l(dcmpi.o)
    0x0800ccb0   0x000002b0   Code   RO         5716    x$fpl$ddiv          fz_wm.l(ddiv.o)
    0x0800cf60   0x0000002e   Code   RO         5720    x$fpl$dflt          fz_wm.l(dflt_clz.o)
    0x0800cf8e   0x00000002   PAD
    0x0800cf90   0x00000078   Code   RO         5790    x$fpl$dleqf         fz_wm.l(dleqf.o)
    0x0800d008   0x00000154   Code   RO         5725    x$fpl$dmul          fz_wm.l(dmul.o)
    0x0800d15c   0x0000009c   Code   RO         5792    x$fpl$dnaninf       fz_wm.l(dnaninf.o)
    0x0800d1f8   0x0000000c   Code   RO         5794    x$fpl$dretinf       fz_wm.l(dretinf.o)
    0x0800d204   0x0000006c   Code   RO         5796    x$fpl$drleqf        fz_wm.l(drleqf.o)
    0x0800d270   0x00000016   Code   RO         5710    x$fpl$drsb          fz_wm.l(daddsub_clz.o)
    0x0800d286   0x00000002   PAD
    0x0800d288   0x00000198   Code   RO         5798    x$fpl$dsqrt         fz_wm.l(dsqrt_umaal.o)
    0x0800d420   0x000001d4   Code   RO         5711    x$fpl$dsub          fz_wm.l(daddsub_clz.o)
    0x0800d5f4   0x00000056   Code   RO         5727    x$fpl$f2d           fz_wm.l(f2d.o)
    0x0800d64a   0x00000060   Code   RO         5729    x$fpl$ffltll        fz_wm.l(ffltll_clz.o)
    0x0800d6aa   0x0000008c   Code   RO         5800    x$fpl$fnaninf       fz_wm.l(fnaninf.o)
    0x0800d736   0x0000000a   Code   RO         5959    x$fpl$fpinit        fz_wm.l(fpinit.o)
    0x0800d740   0x0000000a   Code   RO         5802    x$fpl$fretinf       fz_wm.l(fretinf.o)
    0x0800d74a   0x00000064   Code   RO         5889    x$fpl$retnan        fz_wm.l(retnan.o)
    0x0800d7ae   0x0000005c   Code   RO         5804    x$fpl$scalbn        fz_wm.l(scalbn.o)
    0x0800d80a   0x00000030   Code   RO         5942    x$fpl$trapveneer    fz_wm.l(trapv.o)
    0x0800d83a   0x00000000   Code   RO         5806    x$fpl$usenofp       fz_wm.l(usenofp.o)
    0x0800d83a   0x00000017   Data   RO         4976    .constdata          usbd_msc_data.o
    0x0800d851   0x00000024   Data   RO         5243    .constdata          usbd_storage_msd.o
    0x0800d875   0x00000003   PAD
    0x0800d878   0x00000088   Data   RO         5760    .constdata          m_wm.l(pow.o)
    0x0800d900   0x00000008   Data   RO         5845    .constdata          m_wm.l(qnan.o)
    0x0800d908   0x00000020   Data   RO         6020    Region$$Table       anon$$obj.o


    Execution Region RW_IRAM1 (Base: 0x20000000, Size: 0x00005d30, Max: 0x00020000, ABSOLUTE, COMPRESSED[0x0000017c])

    Base Addr    Size         Type   Attr      Idx    E Section Name        Object

    0x20000000   0x00000010   Data   RW         1220    .data               stm32f4xx_rcc.o
    0x20000010   0x000000b5   Data   RW         2366    .data               led.o
    0x200000c5   0x00000001   PAD
    0x200000c6   0x00000004   Data   RW         2438    .data               delay.o
    0x200000ca   0x00000002   Data   RW         2492    .data               ioi2c.o
    0x200000cc   0x00000068   Data   RW         2605    .data               ms5611.o
    0x20000134   0x00000001   Data   RW         2716    .data               spi2.o
    0x20000135   0x00000003   PAD
    0x20000138   0x00000060   Data   RW         2825    .data               imu.o
    0x20000198   0x00000008   Data   RW         2910    .data               stm32adc.o
    0x200001a0   0x00000001   Data   RW         2966    .data               spi1.o
    0x200001a1   0x00000003   PAD
    0x200001a4   0x00000038   Data   RW         3075    .data               bmi160.o
    0x200001dc   0x00000030   Data   RW         3181    .data               qmc5883.o
    0x2000020c   0x0000001c   Data   RW         3262    .data               main.o
    0x20000228   0x0000003c   Data   RW         3477    .data               fat_driver.o
    0x20000264   0x00000002   Data   RW         3688    .data               ff.o
    0x20000266   0x00000002   PAD
    0x20000268   0x00000210   Data   RW         3983    .data               sdio_sdcard.o
    0x20000478   0x00000034   Data   RW         4585    .data               usbd_core.o
    0x200004ac   0x0000000d   Data   RW         4745    .data               usbd_req.o
    0x200004b9   0x00000001   PAD
    0x200004ba   0x00000004   Data   RW         4840    .data               usbd_msc_bot.o
    0x200004be   0x00000002   PAD
    0x200004c0   0x0000004e   Data   RW         4922    .data               usbd_msc_core.o
    0x2000050e   0x00000002   PAD
    0x20000510   0x00000018   Data   RW         5013    .data               usbd_msc_scsi.o
    0x20000528   0x0000003c   Data   RW         5180    .data               usbd_desc.o
    0x20000564   0x00000028   Data   RW         5244    .data               usbd_storage_msd.o
    0x2000058c   0x00000020   Data   RW         5309    .data               usbd_usr.o
    0x200005ac   0x0000000a   Data   RW         5395    .data               uart2.o
    0x200005b6   0x00000002   PAD
    0x200005b8   0x0000000c   Data   RW         5524    .data               usart2dmatx.o
    0x200005c4   0x00000006   Data   RW         5577    .data               uart1.o
    0x200005ca   0x00000002   PAD
    0x200005cc   0x0000000c   Data   RW         5659    .data               usart1dmatx.o
    0x200005d8   0x00000084   Zero   RW         2603    .bss                ms5611.o
    0x2000065c   0x00000134   Zero   RW         2758    .bss                eeprom.o
    0x20000790   0x00000014   Zero   RW         2909    .bss                stm32adc.o
    0x200007a4   0x00000078   Zero   RW         3074    .bss                bmi160.o
    0x2000081c   0x00000042   Zero   RW         3180    .bss                qmc5883.o
    0x2000085e   0x00000002   PAD
    0x20000860   0x00001b28   Zero   RW         3476    .bss                fat_driver.o
    0x20002388   0x0000000c   Zero   RW         3686    .bss                ff.o
    0x20002394   0x00000004   PAD
    0x20002398   0x000002c0   Zero   RW         3982    .bss                sdio_sdcard.o
    0x20002658   0x00000040   Zero   RW         4744    .bss                usbd_req.o
    0x20002698   0x00001030   Zero   RW         4839    .bss                usbd_msc_bot.o
    0x200036c8   0x00000020   Zero   RW         5012    .bss                usbd_msc_scsi.o
    0x200036e8   0x000005f4   Zero   RW         5308    .bss                usbd_usr.o
    0x20003cdc   0x00000166   Zero   RW         5394    .bss                uart2.o
    0x20003e42   0x00000002   PAD
    0x20003e44   0x00000c40   Zero   RW         5479    .bss                osqmem.o
    0x20004a84   0x000002f0   Zero   RW         5523    .bss                usart2dmatx.o
    0x20004d74   0x000000c8   Zero   RW         5576    .bss                uart1.o
    0x20004e3c   0x00000890   Zero   RW         5658    .bss                usart1dmatx.o
    0x200056cc   0x00000060   Zero   RW         5875    .bss                c_w.l(libspace.o)
    0x2000572c   0x00000004   PAD
    0x20005730   0x00000200   Zero   RW         1659    HEAP                startup_stm32f401xx.o
    0x20005930   0x00000400   Zero   RW         1658    STACK               startup_stm32f401xx.o


==============================================================================

Image component sizes


      Code (inc. data)   RO Data    RW Data    ZI Data      Debug   Object Name

      1898        284          0         56        120       8502   bmi160.o
       268         26          0          4          0       2266   delay.o
       388         22          0          0          0       4188   diskio.o
       468         60          0          0        308       4886   eeprom.o
      1544        220          0         60       6952      12066   fat_driver.o
      4840         46          0          2         12      24811   ff.o
       304         72          0         96          0       1792   imu.o
       940        100          0          2          0       7648   ioi2c.o
       780        116          0        181          0       4604   led.o
      1236        168          0         28          0      23914   main.o
       140         24          0          0          0       1435   misc.o
      1824        208          0        104        132       9941   ms5611.o
       228          6          0          0       3136       4044   osqmem.o
      1194        166          0         48         66       6636   qmc5883.o
      7518        418          0        528        704      34230   sdio_sdcard.o
       364         22          0          1          0       2899   spi1.o
       264         12          0          1          0        893   spi2.o
        64         26        392          0       1536        816   startup_stm32f401xx.o
       480         54          0          8         20       4026   stm32adc.o
       392         24          0          0          0       5207   stm32f4xx_adc.o
       706         58          0          0          0       6025   stm32f4xx_dma.o
       240          0          0          0          0       3307   stm32f4xx_gpio.o
        26          0          0          0          0       3954   stm32f4xx_it.o
       424         54          0         16          0       6098   stm32f4xx_rcc.o
       208         38          0          0          0       5413   stm32f4xx_sdio.o
        84          0          0          0          0       1629   stm32f4xx_spi.o
         0          0          0          0          0     324076   stm32f4xx_syscfg.o
       694         58          0          0          0       6009   stm32f4xx_tim.o
       692         42          0          0          0       5850   stm32f4xx_usart.o
       344         34          0          0          0       1461   system_stm32f4xx.o
       190         20          0          0          0       2566   time3_driver.o
       840         64          0          6        200       5826   uart1.o
      2280         88          0         10        358       8590   uart2.o
       672         58          0         12       2192       3555   usart1dmatx.o
       672         58          0         12        752       3555   usart2dmatx.o
       176          6          0          0          0       2723   usb_bsp.o
      3404         18          0          0          0      20940   usb_core.o
       736          0          0          0          0       6983   usb_dcd.o
      1930         50          0          0          0       9379   usb_dcd_int.o
        16          6          0          0          0        508   usb_it.o
       760          6          0         52          0      10308   usbd_core.o
       344        168          0         60          0       5836   usbd_desc.o
       198          0          0          0          0       4314   usbd_ioreq.o
       748        124          0          4       4144       8253   usbd_msc_bot.o
       420         18          0         78          0       4989   usbd_msc_core.o
         0          0         23          0          0        781   usbd_msc_data.o
      2044        278          0         24         32      14493   usbd_msc_scsi.o
      1732         54          0         13         64      10379   usbd_req.o
       588        258         36         40          0       6423   usbd_storage_msd.o
       496        316          0         32       1524       5055   usbd_usr.o

    ----------------------------------------------------------------------
     46854       3948        486       1496      22260     664082   Object Totals
         0          0         32          0          0          0   (incl. Generated)
        56          0          3         18          8          0   (incl. Padding)

    ----------------------------------------------------------------------

      Code (inc. data)   RO Data    RW Data    ZI Data      Debug   Library Member Name

        90          0          0          0          0          0   __dczerorl2.o
         8          0          0          0          0         68   __main.o
         0          0          0          0          0          0   __rtentry.o
        12          0          0          0          0          0   __rtentry2.o
         6          0          0          0          0          0   __rtentry4.o
        52          8          0          0          0          0   __scatter.o
        28          0          0          0          0          0   __scatter_zi.o
        22          0          0          0          0        100   _rserrno.o
        12          0          0          0          0         72   exit.o
         6          0          0          0          0        152   heapauxi.o
         0          0          0          0          0          0   indicate_semi.o
         2          0          0          0          0          0   libinit.o
         6          0          0          0          0          0   libinit2.o
         2          0          0          0          0          0   libshutdown.o
         2          0          0          0          0          0   libshutdown2.o
         8          4          0          0         96         68   libspace.o
        72          0          0          0          0         76   llsdiv.o
       238          0          0          0          0        100   lludivv7m.o
         8          4          0          0          0         68   rt_errno_addr_intlibspace.o
       138          0          0          0          0         68   rt_memcpy_v6.o
       100          0          0          0          0         80   rt_memcpy_w.o
         2          0          0          0          0          0   rtexit.o
        10          0          0          0          0          0   rtexit2.o
        12          4          0          0          0         68   sys_exit.o
        74          0          0          0          0         80   sys_stackheap_outer.o
         2          0          0          0          0         68   use_no_semi.o
        24          0          0          0          0        164   basic.o
        98          4          0          0          0        140   d2f.o
       826         16          0          0          0        492   daddsub_clz.o
        16          4          0          0          0        116   dcheck1.o
        24          0          0          0          0        116   dcmpi.o
       688        140          0          0          0        256   ddiv.o
        46          0          0          0          0        116   dflt_clz.o
       120          4          0          0          0        140   dleqf.o
       340         12          0          0          0        152   dmul.o
       156          4          0          0          0        140   dnaninf.o
        12          0          0          0          0        116   dretinf.o
       108          0          0          0          0        128   drleqf.o
       408         56          0          0          0        168   dsqrt_umaal.o
        86          4          0          0          0        132   f2d.o
        96          0          0          0          0        132   ffltll_clz.o
       140          4          0          0          0        132   fnaninf.o
        10          0          0          0          0        116   fpinit.o
        10          0          0          0          0        116   fretinf.o
       100          0          0          0          0        116   retnan.o
        92          0          0          0          0        116   scalbn.o
        48          0          0          0          0        116   trapv.o
         0          0          0          0          0          0   usenofp.o
       164         44          0          0          0        620   dunder.o
        24          0          0          0          0        124   fabs.o
        48          0          0          0          0        124   fpclassify.o
       248          0          0          0          0        152   poly.o
      3128        302        136          0          0        356   pow.o
         0          0          8          0          0          0   qnan.o
       110          0          0          0          0        148   sqrt.o

    ----------------------------------------------------------------------
      8108        614        144          0        100       5812   Library Totals
        26          0          0          0          4          0   (incl. Padding)

    ----------------------------------------------------------------------

      Code (inc. data)   RO Data    RW Data    ZI Data      Debug   Library Name

       912         20          0          0         96       1068   c_w.l
      3448        248          0          0          0       3220   fz_wm.l
      3722        346        144          0          0       1524   m_wm.l

    ----------------------------------------------------------------------
      8108        614        144          0        100       5812   Library Totals

    ----------------------------------------------------------------------

==============================================================================


      Code (inc. data)   RO Data    RW Data    ZI Data      Debug   

     54962       4562        630       1496      22360     627026   Grand Totals
     54962       4562        630        380      22360     627026   ELF Image Totals (compressed)
     54962       4562        630        380          0          0   ROM Totals

==============================================================================

    Total RO  Size (Code + RO Data)                55592 (  54.29kB)
    Total RW  Size (RW Data + ZI Data)             23856 (  23.30kB)
    Total ROM Size (Code + RO Data + RW Data)      55972 (  54.66kB)

==============================================================================

